[0.011s][info][gc,init] CardTable entry size: 512
[0.011s][debug][gc,heap] Minimum heap 8388608  Initial heap 100663296  Maximum heap 1579155456
[0.011s][debug][gc,remset] Card Set container configuration: InlinePtr #cards 5 size 8 Array Of Cards #cards 12 size 40 Howl #buckets 4 coarsen threshold 1843 Howl Bitmap #cards 512 size 80 coarsen threshold 460 Card regions per heap region 1 cards per card region 2048
[0.011s][info ][gc       ] Using G1
[0.011s][debug][gc,heap,coops] Heap address: 0x00000000a1e00000, size: 1506 MB, Compressed Oops mode: 32-bit
[0.012s][debug][gc           ] ConcGCThreads: 2 offset 16
[0.012s][debug][gc           ] ParallelGCThreads: 8
[0.012s][debug][gc           ] Initialize mark stack with 4096 chunks, maximum 524288
[0.031s][debug][gc,ergo,heap ] Expand the heap. requested expansion amount: 100663296B expansion amount: 100663296B
[0.032s][debug][gc,heap,region] Activate regions [0, 96)
[0.032s][debug][gc,ihop       ] Target occupancy update: old: 0B, new: 100663296B
[0.032s][debug][gc,task       ] G1 Service Thread (Periodic GC Task) (register)
[0.032s][debug][gc,task       ] G1 Service Thread (Card Set Free Memory Task) (register)
[0.032s][info ][gc,init       ] Version: 20+36-2344 (release)
[0.032s][info ][gc,init       ] CPUs: 8 total, 8 available
[0.032s][info ][gc,init       ] Memory: 6019M
[0.032s][info ][gc,init       ] Large Page Support: Disabled
[0.032s][info ][gc,init       ] NUMA Support: Disabled
[0.032s][info ][gc,init       ] Compressed Oops: Enabled (32-bit)
[0.032s][info ][gc,init       ] Heap Region Size: 1M
[0.032s][info ][gc,init       ] Heap Min Capacity: 8M
[0.032s][info ][gc,init       ] Heap Initial Capacity: 96M
[0.032s][info ][gc,init       ] Heap Max Capacity: 1506M
[0.032s][info ][gc,init       ] Pre-touch: Disabled
[0.032s][info ][gc,init       ] Parallel Workers: 8
[0.032s][info ][gc,init       ] Concurrent Workers: 2
[0.032s][info ][gc,init       ] Concurrent Refinement Workers: 8
[0.032s][info ][gc,init       ] Periodic GC: Disabled
[0.033s][info ][gc,metaspace  ] CDS archive(s) mapped at: [0x0000000800000000-0x0000000800c60000-0x0000000800c60000), size 12976128, SharedBaseAddress: 0x0000000800000000, ArchiveRelocationMode: 0.
[0.033s][info ][gc,metaspace  ] Compressed class space mapped at: 0x0000000801000000-0x0000000841000000, reserved size: 1073741824
[0.033s][info ][gc,metaspace  ] Narrow klass base: 0x0000000800000000, Narrow klass shift: 0, Narrow klass range: 0x100000000
[0.056s][debug][gc,task,start ] G1 Service Thread (Periodic GC Task) (run 24.399ms after schedule)
[0.056s][debug][gc,task       ] G1 Service Thread (Periodic GC Task) (run: 0.091ms) (cpu: 0.000ms)
[0.056s][debug][gc,task,start ] G1 Service Thread (Card Set Free Memory Task) (run 24.514ms after schedule)
[0.056s][debug][gc,task       ] G1 Service Thread (Card Set Free Memory Task) (run: 0.049ms) (cpu: 0.000ms)
[0.286s][info ][gc,start      ] GC(0) Pause Young (Normal) (G1 Evacuation Pause)
[0.286s][debug][gc,heap       ] GC(0) Heap before GC invocations=0 (full 0):
[0.286s][debug][gc,heap       ] GC(0)  garbage-first heap   total 98304K, used 26624K [0x00000000a1e00000, 0x0000000100000000)
[0.286s][debug][gc,heap       ] GC(0)   region size 1024K, 23 young (23552K), 0 survivors (0K)
[0.286s][debug][gc,heap       ] GC(0)  Metaspace       used 922K, committed 1152K, reserved 1114112K
[0.286s][debug][gc,heap       ] GC(0)   class space    used 82K, committed 192K, reserved 1048576K
[0.286s][info ][gc,task       ] GC(0) Using 2 workers of 8 for evacuation
[0.286s][debug][gc,age        ] GC(0) Desired survivor size 1572864 bytes, new threshold 15 (max threshold 15)
[0.286s][debug][gc,tlab       ] GC(0) TLAB totals: thrds: 5  refills: 88 max: 83 slow allocs: 5 max 5 waste:  6.6% gc: 1528152B max: 482120B slow: 49848B max: 49264B
[0.286s][debug][gc,refine,stats] GC(0) Mutator refinement: 0.00ms, refined: 0, precleaned: 0, dirtied: 5418
[0.286s][debug][gc,refine,stats] GC(0) Concurrent refinement: 0.00ms, refined: 0, precleaned: 0, dirtied: 0
[0.286s][debug][gc,refine,stats] GC(0) Total refinement: 0.00ms, refined: 0, precleaned: 0, dirtied: 5418
[0.286s][debug][gc,refine,stats] GC(0) Generate dirty cards rate: 19.70 cards/ms
[0.286s][debug][gc,alloc,region] GC(0) Mutator Allocation stats, regions: 23, wasted size: 0B ( 0.0%)
[0.286s][debug][gc,humongous   ] GC(0) Humongous region 0 (object size 640280 @ 0x00000000a1e00000) remset 0 code roots 0 marked 0 reclaim candidate 0 type array 0
[0.286s][debug][gc,humongous   ] GC(0) Humongous region 1 (object size 960408 @ 0x00000000a1f00000) remset 0 code roots 0 marked 0 reclaim candidate 0 type array 0
[0.286s][debug][gc,humongous   ] GC(0) Humongous region 2 (object size 1440600 @ 0x00000000a2000000) remset 0 code roots 0 marked 0 reclaim candidate 0 type array 0
[0.287s][debug][gc,ergo        ] GC(0) Running G1 Merge Heap Roots using 2 workers for 23 regions
[0.287s][debug][gc,remset      ] GC(0) Visited cards 5472 Total dirty 8192 (66.80%) Total old 102400 (5.34%)
[0.320s][debug][gc,ref         ] GC(0) ReferenceProcessor::execute queues: 1, RefProcThreadModel::Single, marks_oops_alive: false
[0.320s][debug][gc,ref         ] GC(0) Skipped KeepAliveFinalRefsPhase of Reference Processing: no references
[0.320s][debug][gc,ref         ] GC(0) Skipped PhantomRefsPhase of Reference Processing: no references
[0.321s][debug][gc,ergo        ] GC(0) Running G1 Rebuild Free List Task using 2 workers for rebuilding free list of regions
[0.321s][debug][gc,plab        ] GC(0) Young PLAB allocation: allocated: 3129328B, wasted: 2336B, unused: 0B, used: 3126992B, undo waste: 0B, 
[0.321s][debug][gc,plab        ] GC(0) Young other allocation: region end waste: 0B, regions filled: 3, num plab filled: 22, direct allocated: 16400B, num direct allocated: 1, failure used: 0B, failure wasted: 0B
[0.321s][debug][gc,plab        ] GC(0) Young sizing: calculated: 625392B, actual: 625392B
[0.321s][debug][gc,plab        ] GC(0) Old PLAB allocation: allocated: 17825792B, wasted: 2584B, unused: 628832B, used: 17194376B, undo waste: 0B, 
[0.321s][debug][gc,plab        ] GC(0) Old other allocation: region end waste: 0B, regions filled: 17, num plab filled: 83, direct allocated: 0B, num direct allocated: 0, failure used: 0B, failure wasted: 0B
[0.321s][debug][gc,plab        ] GC(0) Old sizing: calculated: 3438872B, actual: 3438872B
[0.321s][debug][gc,ergo,heap   ] GC(0) Heap expansion: short term pause time ratio 0.00% long term pause time ratio 0.00% threshold 1.00% pause time ratio 7.69% fully expanded false resize by 0B
[0.321s][debug][gc,mmu         ] GC(0) MMU: 35.0ms (200.0ms/201.0ms)
[0.321s][debug][gc,task,start  ] G1 Service Thread (Card Set Free Memory Task) (run 0.044ms after schedule)
[0.321s][debug][gc,alloc,stats ] Old generation allocation in the last mutator period, old gen allocated: 17825792B, humongous allocated: 4194304B, old gen growth: 22020096B.
[0.321s][debug][gc,ihop        ] GC(0) Basic information (value update), threshold: 45298483B (45.00), target occupancy: 100663296B, current occupancy: 25165824B, recent allocation size: 22020096B, recent allocation duration: 275.00ms, recent old gen allocation rate: 80073716.95B/s, recent marking phase length: 0.00ms
[0.321s][debug][gc,ihop        ] GC(0) Adaptive IHOP information (value update), threshold: 45298483B (47.37), internal target occupancy: 95630131B, occupancy: 25165824B, additional buffer size: 11534336B, predicted old gen allocation rate: 160147433.91B/s, predicted marking phase length: 0.00ms, prediction active: false
[0.321s][debug][gc,ergo,refine ] GC(0) GC refinement: goal: 18446744073709551615 + 84 / 20.00ms, actual: 5418 / 2.80ms, HCC: 0 / 0.00ms
[0.321s][debug][gc,ergo,refine ] GC(0) New pending cards target: 38555
[0.321s][info ][gc,phases      ] GC(0)   Pre Evacuate Collection Set: 0.5ms
[0.321s][debug][gc,phases      ] GC(0)     Prepare TLABs: 0.0ms
[0.321s][debug][gc,phases      ] GC(0)     Concatenate Dirty Card Logs: 0.2ms
[0.321s][debug][gc,phases      ] GC(0)     Choose Collection Set: 0.0ms
[0.321s][debug][gc,phases      ] GC(0)     Region Register: 0.3ms
[0.321s][debug][gc,phases      ] GC(0)     Prepare Heap Roots: 0.0ms
[0.321s][info ][gc,phases      ] GC(0)   Merge Heap Roots: 0.4ms
[0.321s][debug][gc,phases      ] GC(0)     Prepare Merge Heap Roots: 0.0ms
[0.321s][debug][gc,phases      ] GC(0)     Remembered Sets (ms):          Min:  0.0, Avg:  0.0, Max:  0.0, Diff:  0.0, Sum:  0.0, Workers: 2
[0.322s][debug][gc,phases      ] GC(0)       Eager Reclaim (ms):            skipped
[0.322s][debug][gc,phases      ] GC(0)       Merged Inline                  Min: 0, Avg:  0.0, Max: 0, Diff: 0, Sum: 0, Workers: 2
[0.322s][debug][gc,phases      ] GC(0)       Merged ArrayOfCards            Min: 0, Avg:  0.0, Max: 0, Diff: 0, Sum: 0, Workers: 2
[0.322s][debug][gc,phases      ] GC(0)       Merged Howl                    Min: 0, Avg:  0.0, Max: 0, Diff: 0, Sum: 0, Workers: 2
[0.322s][debug][gc,phases      ] GC(0)       Merged Full                    Min: 0, Avg:  0.0, Max: 0, Diff: 0, Sum: 0, Workers: 2
[0.322s][debug][gc,phases      ] GC(0)       Merged Howl Inline             Min: 0, Avg:  0.0, Max: 0, Diff: 0, Sum: 0, Workers: 2
[0.322s][debug][gc,phases      ] GC(0)       Merged Howl ArrayOfCards       Min: 0, Avg:  0.0, Max: 0, Diff: 0, Sum: 0, Workers: 2
[0.322s][debug][gc,phases      ] GC(0)       Merged Howl BitMap             Min: 0, Avg:  0.0, Max: 0, Diff: 0, Sum: 0, Workers: 2
[0.322s][debug][gc,phases      ] GC(0)       Merged Howl Full               Min: 0, Avg:  0.0, Max: 0, Diff: 0, Sum: 0, Workers: 2
[0.322s][debug][gc,phases      ] GC(0)       Merged Cards                   Min: 8, Avg:  8.0, Max: 8, Diff: 0, Sum: 16, Workers: 2
[0.322s][debug][gc,phases      ] GC(0)     Hot Card Cache (ms):           Min:  0.0, Avg:  0.0, Max:  0.0, Diff:  0.0, Sum:  0.0, Workers: 2
[0.322s][debug][gc,phases      ] GC(0)       Dirty Cards:                   Min: 0, Avg:  0.0, Max: 0, Diff: 0, Sum: 0, Workers: 2
[0.322s][debug][gc,phases      ] GC(0)       Skipped Cards:                 Min: 0, Avg:  0.0, Max: 0, Diff: 0, Sum: 0, Workers: 2
[0.322s][debug][gc,phases      ] GC(0)     Log Buffers (ms):              Min:  0.0, Avg:  0.0, Max:  0.0, Diff:  0.0, Sum:  0.1, Workers: 2
[0.322s][debug][gc,phases      ] GC(0)       Dirty Cards:                   Min: 1280, Avg: 2709.0, Max: 4138, Diff: 2858, Sum: 5418, Workers: 2
[0.322s][debug][gc,phases      ] GC(0)       Skipped Cards:                 Min: 0, Avg:  0.0, Max: 0, Diff: 0, Sum: 0, Workers: 2
[0.322s][info ][gc,phases      ] GC(0)   Evacuate Collection Set: 32.9ms
[0.322s][debug][gc,phases      ] GC(0)     Ext Root Scanning (ms):        Min:  0.2, Avg:  0.4, Max:  0.5, Diff:  0.3, Sum:  0.7, Workers: 2
[0.322s][debug][gc,phases      ] GC(0)     Scan Heap Roots (ms):          Min:  2.1, Avg:  2.8, Max:  3.4, Diff:  1.3, Sum:  5.5, Workers: 2
[0.322s][debug][gc,phases      ] GC(0)       Scanned Cards:                 Min: 2099, Avg: 2709.0, Max: 3319, Diff: 1220, Sum: 5418, Workers: 2
[0.322s][debug][gc,phases      ] GC(0)       Scanned Blocks:                Min: 66, Avg: 85.5, Max: 105, Diff: 39, Sum: 171, Workers: 2
[0.322s][debug][gc,phases      ] GC(0)       Claimed Chunks:                Min: 66, Avg: 85.5, Max: 105, Diff: 39, Sum: 171, Workers: 2
[0.322s][debug][gc,phases      ] GC(0)       Found Roots:                   Min: 268620, Avg: 346679.0, Max: 424738, Diff: 156118, Sum: 693358, Workers: 2
[0.322s][debug][gc,phases      ] GC(0)     Code Root Scan (ms):           Min:  0.0, Avg:  0.1, Max:  0.2, Diff:  0.2, Sum:  0.2, Workers: 2
[0.322s][debug][gc,phases      ] GC(0)     Object Copy (ms):              Min: 28.7, Avg: 29.6, Max: 30.4, Diff:  1.8, Sum: 59.1, Workers: 2
[0.322s][debug][gc,phases      ] GC(0)     Termination (ms):              Min:  0.0, Avg:  0.0, Max:  0.0, Diff:  0.0, Sum:  0.0, Workers: 2
[0.322s][debug][gc,phases      ] GC(0)       Termination Attempts:          Min: 1, Avg:  1.0, Max: 1, Diff: 0, Sum: 2, Workers: 2
[0.322s][debug][gc,phases      ] GC(0)     GC Worker Other (ms):          Min:  0.0, Avg:  0.0, Max:  0.0, Diff:  0.0, Sum:  0.0, Workers: 2
[0.322s][debug][gc,phases      ] GC(0)     GC Worker Total (ms):          Min: 32.8, Avg: 32.8, Max: 32.8, Diff:  0.0, Sum: 65.6, Workers: 2
[0.322s][info ][gc,phases      ] GC(0)   Post Evacuate Collection Set: 0.9ms
[0.322s][debug][gc,phases      ] GC(0)     NMethod List Cleanup: 0.0ms
[0.322s][debug][gc,phases      ] GC(0)     Reference Processing: 0.2ms
[0.322s][debug][gc,phases,ref  ] GC(0)       Notify Soft/WeakReferences: 0.1ms
[0.322s][debug][gc,phases,ref  ] GC(0)         SoftRef (ms):                  Min:  0.0, Avg:  0.0, Max:  0.0, Diff:  0.0, Sum:  0.0, Workers: 1
[0.322s][debug][gc,phases,ref  ] GC(0)         WeakRef (ms):                  Min:  0.0, Avg:  0.0, Max:  0.0, Diff:  0.0, Sum:  0.0, Workers: 1
[0.322s][debug][gc,phases,ref  ] GC(0)         FinalRef (ms):                 Min:  0.0, Avg:  0.0, Max:  0.0, Diff:  0.0, Sum:  0.0, Workers: 1
[0.322s][debug][gc,phases,ref  ] GC(0)         Total (ms):                    Min:  0.0, Avg:  0.0, Max:  0.0, Diff:  0.0, Sum:  0.0, Workers: 1
[0.322s][debug][gc,phases,ref  ] GC(0)       Notify and keep alive finalizable: 0.0ms
[0.322s][debug][gc,phases,ref  ] GC(0)         FinalRef (ms):                 skipped
[0.322s][debug][gc,phases,ref  ] GC(0)       Notify PhantomReferences: 0.0ms
[0.322s][debug][gc,phases,ref  ] GC(0)         PhantomRef (ms):               skipped
[0.323s][debug][gc,phases,ref  ] GC(0)       SoftReference Discovered: 0, Dropped: 0, Processed: 0
[0.323s][debug][gc,phases,ref  ] GC(0)       WeakReference Discovered: 322, Dropped: 230, Processed: 92
[0.323s][debug][gc,phases,ref  ] GC(0)       FinalReference Discovered: 0, Dropped: 0, Processed: 0
[0.323s][debug][gc,phases,ref  ] GC(0)       PhantomReference Discovered: 0, Dropped: 0, Processed: 0
[0.323s][debug][gc,phases      ] GC(0)     Weak Processing: 0.4ms
[0.323s][debug][gc,phases      ] GC(0)       VM Weak                        Min:  0.0, Avg:  0.0, Max:  0.0, Diff:  0.0, Sum:  0.0, Workers: 5
[0.323s][debug][gc,phases      ] GC(0)         Dead                           Min: 0, Avg:  0.0, Max: 0, Diff: 0, Sum: 0, Workers: 5
[0.323s][debug][gc,phases      ] GC(0)         Total                          Min: 0, Avg:  6.4, Max: 32, Diff: 32, Sum: 32, Workers: 5
[0.323s][debug][gc,phases      ] GC(0)       ObjectSynchronizer Weak        Min:  0.0, Avg:  0.0, Max:  0.0, Diff:  0.0, Sum:  0.0, Workers: 5
[0.323s][debug][gc,phases      ] GC(0)         Dead                           Min: 0, Avg:  0.0, Max: 0, Diff: 0, Sum: 0, Workers: 5
[0.323s][debug][gc,phases      ] GC(0)         Total                          Min: 0, Avg:  0.4, Max: 2, Diff: 2, Sum: 2, Workers: 5
[0.323s][debug][gc,phases      ] GC(0)       JVMTI Tag Weak OopStorage      Min:  0.0, Avg:  0.0, Max:  0.0, Diff:  0.0, Sum:  0.0, Workers: 5
[0.323s][debug][gc,phases      ] GC(0)         Dead                           Min: 0, Avg:  0.0, Max: 0, Diff: 0, Sum: 0, Workers: 5
[0.323s][debug][gc,phases      ] GC(0)         Total                          Min: 0, Avg:  0.0, Max: 0, Diff: 0, Sum: 0, Workers: 5
[0.323s][debug][gc,phases      ] GC(0)       StringTable Weak               Min:  0.0, Avg:  0.0, Max:  0.1, Diff:  0.1, Sum:  0.2, Workers: 5
[0.323s][debug][gc,phases      ] GC(0)         Dead                           Min: 0, Avg:  1.2, Max: 4, Diff: 4, Sum: 6, Workers: 5
[0.323s][debug][gc,phases      ] GC(0)         Total                          Min: 0, Avg: 904.8, Max: 2796, Diff: 2796, Sum: 4524, Workers: 5
[0.323s][debug][gc,phases      ] GC(0)       ResolvedMethodTable Weak       Min:  0.0, Avg:  0.0, Max:  0.0, Diff:  0.0, Sum:  0.0, Workers: 5
[0.323s][debug][gc,phases      ] GC(0)         Dead                           Min: 0, Avg:  6.2, Max: 22, Diff: 22, Sum: 31, Workers: 5
[0.323s][debug][gc,phases      ] GC(0)         Total                          Min: 0, Avg: 58.0, Max: 162, Diff: 162, Sum: 290, Workers: 5
[0.323s][debug][gc,phases      ] GC(0)       JNI Weak                       Min:  0.0, Avg:  0.0, Max:  0.0, Diff:  0.0, Sum:  0.0, Workers: 5
[0.323s][debug][gc,phases      ] GC(0)         Dead                           Min: 0, Avg:  0.0, Max: 0, Diff: 0, Sum: 0, Workers: 5
[0.323s][debug][gc,phases      ] GC(0)         Total                          Min: 0, Avg:  0.0, Max: 0, Diff: 0, Sum: 0, Workers: 5
[0.323s][debug][gc,phases      ] GC(0)       StringDedup Table Weak         Min:  0.0, Avg:  0.0, Max:  0.0, Diff:  0.0, Sum:  0.0, Workers: 5
[0.323s][debug][gc,phases      ] GC(0)         Dead                           Min: 0, Avg:  0.0, Max: 0, Diff: 0, Sum: 0, Workers: 5
[0.323s][debug][gc,phases      ] GC(0)         Total                          Min: 0, Avg:  0.0, Max: 0, Diff: 0, Sum: 0, Workers: 5
[0.323s][debug][gc,phases      ] GC(0)       StringDedup Requests0 Weak     Min:  0.0, Avg:  0.0, Max:  0.0, Diff:  0.0, Sum:  0.0, Workers: 5
[0.323s][debug][gc,phases      ] GC(0)         Dead                           Min: 0, Avg:  0.0, Max: 0, Diff: 0, Sum: 0, Workers: 5
[0.323s][debug][gc,phases      ] GC(0)         Total                          Min: 0, Avg:  0.0, Max: 0, Diff: 0, Sum: 0, Workers: 5
[0.323s][debug][gc,phases      ] GC(0)       StringDedup Requests1 Weak     Min:  0.0, Avg:  0.0, Max:  0.0, Diff:  0.0, Sum:  0.0, Workers: 5
[0.323s][debug][gc,phases      ] GC(0)         Dead                           Min: 0, Avg:  0.0, Max: 0, Diff: 0, Sum: 0, Workers: 5
[0.323s][debug][gc,phases      ] GC(0)         Total                          Min: 0, Avg:  0.0, Max: 0, Diff: 0, Sum: 0, Workers: 5
[0.323s][debug][gc,phases      ] GC(0)       Weak JFR Old Object Samples    Min:  0.0, Avg:  0.0, Max:  0.0, Diff:  0.0, Sum:  0.0, Workers: 5
[0.323s][debug][gc,phases      ] GC(0)         Dead                           Min: 0, Avg:  0.0, Max: 0, Diff: 0, Sum: 0, Workers: 5
[0.323s][debug][gc,phases      ] GC(0)         Total                          Min: 0, Avg:  0.0, Max: 0, Diff: 0, Sum: 0, Workers: 5
[0.323s][debug][gc,phases      ] GC(0)     Post Evacuate Cleanup 1: 0.1ms
[0.323s][debug][gc,phases      ] GC(0)       Merge Per-Thread State (ms):   Min:  0.0, Avg:  0.0, Max:  0.0, Diff:  0.0, Sum:  0.0, Workers: 1
[0.323s][debug][gc,phases      ] GC(0)         Copied Bytes                   Min: 8422072, Avg: 10168884.0, Max: 11915696, Diff: 3493624, Sum: 20337768, Workers: 2
[0.323s][debug][gc,phases      ] GC(0)         LAB Waste                      Min: 1752, Avg: 2460.0, Max: 3168, Diff: 1416, Sum: 4920, Workers: 2
[0.323s][debug][gc,phases      ] GC(0)         LAB Undo Waste                 Min: 0, Avg:  0.0, Max: 0, Diff: 0, Sum: 0, Workers: 2
[0.323s][debug][gc,phases      ] GC(0)       Clear Logged Cards (ms):       Min:  0.0, Avg:  0.0, Max:  0.0, Diff:  0.0, Sum:  0.0, Workers: 2
[0.323s][debug][gc,phases      ] GC(0)       Recalculate Used Memory (ms):  Min:  0.0, Avg:  0.0, Max:  0.0, Diff:  0.0, Sum:  0.0, Workers: 1
[0.323s][debug][gc,phases      ] GC(0)     Post Evacuate Cleanup 2: 0.1ms
[0.323s][debug][gc,phases      ] GC(0)       Reset Hot Card Cache (ms):     Min:  0.0, Avg:  0.0, Max:  0.0, Diff:  0.0, Sum:  0.0, Workers: 1
[0.323s][debug][gc,phases      ] GC(0)       Purge Code Roots (ms):         Min:  0.0, Avg:  0.0, Max:  0.0, Diff:  0.0, Sum:  0.0, Workers: 1
[0.324s][debug][gc,phases      ] GC(0)       Update Derived Pointers (ms):  Min:  0.0, Avg:  0.0, Max:  0.0, Diff:  0.0, Sum:  0.0, Workers: 1
[0.324s][debug][gc,phases      ] GC(0)       Eagerly Reclaim Humongous Objects (ms): skipped
[0.324s][debug][gc,phases      ] GC(0)         Humongous Total                skipped
[0.324s][debug][gc,phases      ] GC(0)         Humongous Candidates           skipped
[0.324s][debug][gc,phases      ] GC(0)         Humongous Reclaimed            skipped
[0.324s][debug][gc,phases      ] GC(0)       Redirty Logged Cards (ms):     Min:  0.0, Avg:  0.0, Max:  0.0, Diff:  0.0, Sum:  0.0, Workers: 2
[0.324s][debug][gc,phases      ] GC(0)         Redirtied Cards:               Min: 0, Avg: 342.5, Max: 685, Diff: 685, Sum: 685, Workers: 2
[0.324s][debug][gc,phases      ] GC(0)       Free Collection Set (ms):      Min:  0.0, Avg:  0.0, Max:  0.0, Diff:  0.0, Sum:  0.1, Workers: 2
[0.324s][debug][gc,phases      ] GC(0)     Rebuild Free List: 0.1ms
[0.324s][debug][gc,phases      ] GC(0)     Start New Collection Set: 0.0ms
[0.324s][debug][gc,phases      ] GC(0)     Resize TLABs: 0.2ms
[0.324s][debug][gc,phases      ] GC(0)     Expand Heap After Collection: 0.0ms
[0.324s][info ][gc,phases      ] GC(0)   Other: 0.7ms
[0.324s][debug][gc,remset      ] GC(0) Coarsening (recent): Inline->AoC 0 (0) AoC->Howl 0 (0) Howl->Full 0 (0) Inline->AoC 0 (0) AoC->BitMap 0 (0) BitMap->Full 0 (0) 
[0.324s][debug][gc,remset      ] GC(0) Coarsening (all): Inline->AoC 0 (0) AoC->Howl 0 (0) Howl->Full 0 (0) Inline->AoC 0 (0) AoC->BitMap 0 (0) BitMap->Full 0 (0) 
[0.324s][info ][gc,heap        ] GC(0) Eden regions: 23->0(8)
[0.324s][info ][gc,heap        ] GC(0) Survivor regions: 0->3(3)
[0.324s][info ][gc,heap        ] GC(0) Old regions: 0->17
[0.324s][info ][gc,heap        ] GC(0) Archive regions: 0->0
[0.324s][info ][gc,heap        ] GC(0) Humongous regions: 4->4
[0.324s][info ][gc,metaspace   ] GC(0) Metaspace: 922K(1152K)->922K(1152K) NonClass: 840K(960K)->840K(960K) Class: 82K(192K)->82K(192K)
[0.324s][debug][gc,heap        ] GC(0) Heap after GC invocations=1 (full 0):
[0.324s][debug][gc,heap        ] GC(0)  garbage-first heap   total 98304K, used 24576K [0x00000000a1e00000, 0x0000000100000000)
[0.324s][debug][gc,heap        ] GC(0)   region size 1024K, 3 young (3072K), 3 survivors (3072K)
[0.324s][debug][gc,heap        ] GC(0)  Metaspace       used 922K, committed 1152K, reserved 1114112K
[0.324s][debug][gc,heap        ] GC(0)   class space    used 82K, committed 192K, reserved 1048576K
[0.324s][info ][gc             ] GC(0) Pause Young (Normal) (G1 Evacuation Pause) 27M->24M(96M) 38.528ms
[0.324s][info ][gc,cpu         ] GC(0) User=0.09s Sys=0.00s Real=0.04s
[0.324s][debug][gc,task        ] G1 Service Thread (Card Set Free Memory Task) (run: 3.197ms) (cpu: 0.000ms)
[0.324s][debug][gc,refine      ] Concurrent refinement: wanted 0, cards: 685, predicted: 685, time: 0.00ms
[0.334s][info ][gc,start       ] GC(1) Pause Young (Normal) (G1 Evacuation Pause)
[0.335s][debug][gc,heap        ] GC(1) Heap before GC invocations=1 (full 0):
[0.335s][debug][gc,heap        ] GC(1)  garbage-first heap   total 98304K, used 40960K [0x00000000a1e00000, 0x0000000100000000)
[0.335s][debug][gc,heap        ] GC(1)   region size 1024K, 16 young (16384K), 3 survivors (3072K)
[0.335s][debug][gc,heap        ] GC(1)  Metaspace       used 922K, committed 1152K, reserved 1114112K
[0.335s][debug][gc,heap        ] GC(1)   class space    used 82K, committed 192K, reserved 1048576K
[0.335s][info ][gc,task        ] GC(1) Using 2 workers of 8 for evacuation
[0.335s][debug][gc,age         ] GC(1) Desired survivor size 1048576 bytes, new threshold 1 (max threshold 15)
[0.335s][debug][gc,tlab        ] GC(1) TLAB totals: thrds: 1  refills: 52 max: 52 slow allocs: 1 max 1 waste:  0.2% gc: 0B max: 0B slow: 30360B max: 30360B
[0.335s][debug][gc,refine,stats] GC(1) Mutator refinement: 0.00ms, refined: 0, precleaned: 0, dirtied: 4475
[0.335s][debug][gc,refine,stats] GC(1) Concurrent refinement: 0.00ms, refined: 0, precleaned: 0, dirtied: 0
[0.335s][debug][gc,refine,stats] GC(1) Total refinement: 0.00ms, refined: 0, precleaned: 0, dirtied: 4475
[0.335s][debug][gc,refine,stats] GC(1) Generate dirty cards rate: 326.65 cards/ms
[0.335s][debug][gc,alloc,region] GC(1) Mutator Allocation stats, regions: 13, wasted size: 0B ( 0.0%)
[0.335s][debug][gc,humongous   ] GC(1) Humongous region 0 (object size 640280 @ 0x00000000a1e00000) remset 0 code roots 0 marked 0 reclaim candidate 0 type array 0
[0.335s][debug][gc,humongous   ] GC(1) Humongous region 1 (object size 960408 @ 0x00000000a1f00000) remset 0 code roots 0 marked 0 reclaim candidate 0 type array 0
[0.335s][debug][gc,humongous   ] GC(1) Humongous region 2 (object size 1440600 @ 0x00000000a2000000) remset 0 code roots 0 marked 0 reclaim candidate 0 type array 0
[0.335s][debug][gc,humongous   ] GC(1) Humongous region 21 (object size 2160888 @ 0x00000000a3300000) remset 0 code roots 0 marked 0 reclaim candidate 0 type array 0
[0.335s][debug][gc,ergo        ] GC(1) Running G1 Merge Heap Roots using 2 workers for 16 regions
[0.336s][debug][gc,remset      ] GC(1) Visited cards 5472 Total dirty 14336 (38.17%) Total old 114688 (4.77%)
[0.355s][debug][gc,ref         ] GC(1) Skipped SoftWeakFinalRefsPhase of Reference Processing: no references
[0.355s][debug][gc,ref         ] GC(1) Skipped KeepAliveFinalRefsPhase of Reference Processing: no references
[0.355s][debug][gc,ref         ] GC(1) Skipped PhantomRefsPhase of Reference Processing: no references
[0.355s][debug][gc,ergo        ] GC(1) Running G1 Rebuild Free List Task using 2 workers for rebuilding free list of regions
[0.355s][debug][gc,plab        ] GC(1) Young PLAB allocation: allocated: 2097152B, wasted: 192B, unused: 0B, used: 2096960B, undo waste: 0B, 
[0.356s][debug][gc,plab        ] GC(1) Young other allocation: region end waste: 0B, regions filled: 2, num plab filled: 10, direct allocated: 0B, num direct allocated: 0, failure used: 0B, failure wasted: 0B
[0.356s][debug][gc,plab        ] GC(1) Young sizing: calculated: 419392B, actual: 470888B
[0.356s][debug][gc,plab        ] GC(1) Old PLAB allocation: allocated: 15204352B, wasted: 888B, unused: 555904B, used: 14647560B, undo waste: 0B, 
[0.356s][debug][gc,plab        ] GC(1) Old other allocation: region end waste: 0B, regions filled: 15, num plab filled: 29, direct allocated: 0B, num direct allocated: 0, failure used: 0B, failure wasted: 0B
[0.356s][debug][gc,plab        ] GC(1) Old sizing: calculated: 2929512B, actual: 3056848B
[0.356s][debug][gc,ergo,heap   ] GC(1) Heap expansion: short term pause time ratio 11.29% long term pause time ratio 11.29% threshold 1.00% pause time ratio 7.69% fully expanded false resize by 0B
[0.356s][debug][gc,mmu         ] GC(1) MMU: 56.0ms (200.0ms/201.0ms)
[0.356s][debug][gc,task,start  ] G1 Service Thread (Card Set Free Memory Task) (run 0.051ms after schedule)
[0.356s][debug][gc,alloc,stats ] Old generation allocation in the last mutator period, old gen allocated: 15204352B, humongous allocated: 3145728B, old gen growth: 18350080B.
[0.356s][debug][gc,ihop        ] GC(1) Basic information (value update), threshold: 45298483B (45.00), target occupancy: 100663296B, current occupancy: 42467328B, recent allocation size: 18350080B, recent allocation duration: 13.70ms, recent old gen allocation rate: 1339451228.86B/s, recent marking phase length: 0.00ms
[0.356s][debug][gc,ihop        ] GC(1) Adaptive IHOP information (value update), threshold: 45298483B (47.37), internal target occupancy: 95630131B, occupancy: 42467328B, additional buffer size: 18874368B, predicted old gen allocation rate: 280280075.20B/s, predicted marking phase length: 0.00ms, prediction active: false
[0.356s][debug][gc,ergo,refine ] GC(1) GC refinement: goal: 38555 + 116 / 20.00ms, actual: 5160 / 2.97ms, HCC: 0 / 0.00ms
[0.356s][debug][gc,ergo,refine ] GC(1) New pending cards target: 36601
[0.356s][info ][gc,phases      ] GC(1)   Pre Evacuate Collection Set: 0.6ms
[0.356s][debug][gc,phases      ] GC(1)     Prepare TLABs: 0.0ms
[0.356s][debug][gc,phases      ] GC(1)     Concatenate Dirty Card Logs: 0.1ms
[0.356s][debug][gc,phases      ] GC(1)     Choose Collection Set: 0.0ms
[0.356s][debug][gc,phases      ] GC(1)     Region Register: 0.4ms
[0.356s][debug][gc,phases      ] GC(1)     Prepare Heap Roots: 0.0ms
[0.356s][info ][gc,phases      ] GC(1)   Merge Heap Roots: 0.3ms
[0.356s][debug][gc,phases      ] GC(1)     Prepare Merge Heap Roots: 0.0ms
[0.356s][debug][gc,phases      ] GC(1)     Remembered Sets (ms):          Min:  0.0, Avg:  0.0, Max:  0.0, Diff:  0.0, Sum:  0.0, Workers: 2
[0.356s][debug][gc,phases      ] GC(1)       Eager Reclaim (ms):            skipped
[0.356s][debug][gc,phases      ] GC(1)       Merged Inline                  Min: 0, Avg:  0.0, Max: 0, Diff: 0, Sum: 0, Workers: 2
[0.356s][debug][gc,phases      ] GC(1)       Merged ArrayOfCards            Min: 0, Avg:  0.0, Max: 0, Diff: 0, Sum: 0, Workers: 2
[0.356s][debug][gc,phases      ] GC(1)       Merged Howl                    Min: 0, Avg:  0.0, Max: 0, Diff: 0, Sum: 0, Workers: 2
[0.356s][debug][gc,phases      ] GC(1)       Merged Full                    Min: 0, Avg:  0.0, Max: 0, Diff: 0, Sum: 0, Workers: 2
[0.356s][debug][gc,phases      ] GC(1)       Merged Howl Inline             Min: 0, Avg:  0.0, Max: 0, Diff: 0, Sum: 0, Workers: 2
[0.356s][debug][gc,phases      ] GC(1)       Merged Howl ArrayOfCards       Min: 0, Avg:  0.0, Max: 0, Diff: 0, Sum: 0, Workers: 2
[0.356s][debug][gc,phases      ] GC(1)       Merged Howl BitMap             Min: 0, Avg:  0.0, Max: 0, Diff: 0, Sum: 0, Workers: 2
[0.356s][debug][gc,phases      ] GC(1)       Merged Howl Full               Min: 0, Avg:  0.0, Max: 0, Diff: 0, Sum: 0, Workers: 2
[0.356s][debug][gc,phases      ] GC(1)       Merged Cards                   Min: 8, Avg:  8.0, Max: 8, Diff: 0, Sum: 16, Workers: 2
[0.356s][debug][gc,phases      ] GC(1)     Hot Card Cache (ms):           Min:  0.0, Avg:  0.0, Max:  0.0, Diff:  0.0, Sum:  0.0, Workers: 2
[0.356s][debug][gc,phases      ] GC(1)       Dirty Cards:                   Min: 0, Avg:  0.0, Max: 0, Diff: 0, Sum: 0, Workers: 2
[0.356s][debug][gc,phases      ] GC(1)       Skipped Cards:                 Min: 0, Avg:  0.0, Max: 0, Diff: 0, Sum: 0, Workers: 2
[0.357s][debug][gc,phases      ] GC(1)     Log Buffers (ms):              Min:  0.0, Avg:  0.0, Max:  0.0, Diff:  0.0, Sum:  0.1, Workers: 2
[0.357s][debug][gc,phases      ] GC(1)       Dirty Cards:                   Min: 2534, Avg: 2580.0, Max: 2626, Diff: 92, Sum: 5160, Workers: 2
[0.357s][debug][gc,phases      ] GC(1)       Skipped Cards:                 Min: 0, Avg:  0.0, Max: 0, Diff: 0, Sum: 0, Workers: 2
[0.357s][info ][gc,phases      ] GC(1)   Evacuate Collection Set: 19.1ms
[0.357s][debug][gc,phases      ] GC(1)     Ext Root Scanning (ms):        Min:  0.1, Avg:  0.2, Max:  0.4, Diff:  0.3, Sum:  0.5, Workers: 2
[0.357s][debug][gc,phases      ] GC(1)     Scan Heap Roots (ms):          Min:  2.8, Avg:  2.9, Max:  3.1, Diff:  0.3, Sum:  5.9, Workers: 2
[0.357s][debug][gc,phases      ] GC(1)       Scanned Cards:                 Min: 2470, Avg: 2576.0, Max: 2682, Diff: 212, Sum: 5152, Workers: 2
[0.357s][debug][gc,phases      ] GC(1)       Scanned Blocks:                Min: 80, Avg: 85.5, Max: 91, Diff: 11, Sum: 171, Workers: 2
[0.357s][debug][gc,phases      ] GC(1)       Claimed Chunks:                Min: 80, Avg: 85.5, Max: 91, Diff: 11, Sum: 171, Workers: 2
[0.357s][debug][gc,phases      ] GC(1)       Found Roots:                   Min: 181555, Avg: 189396.5, Max: 197238, Diff: 15683, Sum: 378793, Workers: 2
[0.357s][debug][gc,phases      ] GC(1)     Code Root Scan (ms):           Min:  0.1, Avg:  0.1, Max:  0.1, Diff:  0.1, Sum:  0.2, Workers: 2
[0.357s][debug][gc,phases      ] GC(1)     Object Copy (ms):              Min: 15.7, Avg: 15.7, Max: 15.7, Diff:  0.0, Sum: 31.4, Workers: 2
[0.357s][debug][gc,phases      ] GC(1)     Termination (ms):              Min:  0.0, Avg:  0.0, Max:  0.0, Diff:  0.0, Sum:  0.0, Workers: 2
[0.357s][debug][gc,phases      ] GC(1)       Termination Attempts:          Min: 1, Avg:  1.5, Max: 2, Diff: 1, Sum: 3, Workers: 2
[0.357s][debug][gc,phases      ] GC(1)     GC Worker Other (ms):          Min:  0.0, Avg:  0.0, Max:  0.0, Diff:  0.0, Sum:  0.0, Workers: 2
[0.357s][debug][gc,phases      ] GC(1)     GC Worker Total (ms):          Min: 19.0, Avg: 19.0, Max: 19.0, Diff:  0.0, Sum: 38.0, Workers: 2
[0.357s][info ][gc,phases      ] GC(1)   Post Evacuate Collection Set: 0.7ms
[0.357s][debug][gc,phases      ] GC(1)     NMethod List Cleanup: 0.0ms
[0.357s][debug][gc,phases      ] GC(1)     Reference Processing: 0.2ms
[0.357s][debug][gc,phases,ref  ] GC(1)       Notify Soft/WeakReferences: 0.1ms
[0.357s][debug][gc,phases,ref  ] GC(1)         SoftRef (ms):                  skipped
[0.357s][debug][gc,phases,ref  ] GC(1)         WeakRef (ms):                  skipped
[0.357s][debug][gc,phases,ref  ] GC(1)         FinalRef (ms):                 skipped
[0.357s][debug][gc,phases,ref  ] GC(1)         Total (ms):                    skipped
[0.357s][debug][gc,phases,ref  ] GC(1)       Notify and keep alive finalizable: 0.0ms
[0.357s][debug][gc,phases,ref  ] GC(1)         FinalRef (ms):                 skipped
[0.357s][debug][gc,phases,ref  ] GC(1)       Notify PhantomReferences: 0.0ms
[0.357s][debug][gc,phases,ref  ] GC(1)         PhantomRef (ms):               skipped
[0.357s][debug][gc,phases,ref  ] GC(1)       SoftReference Discovered: 0, Dropped: 0, Processed: 0
[0.357s][debug][gc,phases,ref  ] GC(1)       WeakReference Discovered: 0, Dropped: 0, Processed: 0
[0.357s][debug][gc,phases,ref  ] GC(1)       FinalReference Discovered: 0, Dropped: 0, Processed: 0
[0.357s][debug][gc,phases,ref  ] GC(1)       PhantomReference Discovered: 0, Dropped: 0, Processed: 0
[0.357s][debug][gc,phases      ] GC(1)     Weak Processing: 0.1ms
[0.357s][debug][gc,phases      ] GC(1)       VM Weak                        Min:  0.0, Avg:  0.0, Max:  0.0, Diff:  0.0, Sum:  0.0, Workers: 5
[0.357s][debug][gc,phases      ] GC(1)         Dead                           Min: 0, Avg:  0.0, Max: 0, Diff: 0, Sum: 0, Workers: 5
[0.357s][debug][gc,phases      ] GC(1)         Total                          Min: 0, Avg:  6.4, Max: 32, Diff: 32, Sum: 32, Workers: 5
[0.357s][debug][gc,phases      ] GC(1)       ObjectSynchronizer Weak        Min:  0.0, Avg:  0.0, Max:  0.0, Diff:  0.0, Sum:  0.0, Workers: 5
[0.357s][debug][gc,phases      ] GC(1)         Dead                           Min: 0, Avg:  0.0, Max: 0, Diff: 0, Sum: 0, Workers: 5
[0.357s][debug][gc,phases      ] GC(1)         Total                          Min: 0, Avg:  0.4, Max: 2, Diff: 2, Sum: 2, Workers: 5
[0.357s][debug][gc,phases      ] GC(1)       JVMTI Tag Weak OopStorage      Min:  0.0, Avg:  0.0, Max:  0.0, Diff:  0.0, Sum:  0.0, Workers: 5
[0.357s][debug][gc,phases      ] GC(1)         Dead                           Min: 0, Avg:  0.0, Max: 0, Diff: 0, Sum: 0, Workers: 5
[0.358s][debug][gc,phases      ] GC(1)         Total                          Min: 0, Avg:  0.0, Max: 0, Diff: 0, Sum: 0, Workers: 5
[0.358s][debug][gc,phases      ] GC(1)       StringTable Weak               Min:  0.0, Avg:  0.1, Max:  0.1, Diff:  0.0, Sum:  0.3, Workers: 5
[0.358s][debug][gc,phases      ] GC(1)         Dead                           Min: 0, Avg:  0.0, Max: 0, Diff: 0, Sum: 0, Workers: 5
[0.358s][debug][gc,phases      ] GC(1)         Total                          Min: 620, Avg: 904.8, Max: 1088, Diff: 468, Sum: 4524, Workers: 5
[0.358s][debug][gc,phases      ] GC(1)       ResolvedMethodTable Weak       Min:  0.0, Avg:  0.0, Max:  0.0, Diff:  0.0, Sum:  0.0, Workers: 5
[0.358s][debug][gc,phases      ] GC(1)         Dead                           Min: 0, Avg:  0.0, Max: 0, Diff: 0, Sum: 0, Workers: 5
[0.358s][debug][gc,phases      ] GC(1)         Total                          Min: 34, Avg: 58.0, Max: 64, Diff: 30, Sum: 290, Workers: 5
[0.358s][debug][gc,phases      ] GC(1)       JNI Weak                       Min:  0.0, Avg:  0.0, Max:  0.0, Diff:  0.0, Sum:  0.0, Workers: 5
[0.358s][debug][gc,phases      ] GC(1)         Dead                           Min: 0, Avg:  0.0, Max: 0, Diff: 0, Sum: 0, Workers: 5
[0.358s][debug][gc,phases      ] GC(1)         Total                          Min: 0, Avg:  0.0, Max: 0, Diff: 0, Sum: 0, Workers: 5
[0.358s][debug][gc,phases      ] GC(1)       StringDedup Table Weak         Min:  0.0, Avg:  0.0, Max:  0.0, Diff:  0.0, Sum:  0.0, Workers: 5
[0.358s][debug][gc,phases      ] GC(1)         Dead                           Min: 0, Avg:  0.0, Max: 0, Diff: 0, Sum: 0, Workers: 5
[0.358s][debug][gc,phases      ] GC(1)         Total                          Min: 0, Avg:  0.0, Max: 0, Diff: 0, Sum: 0, Workers: 5
[0.358s][debug][gc,phases      ] GC(1)       StringDedup Requests0 Weak     Min:  0.0, Avg:  0.0, Max:  0.0, Diff:  0.0, Sum:  0.0, Workers: 5
[0.358s][debug][gc,phases      ] GC(1)         Dead                           Min: 0, Avg:  0.0, Max: 0, Diff: 0, Sum: 0, Workers: 5
[0.358s][debug][gc,phases      ] GC(1)         Total                          Min: 0, Avg:  0.0, Max: 0, Diff: 0, Sum: 0, Workers: 5
[0.358s][debug][gc,phases      ] GC(1)       StringDedup Requests1 Weak     Min:  0.0, Avg:  0.0, Max:  0.0, Diff:  0.0, Sum:  0.0, Workers: 5
[0.358s][debug][gc,phases      ] GC(1)         Dead                           Min: 0, Avg:  0.0, Max: 0, Diff: 0, Sum: 0, Workers: 5
[0.358s][debug][gc,phases      ] GC(1)         Total                          Min: 0, Avg:  0.0, Max: 0, Diff: 0, Sum: 0, Workers: 5
[0.358s][debug][gc,phases      ] GC(1)       Weak JFR Old Object Samples    Min:  0.0, Avg:  0.0, Max:  0.0, Diff:  0.0, Sum:  0.0, Workers: 5
[0.358s][debug][gc,phases      ] GC(1)         Dead                           Min: 0, Avg:  0.0, Max: 0, Diff: 0, Sum: 0, Workers: 5
[0.358s][debug][gc,phases      ] GC(1)         Total                          Min: 0, Avg:  0.0, Max: 0, Diff: 0, Sum: 0, Workers: 5
[0.358s][debug][gc,phases      ] GC(1)     Post Evacuate Cleanup 1: 0.1ms
[0.358s][debug][gc,phases      ] GC(1)       Merge Per-Thread State (ms):   Min:  0.0, Avg:  0.0, Max:  0.0, Diff:  0.0, Sum:  0.0, Workers: 1
[0.358s][debug][gc,phases      ] GC(1)         Copied Bytes                   Min: 8148984, Avg: 8372260.0, Max: 8595536, Diff: 446552, Sum: 16744520, Workers: 2
[0.358s][debug][gc,phases      ] GC(1)         LAB Waste                      Min: 520, Avg: 540.0, Max: 560, Diff: 40, Sum: 1080, Workers: 2
[0.358s][debug][gc,phases      ] GC(1)         LAB Undo Waste                 Min: 0, Avg:  0.0, Max: 0, Diff: 0, Sum: 0, Workers: 2
[0.358s][debug][gc,phases      ] GC(1)       Clear Logged Cards (ms):       Min:  0.0, Avg:  0.0, Max:  0.0, Diff:  0.0, Sum:  0.0, Workers: 2
[0.358s][debug][gc,phases      ] GC(1)       Recalculate Used Memory (ms):  Min:  0.0, Avg:  0.0, Max:  0.0, Diff:  0.0, Sum:  0.0, Workers: 1
[0.358s][debug][gc,phases      ] GC(1)     Post Evacuate Cleanup 2: 0.1ms
[0.358s][debug][gc,phases      ] GC(1)       Reset Hot Card Cache (ms):     Min:  0.0, Avg:  0.0, Max:  0.0, Diff:  0.0, Sum:  0.0, Workers: 1
[0.358s][debug][gc,phases      ] GC(1)       Purge Code Roots (ms):         Min:  0.0, Avg:  0.0, Max:  0.0, Diff:  0.0, Sum:  0.0, Workers: 1
[0.358s][debug][gc,phases      ] GC(1)       Update Derived Pointers (ms):  Min:  0.0, Avg:  0.0, Max:  0.0, Diff:  0.0, Sum:  0.0, Workers: 1
[0.358s][debug][gc,phases      ] GC(1)       Eagerly Reclaim Humongous Objects (ms): skipped
[0.358s][debug][gc,phases      ] GC(1)         Humongous Total                skipped
[0.358s][debug][gc,phases      ] GC(1)         Humongous Candidates           skipped
[0.358s][debug][gc,phases      ] GC(1)         Humongous Reclaimed            skipped
[0.358s][debug][gc,phases      ] GC(1)       Redirty Logged Cards (ms):     Min:  0.0, Avg:  0.0, Max:  0.0, Diff:  0.0, Sum:  0.0, Workers: 2
[0.358s][debug][gc,phases      ] GC(1)         Redirtied Cards:               Min: 0, Avg: 257.5, Max: 515, Diff: 515, Sum: 515, Workers: 2
[0.358s][debug][gc,phases      ] GC(1)       Free Collection Set (ms):      Min:  0.0, Avg:  0.0, Max:  0.0, Diff:  0.0, Sum:  0.0, Workers: 2
[0.358s][debug][gc,phases      ] GC(1)     Rebuild Free List: 0.2ms
[0.358s][debug][gc,phases      ] GC(1)     Start New Collection Set: 0.0ms
[0.358s][debug][gc,phases      ] GC(1)     Resize TLABs: 0.1ms
[0.358s][debug][gc,phases      ] GC(1)     Expand Heap After Collection: 0.0ms
[0.358s][info ][gc,phases      ] GC(1)   Other: 0.6ms
[0.358s][debug][gc,remset      ] GC(1) Coarsening (recent): Inline->AoC 0 (0) AoC->Howl 0 (0) Howl->Full 0 (0) Inline->AoC 0 (0) AoC->BitMap 0 (0) BitMap->Full 0 (0) 
[0.359s][debug][gc,remset      ] GC(1) Coarsening (all): Inline->AoC 0 (0) AoC->Howl 0 (0) Howl->Full 0 (0) Inline->AoC 0 (0) AoC->BitMap 0 (0) BitMap->Full 0 (0) 
[0.359s][info ][gc,heap        ] GC(1) Eden regions: 13->0(16)
[0.359s][info ][gc,heap        ] GC(1) Survivor regions: 3->2(2)
[0.359s][info ][gc,heap        ] GC(1) Old regions: 17->32
[0.359s][info ][gc,heap        ] GC(1) Archive regions: 0->0
[0.359s][info ][gc,heap        ] GC(1) Humongous regions: 7->7
[0.359s][info ][gc,metaspace   ] GC(1) Metaspace: 922K(1152K)->922K(1152K) NonClass: 840K(960K)->840K(960K) Class: 82K(192K)->82K(192K)
[0.359s][debug][gc,heap        ] GC(1) Heap after GC invocations=2 (full 0):
[0.359s][debug][gc,heap        ] GC(1)  garbage-first heap   total 98304K, used 41472K [0x00000000a1e00000, 0x0000000100000000)
[0.359s][debug][gc,heap        ] GC(1)   region size 1024K, 2 young (2048K), 2 survivors (2048K)
[0.359s][debug][gc,heap        ] GC(1)  Metaspace       used 922K, committed 1152K, reserved 1114112K
[0.359s][debug][gc,heap        ] GC(1)   class space    used 82K, committed 192K, reserved 1048576K
[0.359s][info ][gc             ] GC(1) Pause Young (Normal) (G1 Evacuation Pause) 40M->40M(96M) 24.337ms
[0.359s][info ][gc,cpu         ] GC(1) User=0.03s Sys=0.00s Real=0.02s
[0.359s][debug][gc,refine      ] Concurrent refinement: wanted 0, cards: 515, predicted: 515, time: 0.00ms
[0.359s][debug][gc,task        ] G1 Service Thread (Card Set Free Memory Task) (run: 3.244ms) (cpu: 0.000ms)
[0.371s][info ][gc,start       ] GC(2) Pause Young (Normal) (G1 Evacuation Pause)
[0.371s][debug][gc,heap        ] GC(2) Heap before GC invocations=2 (full 0):
[0.371s][debug][gc,heap        ] GC(2)  garbage-first heap   total 98304K, used 61952K [0x00000000a1e00000, 0x0000000100000000)
[0.371s][debug][gc,heap        ] GC(2)   region size 1024K, 18 young (18432K), 2 survivors (2048K)
[0.371s][debug][gc,heap        ] GC(2)  Metaspace       used 922K, committed 1152K, reserved 1114112K
[0.371s][debug][gc,heap        ] GC(2)   class space    used 82K, committed 192K, reserved 1048576K
[0.371s][info ][gc,task        ] GC(2) Using 2 workers of 8 for evacuation
[0.371s][debug][gc,age         ] GC(2) Desired survivor size 1572864 bytes, new threshold 1 (max threshold 15)
[0.371s][debug][gc,tlab        ] GC(2) TLAB totals: thrds: 1  refills: 80 max: 80 slow allocs: 1 max 1 waste:  0.3% gc: 0B max: 0B slow: 47104B max: 47104B
[0.371s][debug][gc,refine,stats] GC(2) Mutator refinement: 0.00ms, refined: 0, precleaned: 0, dirtied: 6265
[0.371s][debug][gc,refine,stats] GC(2) Concurrent refinement: 0.00ms, refined: 0, precleaned: 0, dirtied: 0
[0.371s][debug][gc,refine,stats] GC(2) Total refinement: 0.00ms, refined: 0, precleaned: 0, dirtied: 6265
[0.371s][debug][gc,refine,stats] GC(2) Generate dirty cards rate: 411.22 cards/ms
[0.371s][debug][gc,alloc,region] GC(2) Mutator Allocation stats, regions: 16, wasted size: 0B ( 0.0%)
[0.371s][debug][gc,humongous   ] GC(2) Humongous region 0 (object size 640280 @ 0x00000000a1e00000) remset 0 code roots 0 marked 0 reclaim candidate 0 type array 0
[0.371s][debug][gc,humongous   ] GC(2) Humongous region 1 (object size 960408 @ 0x00000000a1f00000) remset 0 code roots 0 marked 0 reclaim candidate 0 type array 0
[0.371s][debug][gc,humongous   ] GC(2) Humongous region 2 (object size 1440600 @ 0x00000000a2000000) remset 0 code roots 0 marked 0 reclaim candidate 0 type array 0
[0.371s][debug][gc,humongous   ] GC(2) Humongous region 21 (object size 2160888 @ 0x00000000a3300000) remset 0 code roots 0 marked 0 reclaim candidate 0 type array 0
[0.371s][debug][gc,humongous   ] GC(2) Humongous region 39 (object size 3241320 @ 0x00000000a4500000) remset 0 code roots 0 marked 0 reclaim candidate 0 type array 0
[0.372s][debug][gc,ergo        ] GC(2) Running G1 Merge Heap Roots using 2 workers for 18 regions
[0.372s][debug][gc,remset      ] GC(2) Visited cards 6912 Total dirty 14336 (48.21%) Total old 161792 (4.27%)
[0.393s][debug][gc,ref         ] GC(2) Skipped SoftWeakFinalRefsPhase of Reference Processing: no references
[0.393s][debug][gc,ref         ] GC(2) Skipped KeepAliveFinalRefsPhase of Reference Processing: no references
[0.393s][debug][gc,ref         ] GC(2) Skipped PhantomRefsPhase of Reference Processing: no references
[0.394s][debug][gc,ergo        ] GC(2) Running G1 Rebuild Free List Task using 2 workers for rebuilding free list of regions
[0.394s][debug][gc,plab        ] GC(2) Young PLAB allocation: allocated: 3145728B, wasted: 552B, unused: 0B, used: 3145176B, undo waste: 0B, 
[0.394s][debug][gc,plab        ] GC(2) Young other allocation: region end waste: 0B, regions filled: 3, num plab filled: 17, direct allocated: 0B, num direct allocated: 0, failure used: 0B, failure wasted: 0B
[0.394s][debug][gc,plab        ] GC(2) Young sizing: calculated: 629032B, actual: 589496B
[0.394s][debug][gc,plab        ] GC(2) Old PLAB allocation: allocated: 15728640B, wasted: 896B, unused: 45848B, used: 15681896B, undo waste: 0B, 
[0.394s][debug][gc,plab        ] GC(2) Old other allocation: region end waste: 0B, regions filled: 16, num plab filled: 30, direct allocated: 0B, num direct allocated: 0, failure used: 0B, failure wasted: 0B
[0.394s][debug][gc,plab        ] GC(2) Old sizing: calculated: 3136376B, actual: 3116488B
[0.394s][debug][gc,ergo,heap   ] GC(2) Heap expansion: short term pause time ratio 60.47% long term pause time ratio 6.08% threshold 1.00% pause time ratio 7.69% fully expanded false resize by 0B
[0.394s][debug][gc,ergo,ihop   ] GC(2) Request concurrent cycle initiation (occupancy higher than threshold) occupancy: 60817408B allocation request: 0B threshold: 45298483B (45.00) source: end of GC
[0.394s][debug][gc,task,start  ] G1 Service Thread (Card Set Free Memory Task) (run 0.047ms after schedule)
[0.394s][debug][gc,mmu         ] GC(2) MMU: 79.2ms (200.0ms/201.0ms)
[0.394s][debug][gc,alloc,stats ] Old generation allocation in the last mutator period, old gen allocated: 15728640B, humongous allocated: 4194304B, old gen growth: 19922944B.
[0.394s][debug][gc,ihop        ] GC(2) Basic information (value update), threshold: 45298483B (45.00), target occupancy: 100663296B, current occupancy: 63438848B, recent allocation size: 19922944B, recent allocation duration: 15.24ms, recent old gen allocation rate: 1307691661.42B/s, recent marking phase length: 0.00ms
[0.394s][debug][gc,ihop        ] GC(2) Adaptive IHOP information (value update), threshold: 45298483B (47.37), internal target occupancy: 95630131B, occupancy: 63438848B, additional buffer size: 13631488B, predicted old gen allocation rate: 385665281.16B/s, predicted marking phase length: 0.00ms, prediction active: false
[0.394s][debug][gc,ergo,refine ] GC(2) GC refinement: goal: 36601 + 124 / 20.00ms, actual: 6780 / 4.03ms, HCC: 0 / 0.00ms
[0.394s][debug][gc,ergo,refine ] GC(2) New pending cards target: 35069
[0.394s][info ][gc,phases      ] GC(2)   Pre Evacuate Collection Set: 0.6ms
[0.394s][debug][gc,phases      ] GC(2)     Prepare TLABs: 0.0ms
[0.395s][debug][gc,phases      ] GC(2)     Concatenate Dirty Card Logs: 0.1ms
[0.395s][debug][gc,phases      ] GC(2)     Choose Collection Set: 0.0ms
[0.395s][debug][gc,phases      ] GC(2)     Region Register: 0.5ms
[0.395s][debug][gc,phases      ] GC(2)     Prepare Heap Roots: 0.0ms
[0.395s][info ][gc,phases      ] GC(2)   Merge Heap Roots: 0.3ms
[0.395s][debug][gc,phases      ] GC(2)     Prepare Merge Heap Roots: 0.0ms
[0.395s][debug][gc,phases      ] GC(2)     Remembered Sets (ms):          Min:  0.0, Avg:  0.0, Max:  0.0, Diff:  0.0, Sum:  0.0, Workers: 2
[0.395s][debug][gc,phases      ] GC(2)       Eager Reclaim (ms):            skipped
[0.395s][debug][gc,phases      ] GC(2)       Merged Inline                  Min: 0, Avg:  0.0, Max: 0, Diff: 0, Sum: 0, Workers: 2
[0.395s][debug][gc,phases      ] GC(2)       Merged ArrayOfCards            Min: 0, Avg:  0.0, Max: 0, Diff: 0, Sum: 0, Workers: 2
[0.395s][debug][gc,phases      ] GC(2)       Merged Howl                    Min: 0, Avg:  0.0, Max: 0, Diff: 0, Sum: 0, Workers: 2
[0.395s][debug][gc,phases      ] GC(2)       Merged Full                    Min: 0, Avg:  0.0, Max: 0, Diff: 0, Sum: 0, Workers: 2
[0.395s][debug][gc,phases      ] GC(2)       Merged Howl Inline             Min: 0, Avg:  0.0, Max: 0, Diff: 0, Sum: 0, Workers: 2
[0.395s][debug][gc,phases      ] GC(2)       Merged Howl ArrayOfCards       Min: 0, Avg:  0.0, Max: 0, Diff: 0, Sum: 0, Workers: 2
[0.395s][debug][gc,phases      ] GC(2)       Merged Howl BitMap             Min: 0, Avg:  0.0, Max: 0, Diff: 0, Sum: 0, Workers: 2
[0.395s][debug][gc,phases      ] GC(2)       Merged Howl Full               Min: 0, Avg:  0.0, Max: 0, Diff: 0, Sum: 0, Workers: 2
[0.395s][debug][gc,phases      ] GC(2)       Merged Cards                   Min: 8, Avg:  8.0, Max: 8, Diff: 0, Sum: 16, Workers: 2
[0.395s][debug][gc,phases      ] GC(2)     Hot Card Cache (ms):           Min:  0.0, Avg:  0.0, Max:  0.0, Diff:  0.0, Sum:  0.0, Workers: 2
[0.395s][debug][gc,phases      ] GC(2)       Dirty Cards:                   Min: 0, Avg:  0.0, Max: 0, Diff: 0, Sum: 0, Workers: 2
[0.395s][debug][gc,phases      ] GC(2)       Skipped Cards:                 Min: 0, Avg:  0.0, Max: 0, Diff: 0, Sum: 0, Workers: 2
[0.395s][debug][gc,phases      ] GC(2)     Log Buffers (ms):              Min:  0.0, Avg:  0.0, Max:  0.1, Diff:  0.0, Sum:  0.1, Workers: 2
[0.395s][debug][gc,phases      ] GC(2)       Dirty Cards:                   Min: 3331, Avg: 3390.0, Max: 3449, Diff: 118, Sum: 6780, Workers: 2
[0.395s][debug][gc,phases      ] GC(2)       Skipped Cards:                 Min: 0, Avg:  0.0, Max: 0, Diff: 0, Sum: 0, Workers: 2
[0.395s][info ][gc,phases      ] GC(2)   Evacuate Collection Set: 21.4ms
[0.395s][debug][gc,phases      ] GC(2)     Ext Root Scanning (ms):        Min:  0.0, Avg:  0.0, Max:  0.0, Diff:  0.0, Sum:  0.1, Workers: 2
[0.395s][debug][gc,phases      ] GC(2)     Scan Heap Roots (ms):          Min:  2.0, Avg:  4.0, Max:  5.9, Diff:  3.9, Sum:  8.0, Workers: 2
[0.395s][debug][gc,phases      ] GC(2)       Scanned Cards:                 Min: 1919, Avg: 3390.0, Max: 4861, Diff: 2942, Sum: 6780, Workers: 2
[0.395s][debug][gc,phases      ] GC(2)       Scanned Blocks:                Min: 64, Avg: 108.0, Max: 152, Diff: 88, Sum: 216, Workers: 2
[0.395s][debug][gc,phases      ] GC(2)       Claimed Chunks:                Min: 64, Avg: 108.0, Max: 152, Diff: 88, Sum: 216, Workers: 2
[0.395s][debug][gc,phases      ] GC(2)       Found Roots:                   Min: 181957, Avg: 197103.5, Max: 212250, Diff: 30293, Sum: 394207, Workers: 2
[0.395s][debug][gc,phases      ] GC(2)     Code Root Scan (ms):           Min:  0.0, Avg:  0.0, Max:  0.0, Diff:  0.0, Sum:  0.0, Workers: 2
[0.395s][debug][gc,phases      ] GC(2)     Object Copy (ms):              Min: 15.3, Avg: 17.3, Max: 19.2, Diff:  3.9, Sum: 34.5, Workers: 2
[0.395s][debug][gc,phases      ] GC(2)     Termination (ms):              Min:  0.0, Avg:  0.0, Max:  0.0, Diff:  0.0, Sum:  0.0, Workers: 2
[0.395s][debug][gc,phases      ] GC(2)       Termination Attempts:          Min: 1, Avg:  1.0, Max: 1, Diff: 0, Sum: 2, Workers: 2
[0.395s][debug][gc,phases      ] GC(2)     GC Worker Other (ms):          Min:  0.0, Avg:  0.0, Max:  0.0, Diff:  0.0, Sum:  0.1, Workers: 2
[0.395s][debug][gc,phases      ] GC(2)     GC Worker Total (ms):          Min: 21.3, Avg: 21.3, Max: 21.3, Diff:  0.0, Sum: 42.6, Workers: 2
[0.395s][info ][gc,phases      ] GC(2)   Post Evacuate Collection Set: 0.6ms
[0.395s][debug][gc,phases      ] GC(2)     NMethod List Cleanup: 0.0ms
[0.395s][debug][gc,phases      ] GC(2)     Reference Processing: 0.1ms
[0.395s][debug][gc,phases,ref  ] GC(2)       Notify Soft/WeakReferences: 0.1ms
[0.395s][debug][gc,phases,ref  ] GC(2)         SoftRef (ms):                  skipped
[0.395s][debug][gc,phases,ref  ] GC(2)         WeakRef (ms):                  skipped
[0.395s][debug][gc,phases,ref  ] GC(2)         FinalRef (ms):                 skipped
[0.395s][debug][gc,phases,ref  ] GC(2)         Total (ms):                    skipped
[0.395s][debug][gc,phases,ref  ] GC(2)       Notify and keep alive finalizable: 0.0ms
[0.395s][debug][gc,phases,ref  ] GC(2)         FinalRef (ms):                 skipped
[0.396s][debug][gc,phases,ref  ] GC(2)       Notify PhantomReferences: 0.0ms
[0.396s][debug][gc,phases,ref  ] GC(2)         PhantomRef (ms):               skipped
[0.396s][debug][gc,phases,ref  ] GC(2)       SoftReference Discovered: 0, Dropped: 0, Processed: 0
[0.396s][debug][gc,phases,ref  ] GC(2)       WeakReference Discovered: 0, Dropped: 0, Processed: 0
[0.396s][debug][gc,phases,ref  ] GC(2)       FinalReference Discovered: 0, Dropped: 0, Processed: 0
[0.396s][debug][gc,phases,ref  ] GC(2)       PhantomReference Discovered: 0, Dropped: 0, Processed: 0
[0.396s][debug][gc,phases      ] GC(2)     Weak Processing: 0.1ms
[0.396s][debug][gc,phases      ] GC(2)       VM Weak                        Min:  0.0, Avg:  0.0, Max:  0.0, Diff:  0.0, Sum:  0.0, Workers: 5
[0.396s][debug][gc,phases      ] GC(2)         Dead                           Min: 0, Avg:  0.0, Max: 0, Diff: 0, Sum: 0, Workers: 5
[0.396s][debug][gc,phases      ] GC(2)         Total                          Min: 0, Avg:  6.4, Max: 32, Diff: 32, Sum: 32, Workers: 5
[0.396s][debug][gc,phases      ] GC(2)       ObjectSynchronizer Weak        Min:  0.0, Avg:  0.0, Max:  0.0, Diff:  0.0, Sum:  0.0, Workers: 5
[0.396s][debug][gc,phases      ] GC(2)         Dead                           Min: 0, Avg:  0.0, Max: 0, Diff: 0, Sum: 0, Workers: 5
[0.396s][debug][gc,phases      ] GC(2)         Total                          Min: 0, Avg:  0.4, Max: 2, Diff: 2, Sum: 2, Workers: 5
[0.396s][debug][gc,phases      ] GC(2)       JVMTI Tag Weak OopStorage      Min:  0.0, Avg:  0.0, Max:  0.0, Diff:  0.0, Sum:  0.0, Workers: 5
[0.396s][debug][gc,phases      ] GC(2)         Dead                           Min: 0, Avg:  0.0, Max: 0, Diff: 0, Sum: 0, Workers: 5
[0.396s][debug][gc,phases      ] GC(2)         Total                          Min: 0, Avg:  0.0, Max: 0, Diff: 0, Sum: 0, Workers: 5
[0.396s][debug][gc,phases      ] GC(2)       StringTable Weak               Min:  0.0, Avg:  0.0, Max:  0.0, Diff:  0.0, Sum:  0.1, Workers: 5
[0.396s][debug][gc,phases      ] GC(2)         Dead                           Min: 0, Avg:  0.0, Max: 0, Diff: 0, Sum: 0, Workers: 5
[0.396s][debug][gc,phases      ] GC(2)         Total                          Min: 256, Avg: 904.8, Max: 1792, Diff: 1536, Sum: 4524, Workers: 5
[0.396s][debug][gc,phases      ] GC(2)       ResolvedMethodTable Weak       Min:  0.0, Avg:  0.0, Max:  0.0, Diff:  0.0, Sum:  0.0, Workers: 5
[0.396s][debug][gc,phases      ] GC(2)         Dead                           Min: 0, Avg:  0.0, Max: 0, Diff: 0, Sum: 0, Workers: 5
[0.396s][debug][gc,phases      ] GC(2)         Total                          Min: 34, Avg: 58.0, Max: 64, Diff: 30, Sum: 290, Workers: 5
[0.396s][debug][gc,phases      ] GC(2)       JNI Weak                       Min:  0.0, Avg:  0.0, Max:  0.0, Diff:  0.0, Sum:  0.0, Workers: 5
[0.396s][debug][gc,phases      ] GC(2)         Dead                           Min: 0, Avg:  0.0, Max: 0, Diff: 0, Sum: 0, Workers: 5
[0.396s][debug][gc,phases      ] GC(2)         Total                          Min: 0, Avg:  0.0, Max: 0, Diff: 0, Sum: 0, Workers: 5
[0.396s][debug][gc,phases      ] GC(2)       StringDedup Table Weak         Min:  0.0, Avg:  0.0, Max:  0.0, Diff:  0.0, Sum:  0.0, Workers: 5
[0.396s][debug][gc,phases      ] GC(2)         Dead                           Min: 0, Avg:  0.0, Max: 0, Diff: 0, Sum: 0, Workers: 5
[0.396s][debug][gc,phases      ] GC(2)         Total                          Min: 0, Avg:  0.0, Max: 0, Diff: 0, Sum: 0, Workers: 5
[0.396s][debug][gc,phases      ] GC(2)       StringDedup Requests0 Weak     Min:  0.0, Avg:  0.0, Max:  0.0, Diff:  0.0, Sum:  0.0, Workers: 5
[0.396s][debug][gc,phases      ] GC(2)         Dead                           Min: 0, Avg:  0.0, Max: 0, Diff: 0, Sum: 0, Workers: 5
[0.396s][debug][gc,phases      ] GC(2)         Total                          Min: 0, Avg:  0.0, Max: 0, Diff: 0, Sum: 0, Workers: 5
[0.396s][debug][gc,phases      ] GC(2)       StringDedup Requests1 Weak     Min:  0.0, Avg:  0.0, Max:  0.0, Diff:  0.0, Sum:  0.0, Workers: 5
[0.396s][debug][gc,phases      ] GC(2)         Dead                           Min: 0, Avg:  0.0, Max: 0, Diff: 0, Sum: 0, Workers: 5
[0.396s][debug][gc,phases      ] GC(2)         Total                          Min: 0, Avg:  0.0, Max: 0, Diff: 0, Sum: 0, Workers: 5
[0.396s][debug][gc,phases      ] GC(2)       Weak JFR Old Object Samples    Min:  0.0, Avg:  0.0, Max:  0.0, Diff:  0.0, Sum:  0.0, Workers: 5
[0.396s][debug][gc,phases      ] GC(2)         Dead                           Min: 0, Avg:  0.0, Max: 0, Diff: 0, Sum: 0, Workers: 5
[0.396s][debug][gc,phases      ] GC(2)         Total                          Min: 0, Avg:  0.0, Max: 0, Diff: 0, Sum: 0, Workers: 5
[0.396s][debug][gc,phases      ] GC(2)     Post Evacuate Cleanup 1: 0.1ms
[0.396s][debug][gc,phases      ] GC(2)       Merge Per-Thread State (ms):   Min:  0.0, Avg:  0.0, Max:  0.0, Diff:  0.0, Sum:  0.0, Workers: 1
[0.396s][debug][gc,phases      ] GC(2)         Copied Bytes                   Min: 8306048, Avg: 9413536.0, Max: 10521024, Diff: 2214976, Sum: 18827072, Workers: 2
[0.396s][debug][gc,phases      ] GC(2)         LAB Waste                      Min: 648, Avg: 724.0, Max: 800, Diff: 152, Sum: 1448, Workers: 2
[0.397s][debug][gc,phases      ] GC(2)         LAB Undo Waste                 Min: 0, Avg:  0.0, Max: 0, Diff: 0, Sum: 0, Workers: 2
[0.397s][debug][gc,phases      ] GC(2)       Clear Logged Cards (ms):       Min:  0.0, Avg:  0.0, Max:  0.0, Diff:  0.0, Sum:  0.0, Workers: 2
[0.397s][debug][gc,phases      ] GC(2)       Recalculate Used Memory (ms):  Min:  0.0, Avg:  0.0, Max:  0.0, Diff:  0.0, Sum:  0.0, Workers: 1
[0.397s][debug][gc,phases      ] GC(2)     Post Evacuate Cleanup 2: 0.1ms
[0.397s][debug][gc,phases      ] GC(2)       Reset Hot Card Cache (ms):     Min:  0.0, Avg:  0.0, Max:  0.0, Diff:  0.0, Sum:  0.0, Workers: 1
[0.397s][debug][gc,phases      ] GC(2)       Purge Code Roots (ms):         Min:  0.0, Avg:  0.0, Max:  0.0, Diff:  0.0, Sum:  0.0, Workers: 1
[0.397s][debug][gc,phases      ] GC(2)       Update Derived Pointers (ms):  Min:  0.0, Avg:  0.0, Max:  0.0, Diff:  0.0, Sum:  0.0, Workers: 1
[0.397s][debug][gc,phases      ] GC(2)       Eagerly Reclaim Humongous Objects (ms): skipped
[0.397s][debug][gc,phases      ] GC(2)         Humongous Total                skipped
[0.397s][debug][gc,phases      ] GC(2)         Humongous Candidates           skipped
[0.397s][debug][gc,phases      ] GC(2)         Humongous Reclaimed            skipped
[0.397s][debug][gc,phases      ] GC(2)       Redirty Logged Cards (ms):     Min:  0.0, Avg:  0.0, Max:  0.0, Diff:  0.0, Sum:  0.0, Workers: 2
[0.397s][debug][gc,phases      ] GC(2)         Redirtied Cards:               Min: 256, Avg: 329.0, Max: 402, Diff: 146, Sum: 658, Workers: 2
[0.397s][debug][gc,phases      ] GC(2)       Free Collection Set (ms):      Min:  0.0, Avg:  0.0, Max:  0.0, Diff:  0.0, Sum:  0.0, Workers: 2
[0.397s][debug][gc,phases      ] GC(2)     Rebuild Free List: 0.2ms
[0.397s][debug][gc,phases      ] GC(2)     Start New Collection Set: 0.0ms
[0.397s][debug][gc,phases      ] GC(2)     Resize TLABs: 0.2ms
[0.397s][debug][gc,phases      ] GC(2)     Expand Heap After Collection: 0.0ms
[0.397s][info ][gc,phases      ] GC(2)   Other: 0.6ms
[0.397s][debug][gc,remset      ] GC(2) Coarsening (recent): Inline->AoC 0 (0) AoC->Howl 0 (0) Howl->Full 0 (0) Inline->AoC 0 (0) AoC->BitMap 0 (0) BitMap->Full 0 (0) 
[0.397s][debug][gc,remset      ] GC(2) Coarsening (all): Inline->AoC 0 (0) AoC->Howl 0 (0) Howl->Full 0 (0) Inline->AoC 0 (0) AoC->BitMap 0 (0) BitMap->Full 0 (0) 
[0.397s][info ][gc,heap        ] GC(2) Eden regions: 16->0(10)
[0.397s][info ][gc,heap        ] GC(2) Survivor regions: 2->3(3)
[0.397s][info ][gc,heap        ] GC(2) Old regions: 32->47
[0.397s][info ][gc,heap        ] GC(2) Archive regions: 0->0
[0.397s][info ][gc,heap        ] GC(2) Humongous regions: 11->11
[0.397s][info ][gc,metaspace   ] GC(2) Metaspace: 922K(1152K)->922K(1152K) NonClass: 840K(960K)->840K(960K) Class: 82K(192K)->82K(192K)
[0.397s][debug][gc,heap        ] GC(2) Heap after GC invocations=3 (full 0):
[0.397s][debug][gc,heap        ] GC(2)  garbage-first heap   total 98304K, used 61952K [0x00000000a1e00000, 0x0000000100000000)
[0.397s][debug][gc,heap        ] GC(2)   region size 1024K, 3 young (3072K), 3 survivors (3072K)
[0.397s][debug][gc,heap        ] GC(2)  Metaspace       used 922K, committed 1152K, reserved 1114112K
[0.397s][debug][gc,heap        ] GC(2)   class space    used 82K, committed 192K, reserved 1048576K
[0.397s][info ][gc             ] GC(2) Pause Young (Normal) (G1 Evacuation Pause) 60M->60M(96M) 26.548ms
[0.397s][info ][gc,cpu         ] GC(2) User=0.03s Sys=0.02s Real=0.03s
[0.397s][debug][gc,task        ] G1 Service Thread (Card Set Free Memory Task) (run: 3.183ms) (cpu: 0.000ms)
[0.397s][debug][gc,refine      ] Concurrent refinement: wanted 0, cards: 658, predicted: 658, time: 12.00ms
[0.399s][debug][gc,ergo,ihop   ] Request concurrent cycle initiation (occupancy higher than threshold) occupancy: 60817408B allocation request: 4861968B threshold: 45298483B (45.00) source: concurrent humongous allocation
[0.399s][debug][gc,ergo        ] Request concurrent cycle initiation (requested by GC cause). GC cause: G1 Humongous Allocation
[0.399s][debug][gc,ergo        ] GC(3) Initiate concurrent cycle (concurrent cycle initiation requested)
[0.399s][info ][gc,start       ] GC(3) Pause Young (Concurrent Start) (G1 Humongous Allocation)
[0.399s][debug][gc,heap        ] GC(3) Heap before GC invocations=3 (full 0):
[0.399s][debug][gc,heap        ] GC(3)  garbage-first heap   total 98304K, used 64000K [0x00000000a1e00000, 0x0000000100000000)
[0.399s][debug][gc,heap        ] GC(3)   region size 1024K, 6 young (6144K), 3 survivors (3072K)
[0.399s][debug][gc,heap        ] GC(3)  Metaspace       used 922K, committed 1152K, reserved 1114112K
[0.399s][debug][gc,heap        ] GC(3)   class space    used 82K, committed 192K, reserved 1048576K
[0.399s][info ][gc,task        ] GC(3) Using 2 workers of 8 for evacuation
[0.399s][debug][gc,age         ] GC(3) Desired survivor size 1048576 bytes, new threshold 1 (max threshold 15)
[0.400s][debug][gc,tlab        ] GC(3) TLAB totals: thrds: 1  refills: 14 max: 14 slow allocs: 1 max 1 waste:  9.1% gc: 270344B max: 270344B slow: 7568B max: 7568B
[0.400s][debug][gc,refine,stats] GC(3) Mutator refinement: 0.00ms, refined: 0, precleaned: 0, dirtied: 338
[0.400s][debug][gc,refine,stats] GC(3) Concurrent refinement: 0.00ms, refined: 0, precleaned: 0, dirtied: 0
[0.400s][debug][gc,refine,stats] GC(3) Total refinement: 0.00ms, refined: 0, precleaned: 0, dirtied: 338
[0.400s][debug][gc,refine,stats] GC(3) Generate dirty cards rate: 63.26 cards/ms
[0.400s][debug][gc,alloc,region] GC(3) Mutator Allocation stats, regions: 3, wasted size: 0B ( 0.0%)
[0.400s][debug][gc,humongous   ] GC(3) Humongous region 0 (object size 640280 @ 0x00000000a1e00000) remset 0 code roots 0 marked 0 reclaim candidate 0 type array 0
[0.400s][debug][gc,humongous   ] GC(3) Humongous region 1 (object size 960408 @ 0x00000000a1f00000) remset 0 code roots 0 marked 0 reclaim candidate 0 type array 0
[0.400s][debug][gc,humongous   ] GC(3) Humongous region 2 (object size 1440600 @ 0x00000000a2000000) remset 0 code roots 0 marked 0 reclaim candidate 0 type array 0
[0.400s][debug][gc,humongous   ] GC(3) Humongous region 21 (object size 2160888 @ 0x00000000a3300000) remset 0 code roots 0 marked 0 reclaim candidate 0 type array 0
[0.400s][debug][gc,humongous   ] GC(3) Humongous region 39 (object size 3241320 @ 0x00000000a4500000) remset 0 code roots 0 marked 0 reclaim candidate 0 type array 0
[0.400s][debug][gc,ergo        ] GC(3) Running G1 Merge Heap Roots using 2 workers for 6 regions
[0.401s][debug][gc,remset      ] GC(3) Visited cards 1088 Total dirty 12288 (8.85%) Total old 143360 (0.76%)
[0.407s][debug][gc,ref         ] GC(3) Skipped SoftWeakFinalRefsPhase of Reference Processing: no references
[0.407s][debug][gc,ref         ] GC(3) Skipped KeepAliveFinalRefsPhase of Reference Processing: no references
[0.407s][debug][gc,ref         ] GC(3) Skipped PhantomRefsPhase of Reference Processing: no references
[0.408s][debug][gc,ergo        ] GC(3) Running G1 Rebuild Free List Task using 2 workers for rebuilding free list of regions
[0.408s][debug][gc,plab        ] GC(3) Young PLAB allocation: allocated: 2097152B, wasted: 184B, unused: 0B, used: 2096968B, undo waste: 0B, 
[0.408s][debug][gc,plab        ] GC(3) Young other allocation: region end waste: 0B, regions filled: 2, num plab filled: 10, direct allocated: 0B, num direct allocated: 0, failure used: 0B, failure wasted: 0B
[0.408s][debug][gc,plab        ] GC(3) Young sizing: calculated: 419392B, actual: 461912B
[0.408s][debug][gc,plab        ] GC(3) Old PLAB allocation: allocated: 4194304B, wasted: 168B, unused: 380848B, used: 3813288B, undo waste: 0B, 
[0.408s][debug][gc,plab        ] GC(3) Old other allocation: region end waste: 0B, regions filled: 5, num plab filled: 8, direct allocated: 0B, num direct allocated: 0, failure used: 0B, failure wasted: 0B
[0.408s][debug][gc,plab        ] GC(3) Old sizing: calculated: 762656B, actual: 1351112B
[0.408s][debug][gc,ergo,heap   ] GC(3) Heap expansion: short term pause time ratio 60.42% long term pause time ratio 11.54% threshold 1.00% pause time ratio 7.69% fully expanded false resize by 0B
[0.408s][debug][gc,ergo,ihop   ] GC(3) Request concurrent cycle initiation (occupancy higher than threshold) occupancy: 65011712B allocation request: 0B threshold: 45298483B (45.00) source: Revise IHOP
[0.408s][debug][gc,task,start  ] G1 Service Thread (Card Set Free Memory Task) (run 0.039ms after schedule)
[0.408s][debug][gc,mmu         ] GC(3) MMU: 87.9ms (200.0ms/201.0ms)
[0.408s][debug][gc,alloc,stats ] Old generation allocation in the last mutator period, old gen allocated: 4194304B, humongous allocated: 0B, old gen growth: 4194304B.
[0.408s][debug][gc,ihop        ] GC(3) Basic information (value update), threshold: 45298483B (45.00), target occupancy: 100663296B, current occupancy: 66584576B, recent allocation size: 4194304B, recent allocation duration: 5.34ms, recent old gen allocation rate: 784994478.86B/s, recent marking phase length: 0.00ms
[0.408s][debug][gc,ihop        ] GC(3) Adaptive IHOP information (value update), threshold: 45298483B (47.37), internal target occupancy: 95630131B, occupancy: 66584576B, additional buffer size: 11534336B, predicted old gen allocation rate: 421107078.05B/s, predicted marking phase length: 0.00ms, prediction active: false
[0.408s][debug][gc,ergo,refine ] GC(3) GC refinement: goal: 35069 + 103 / 20.00ms, actual: 996 / 0.56ms, HCC: 0 / 0.00ms
[0.408s][debug][gc,ergo,refine ] GC(3) Unchanged pending cards target: 35069
[0.408s][info ][gc,phases      ] GC(3)   Pre Evacuate Collection Set: 0.7ms
[0.408s][debug][gc,phases      ] GC(3)     Prepare TLABs: 0.0ms
[0.409s][debug][gc,phases      ] GC(3)     Concatenate Dirty Card Logs: 0.1ms
[0.409s][debug][gc,phases      ] GC(3)     Choose Collection Set: 0.0ms
[0.409s][debug][gc,phases      ] GC(3)     Region Register: 0.5ms
[0.409s][debug][gc,phases      ] GC(3)     Prepare Heap Roots: 0.0ms
[0.409s][debug][gc,phases      ] GC(3)     Reset Marking State (ms):      Min:  0.1, Avg:  0.1, Max:  0.1, Diff:  0.0, Sum:  0.1, Workers: 1
[0.409s][debug][gc,phases      ] GC(3)     Note Start Of Mark (ms):       Min:  0.0, Avg:  0.0, Max:  0.0, Diff:  0.0, Sum:  0.0, Workers: 2
[0.409s][info ][gc,phases      ] GC(3)   Merge Heap Roots: 0.3ms
[0.409s][debug][gc,phases      ] GC(3)     Prepare Merge Heap Roots: 0.0ms
[0.409s][debug][gc,phases      ] GC(3)     Remembered Sets (ms):          Min:  0.0, Avg:  0.0, Max:  0.0, Diff:  0.0, Sum:  0.0, Workers: 2
[0.409s][debug][gc,phases      ] GC(3)       Eager Reclaim (ms):            skipped
[0.409s][debug][gc,phases      ] GC(3)       Merged Inline                  Min: 0, Avg:  0.0, Max: 0, Diff: 0, Sum: 0, Workers: 2
[0.409s][debug][gc,phases      ] GC(3)       Merged ArrayOfCards            Min: 0, Avg:  0.0, Max: 0, Diff: 0, Sum: 0, Workers: 2
[0.409s][debug][gc,phases      ] GC(3)       Merged Howl                    Min: 0, Avg:  0.0, Max: 0, Diff: 0, Sum: 0, Workers: 2
[0.409s][debug][gc,phases      ] GC(3)       Merged Full                    Min: 0, Avg:  0.0, Max: 0, Diff: 0, Sum: 0, Workers: 2
[0.409s][debug][gc,phases      ] GC(3)       Merged Howl Inline             Min: 0, Avg:  0.0, Max: 0, Diff: 0, Sum: 0, Workers: 2
[0.409s][debug][gc,phases      ] GC(3)       Merged Howl ArrayOfCards       Min: 0, Avg:  0.0, Max: 0, Diff: 0, Sum: 0, Workers: 2
[0.409s][debug][gc,phases      ] GC(3)       Merged Howl BitMap             Min: 0, Avg:  0.0, Max: 0, Diff: 0, Sum: 0, Workers: 2
[0.409s][debug][gc,phases      ] GC(3)       Merged Howl Full               Min: 0, Avg:  0.0, Max: 0, Diff: 0, Sum: 0, Workers: 2
[0.409s][debug][gc,phases      ] GC(3)       Merged Cards                   Min: 8, Avg:  8.0, Max: 8, Diff: 0, Sum: 16, Workers: 2
[0.409s][debug][gc,phases      ] GC(3)     Hot Card Cache (ms):           Min:  0.0, Avg:  0.0, Max:  0.0, Diff:  0.0, Sum:  0.0, Workers: 2
[0.409s][debug][gc,phases      ] GC(3)       Dirty Cards:                   Min: 0, Avg:  0.0, Max: 0, Diff: 0, Sum: 0, Workers: 2
[0.409s][debug][gc,phases      ] GC(3)       Skipped Cards:                 Min: 0, Avg:  0.0, Max: 0, Diff: 0, Sum: 0, Workers: 2
[0.409s][debug][gc,phases      ] GC(3)     Log Buffers (ms):              Min:  0.0, Avg:  0.0, Max:  0.0, Diff:  0.0, Sum:  0.0, Workers: 2
[0.409s][debug][gc,phases      ] GC(3)       Dirty Cards:                   Min: 329, Avg: 498.0, Max: 667, Diff: 338, Sum: 996, Workers: 2
[0.409s][debug][gc,phases      ] GC(3)       Skipped Cards:                 Min: 0, Avg:  0.0, Max: 0, Diff: 0, Sum: 0, Workers: 2
[0.409s][info ][gc,phases      ] GC(3)   Evacuate Collection Set: 6.5ms
[0.409s][debug][gc,phases      ] GC(3)     Ext Root Scanning (ms):        Min:  0.1, Avg:  0.1, Max:  0.2, Diff:  0.1, Sum:  0.2, Workers: 2
[0.409s][debug][gc,phases      ] GC(3)     Scan Heap Roots (ms):          Min:  0.5, Avg:  0.5, Max:  0.6, Diff:  0.1, Sum:  1.1, Workers: 2
[0.409s][debug][gc,phases      ] GC(3)       Scanned Cards:                 Min: 422, Avg: 497.5, Max: 573, Diff: 151, Sum: 995, Workers: 2
[0.409s][debug][gc,phases      ] GC(3)       Scanned Blocks:                Min: 14, Avg: 17.0, Max: 20, Diff: 6, Sum: 34, Workers: 2
[0.409s][debug][gc,phases      ] GC(3)       Claimed Chunks:                Min: 14, Avg: 17.0, Max: 20, Diff: 6, Sum: 34, Workers: 2
[0.409s][debug][gc,phases      ] GC(3)       Found Roots:                   Min: 53976, Avg: 63426.0, Max: 72876, Diff: 18900, Sum: 126852, Workers: 2
[0.409s][debug][gc,phases      ] GC(3)     Code Root Scan (ms):           Min:  0.0, Avg:  0.0, Max:  0.0, Diff:  0.0, Sum:  0.0, Workers: 2
[0.409s][debug][gc,phases      ] GC(3)     Object Copy (ms):              Min:  5.6, Avg:  5.8, Max:  5.9, Diff:  0.2, Sum: 11.5, Workers: 2
[0.409s][debug][gc,phases      ] GC(3)     Termination (ms):              Min:  0.0, Avg:  0.0, Max:  0.0, Diff:  0.0, Sum:  0.0, Workers: 2
[0.409s][debug][gc,phases      ] GC(3)       Termination Attempts:          Min: 1, Avg:  1.0, Max: 1, Diff: 0, Sum: 2, Workers: 2
[0.409s][debug][gc,phases      ] GC(3)     GC Worker Other (ms):          Min:  0.0, Avg:  0.0, Max:  0.0, Diff:  0.0, Sum:  0.0, Workers: 2
[0.409s][debug][gc,phases      ] GC(3)     GC Worker Total (ms):          Min:  6.4, Avg:  6.5, Max:  6.5, Diff:  0.0, Sum: 12.9, Workers: 2
[0.409s][info ][gc,phases      ] GC(3)   Post Evacuate Collection Set: 0.6ms
[0.409s][debug][gc,phases      ] GC(3)     NMethod List Cleanup: 0.0ms
[0.409s][debug][gc,phases      ] GC(3)     Reference Processing: 0.1ms
[0.409s][debug][gc,phases,ref  ] GC(3)       Notify Soft/WeakReferences: 0.1ms
[0.409s][debug][gc,phases,ref  ] GC(3)         SoftRef (ms):                  skipped
[0.410s][debug][gc,phases,ref  ] GC(3)         WeakRef (ms):                  skipped
[0.410s][debug][gc,phases,ref  ] GC(3)         FinalRef (ms):                 skipped
[0.410s][debug][gc,phases,ref  ] GC(3)         Total (ms):                    skipped
[0.410s][debug][gc,phases,ref  ] GC(3)       Notify and keep alive finalizable: 0.0ms
[0.410s][debug][gc,phases,ref  ] GC(3)         FinalRef (ms):                 skipped
[0.410s][debug][gc,phases,ref  ] GC(3)       Notify PhantomReferences: 0.0ms
[0.410s][debug][gc,phases,ref  ] GC(3)         PhantomRef (ms):               skipped
[0.410s][debug][gc,phases,ref  ] GC(3)       SoftReference Discovered: 0, Dropped: 0, Processed: 0
[0.410s][debug][gc,phases,ref  ] GC(3)       WeakReference Discovered: 0, Dropped: 0, Processed: 0
[0.410s][debug][gc,phases,ref  ] GC(3)       FinalReference Discovered: 0, Dropped: 0, Processed: 0
[0.410s][debug][gc,phases,ref  ] GC(3)       PhantomReference Discovered: 0, Dropped: 0, Processed: 0
[0.410s][debug][gc,phases      ] GC(3)     Weak Processing: 0.1ms
[0.410s][debug][gc,phases      ] GC(3)       VM Weak                        Min:  0.0, Avg:  0.0, Max:  0.0, Diff:  0.0, Sum:  0.0, Workers: 5
[0.410s][debug][gc,phases      ] GC(3)         Dead                           Min: 0, Avg:  0.0, Max: 0, Diff: 0, Sum: 0, Workers: 5
[0.410s][debug][gc,phases      ] GC(3)         Total                          Min: 0, Avg:  6.4, Max: 32, Diff: 32, Sum: 32, Workers: 5
[0.410s][debug][gc,phases      ] GC(3)       ObjectSynchronizer Weak        Min:  0.0, Avg:  0.0, Max:  0.0, Diff:  0.0, Sum:  0.0, Workers: 5
[0.410s][debug][gc,phases      ] GC(3)         Dead                           Min: 0, Avg:  0.0, Max: 0, Diff: 0, Sum: 0, Workers: 5
[0.410s][debug][gc,phases      ] GC(3)         Total                          Min: 0, Avg:  0.4, Max: 2, Diff: 2, Sum: 2, Workers: 5
[0.410s][debug][gc,phases      ] GC(3)       JVMTI Tag Weak OopStorage      Min:  0.0, Avg:  0.0, Max:  0.0, Diff:  0.0, Sum:  0.0, Workers: 5
[0.410s][debug][gc,phases      ] GC(3)         Dead                           Min: 0, Avg:  0.0, Max: 0, Diff: 0, Sum: 0, Workers: 5
[0.410s][debug][gc,phases      ] GC(3)         Total                          Min: 0, Avg:  0.0, Max: 0, Diff: 0, Sum: 0, Workers: 5
[0.410s][debug][gc,phases      ] GC(3)       StringTable Weak               Min:  0.0, Avg:  0.0, Max:  0.0, Diff:  0.0, Sum:  0.1, Workers: 5
[0.410s][debug][gc,phases      ] GC(3)         Dead                           Min: 0, Avg:  0.0, Max: 0, Diff: 0, Sum: 0, Workers: 5
[0.410s][debug][gc,phases      ] GC(3)         Total                          Min: 128, Avg: 904.8, Max: 2368, Diff: 2240, Sum: 4524, Workers: 5
[0.410s][debug][gc,phases      ] GC(3)       ResolvedMethodTable Weak       Min:  0.0, Avg:  0.0, Max:  0.0, Diff:  0.0, Sum:  0.0, Workers: 5
[0.410s][debug][gc,phases      ] GC(3)         Dead                           Min: 0, Avg:  0.0, Max: 0, Diff: 0, Sum: 0, Workers: 5
[0.410s][debug][gc,phases      ] GC(3)         Total                          Min: 34, Avg: 58.0, Max: 64, Diff: 30, Sum: 290, Workers: 5
[0.410s][debug][gc,phases      ] GC(3)       JNI Weak                       Min:  0.0, Avg:  0.0, Max:  0.0, Diff:  0.0, Sum:  0.0, Workers: 5
[0.410s][debug][gc,phases      ] GC(3)         Dead                           Min: 0, Avg:  0.0, Max: 0, Diff: 0, Sum: 0, Workers: 5
[0.410s][debug][gc,phases      ] GC(3)         Total                          Min: 0, Avg:  0.0, Max: 0, Diff: 0, Sum: 0, Workers: 5
[0.410s][debug][gc,phases      ] GC(3)       StringDedup Table Weak         Min:  0.0, Avg:  0.0, Max:  0.0, Diff:  0.0, Sum:  0.0, Workers: 5
[0.410s][debug][gc,phases      ] GC(3)         Dead                           Min: 0, Avg:  0.0, Max: 0, Diff: 0, Sum: 0, Workers: 5
[0.410s][debug][gc,phases      ] GC(3)         Total                          Min: 0, Avg:  0.0, Max: 0, Diff: 0, Sum: 0, Workers: 5
[0.410s][debug][gc,phases      ] GC(3)       StringDedup Requests0 Weak     Min:  0.0, Avg:  0.0, Max:  0.0, Diff:  0.0, Sum:  0.0, Workers: 5
[0.410s][debug][gc,phases      ] GC(3)         Dead                           Min: 0, Avg:  0.0, Max: 0, Diff: 0, Sum: 0, Workers: 5
[0.410s][debug][gc,phases      ] GC(3)         Total                          Min: 0, Avg:  0.0, Max: 0, Diff: 0, Sum: 0, Workers: 5
[0.410s][debug][gc,phases      ] GC(3)       StringDedup Requests1 Weak     Min:  0.0, Avg:  0.0, Max:  0.0, Diff:  0.0, Sum:  0.0, Workers: 5
[0.410s][debug][gc,phases      ] GC(3)         Dead                           Min: 0, Avg:  0.0, Max: 0, Diff: 0, Sum: 0, Workers: 5
[0.410s][debug][gc,phases      ] GC(3)         Total                          Min: 0, Avg:  0.0, Max: 0, Diff: 0, Sum: 0, Workers: 5
[0.410s][debug][gc,phases      ] GC(3)       Weak JFR Old Object Samples    Min:  0.0, Avg:  0.0, Max:  0.0, Diff:  0.0, Sum:  0.0, Workers: 5
[0.410s][debug][gc,phases      ] GC(3)         Dead                           Min: 0, Avg:  0.0, Max: 0, Diff: 0, Sum: 0, Workers: 5
[0.410s][debug][gc,phases      ] GC(3)         Total                          Min: 0, Avg:  0.0, Max: 0, Diff: 0, Sum: 0, Workers: 5
[0.410s][debug][gc,phases      ] GC(3)     Post Evacuate Cleanup 1: 0.1ms
[0.411s][debug][gc,phases      ] GC(3)       Merge Per-Thread State (ms):   Min:  0.0, Avg:  0.0, Max:  0.0, Diff:  0.0, Sum:  0.0, Workers: 1
[0.411s][debug][gc,phases      ] GC(3)         Copied Bytes                   Min: 2934296, Avg: 2955128.0, Max: 2975960, Diff: 41664, Sum: 5910256, Workers: 2
[0.411s][debug][gc,phases      ] GC(3)         LAB Waste                      Min: 160, Avg: 176.0, Max: 192, Diff: 32, Sum: 352, Workers: 2
[0.411s][debug][gc,phases      ] GC(3)         LAB Undo Waste                 Min: 0, Avg:  0.0, Max: 0, Diff: 0, Sum: 0, Workers: 2
[0.411s][debug][gc,phases      ] GC(3)       Clear Logged Cards (ms):       Min:  0.0, Avg:  0.0, Max:  0.0, Diff:  0.0, Sum:  0.0, Workers: 2
[0.411s][debug][gc,phases      ] GC(3)       Recalculate Used Memory (ms):  Min:  0.0, Avg:  0.0, Max:  0.0, Diff:  0.0, Sum:  0.0, Workers: 1
[0.411s][debug][gc,phases      ] GC(3)     Post Evacuate Cleanup 2: 0.1ms
[0.411s][debug][gc,phases      ] GC(3)       Reset Hot Card Cache (ms):     Min:  0.0, Avg:  0.0, Max:  0.0, Diff:  0.0, Sum:  0.0, Workers: 1
[0.411s][debug][gc,phases      ] GC(3)       Purge Code Roots (ms):         Min:  0.0, Avg:  0.0, Max:  0.0, Diff:  0.0, Sum:  0.0, Workers: 1
[0.411s][debug][gc,phases      ] GC(3)       Update Derived Pointers (ms):  Min:  0.0, Avg:  0.0, Max:  0.0, Diff:  0.0, Sum:  0.0, Workers: 1
[0.411s][debug][gc,phases      ] GC(3)       Eagerly Reclaim Humongous Objects (ms): skipped
[0.411s][debug][gc,phases      ] GC(3)         Humongous Total                skipped
[0.411s][debug][gc,phases      ] GC(3)         Humongous Candidates           skipped
[0.411s][debug][gc,phases      ] GC(3)         Humongous Reclaimed            skipped
[0.411s][debug][gc,phases      ] GC(3)       Redirty Logged Cards (ms):     Min:  0.0, Avg:  0.0, Max:  0.0, Diff:  0.0, Sum:  0.0, Workers: 2
[0.411s][debug][gc,phases      ] GC(3)         Redirtied Cards:               Min: 0, Avg: 129.5, Max: 259, Diff: 259, Sum: 259, Workers: 2
[0.411s][debug][gc,phases      ] GC(3)       Free Collection Set (ms):      Min:  0.0, Avg:  0.0, Max:  0.0, Diff:  0.0, Sum:  0.0, Workers: 2
[0.411s][debug][gc,phases      ] GC(3)     Rebuild Free List: 0.1ms
[0.411s][debug][gc,phases      ] GC(3)     Start New Collection Set: 0.0ms
[0.411s][debug][gc,phases      ] GC(3)     Resize TLABs: 0.3ms
[0.411s][debug][gc,phases      ] GC(3)     Expand Heap After Collection: 0.0ms
[0.411s][info ][gc,phases      ] GC(3)   Other: 0.9ms
[0.411s][debug][gc,remset      ] GC(3) Coarsening (recent): Inline->AoC 0 (0) AoC->Howl 0 (0) Howl->Full 0 (0) Inline->AoC 0 (0) AoC->BitMap 0 (0) BitMap->Full 0 (0) 
[0.411s][debug][gc,remset      ] GC(3) Coarsening (all): Inline->AoC 0 (0) AoC->Howl 0 (0) Howl->Full 0 (0) Inline->AoC 0 (0) AoC->BitMap 0 (0) BitMap->Full 0 (0) 
[0.411s][info ][gc,heap        ] GC(3) Eden regions: 3->0(9)
[0.411s][info ][gc,heap        ] GC(3) Survivor regions: 3->2(2)
[0.411s][info ][gc,heap        ] GC(3) Old regions: 47->51
[0.411s][info ][gc,heap        ] GC(3) Archive regions: 0->0
[0.411s][info ][gc,heap        ] GC(3) Humongous regions: 11->11
[0.411s][info ][gc,metaspace   ] GC(3) Metaspace: 922K(1152K)->922K(1152K) NonClass: 840K(960K)->840K(960K) Class: 82K(192K)->82K(192K)
[0.411s][debug][gc,heap        ] GC(3) Heap after GC invocations=4 (full 0):
[0.411s][debug][gc,heap        ] GC(3)  garbage-first heap   total 98304K, used 65024K [0x00000000a1e00000, 0x0000000100000000)
[0.411s][debug][gc,heap        ] GC(3)   region size 1024K, 2 young (2048K), 2 survivors (2048K)
[0.411s][debug][gc,heap        ] GC(3)  Metaspace       used 922K, committed 1152K, reserved 1114112K
[0.411s][debug][gc,heap        ] GC(3)   class space    used 82K, committed 192K, reserved 1048576K
[0.411s][info ][gc             ] GC(3) Pause Young (Concurrent Start) (G1 Humongous Allocation) 63M->63M(96M) 11.999ms
[0.411s][info ][gc,cpu         ] GC(3) User=0.00s Sys=0.00s Real=0.01s
[0.411s][info ][gc             ] GC(4) Concurrent Mark Cycle
[0.411s][debug][gc,task        ] G1 Service Thread (Card Set Free Memory Task) (run: 3.282ms) (cpu: 0.000ms)
[0.411s][debug][gc,refine      ] Concurrent refinement: wanted 0, cards: 259, predicted: 259, time: 13.31ms
[0.411s][info ][gc,marking     ] GC(4) Concurrent Scan Root Regions
[0.412s][debug][gc,ergo        ] GC(4) Running G1 Root Region Scan using 2 workers for 7 work units.
[0.413s][info ][gc,marking     ] GC(4) Concurrent Scan Root Regions 1.730ms
[0.413s][info ][gc,marking     ] GC(4) Concurrent Mark
[0.413s][info ][gc,marking     ] GC(4) Concurrent Mark From Roots
[0.413s][info ][gc,task        ] GC(4) Using 2 workers of 2 for marking
[0.421s][info ][gc,start       ] GC(5) Pause Young (Normal) (G1 Evacuation Pause)
[0.421s][debug][gc,heap        ] GC(5) Heap before GC invocations=4 (full 0):
[0.421s][debug][gc,heap        ] GC(5)  garbage-first heap   total 98304K, used 79360K [0x00000000a1e00000, 0x0000000100000000)
[0.421s][debug][gc,heap        ] GC(5)   region size 1024K, 11 young (11264K), 2 survivors (2048K)
[0.421s][debug][gc,heap        ] GC(5)  Metaspace       used 922K, committed 1152K, reserved 1114112K
[0.421s][debug][gc,heap        ] GC(5)   class space    used 82K, committed 192K, reserved 1048576K
[0.421s][info ][gc,task        ] GC(5) Using 2 workers of 8 for evacuation
[0.421s][debug][gc,age         ] GC(5) Desired survivor size 1048576 bytes, new threshold 1 (max threshold 15)
[0.421s][debug][gc,tlab        ] GC(5) TLAB totals: thrds: 1  refills: 53 max: 53 slow allocs: 0 max 0 waste:  0.3% gc: 0B max: 0B slow: 30528B max: 30528B
[0.421s][debug][gc,refine,stats] GC(5) Mutator refinement: 0.00ms, refined: 0, precleaned: 0, dirtied: 7541
[0.421s][debug][gc,refine,stats] GC(5) Concurrent refinement: 0.00ms, refined: 0, precleaned: 0, dirtied: 0
[0.421s][debug][gc,refine,stats] GC(5) Total refinement: 0.00ms, refined: 0, precleaned: 0, dirtied: 7541
[0.421s][debug][gc,refine,stats] GC(5) Generate dirty cards rate: 581.81 cards/ms
[0.421s][debug][gc,alloc,region] GC(5) Mutator Allocation stats, regions: 9, wasted size: 0B ( 0.0%)
[0.421s][debug][gc,humongous   ] GC(5) Humongous region 0 (object size 640280 @ 0x00000000a1e00000) remset 0 code roots 0 marked 0 reclaim candidate 0 type array 0
[0.421s][debug][gc,humongous   ] GC(5) Humongous region 62 (object size 4861968 @ 0x00000000a5c00000) remset 0 code roots 0 marked 0 reclaim candidate 0 type array 0
[0.421s][debug][gc,humongous   ] GC(5) Humongous region 1 (object size 960408 @ 0x00000000a1f00000) remset 0 code roots 0 marked 0 reclaim candidate 0 type array 0
[0.422s][debug][gc,humongous   ] GC(5) Humongous region 2 (object size 1440600 @ 0x00000000a2000000) remset 0 code roots 0 marked 0 reclaim candidate 0 type array 0
[0.422s][debug][gc,humongous   ] GC(5) Humongous region 21 (object size 2160888 @ 0x00000000a3300000) remset 0 code roots 0 marked 0 reclaim candidate 0 type array 0
[0.422s][debug][gc,humongous   ] GC(5) Humongous region 39 (object size 3241320 @ 0x00000000a4500000) remset 0 code roots 0 marked 1 reclaim candidate 0 type array 0
[0.422s][debug][gc,ergo        ] GC(5) Running G1 Merge Heap Roots using 2 workers for 11 regions
[0.422s][debug][gc,remset      ] GC(5) Visited cards 8160 Total dirty 18432 (44.27%) Total old 182272 (4.48%)
[0.436s][debug][gc,ref         ] GC(5) Skipped SoftWeakFinalRefsPhase of Reference Processing: no references
[0.436s][debug][gc,ref         ] GC(5) Skipped KeepAliveFinalRefsPhase of Reference Processing: no references
[0.436s][debug][gc,ref         ] GC(5) Skipped PhantomRefsPhase of Reference Processing: no references
[0.437s][debug][gc,ergo        ] GC(5) Running G1 Rebuild Free List Task using 2 workers for rebuilding free list of regions
[0.437s][debug][gc,plab        ] GC(5) Young PLAB allocation: allocated: 2097152B, wasted: 336B, unused: 0B, used: 2096816B, undo waste: 0B, 
[0.437s][debug][gc,plab        ] GC(5) Young other allocation: region end waste: 0B, regions filled: 2, num plab filled: 12, direct allocated: 0B, num direct allocated: 0, failure used: 0B, failure wasted: 0B
[0.437s][debug][gc,plab        ] GC(5) Young sizing: calculated: 419360B, actual: 429992B
[0.437s][debug][gc,plab        ] GC(5) Old PLAB allocation: allocated: 9961472B, wasted: 552B, unused: 554112B, used: 9406808B, undo waste: 0B, 
[0.437s][debug][gc,plab        ] GC(5) Old other allocation: region end waste: 0B, regions filled: 10, num plab filled: 19, direct allocated: 0B, num direct allocated: 0, failure used: 0B, failure wasted: 0B
[0.437s][debug][gc,plab        ] GC(5) Old sizing: calculated: 1881360B, actual: 1748792B
[0.437s][debug][gc,ergo,heap   ] GC(5) Heap expansion: short term pause time ratio 61.88% long term pause time ratio 13.31% threshold 1.00% pause time ratio 7.69% fully expanded false resize by 201326592B
[0.437s][debug][gc,ergo,heap   ] GC(5) Expand the heap. requested expansion amount: 201326592B expansion amount: 201326592B
[0.437s][debug][gc,task,start  ] G1 Service Thread (Card Set Free Memory Task) (run 0.047ms after schedule)
[0.439s][debug][gc,heap,region ] GC(5) Activate regions [96, 288)
[0.439s][debug][gc,ihop        ] GC(5) Target occupancy update: old: 100663296B, new: 301989888B
[0.439s][debug][gc,mmu         ] GC(5) MMU: 105.7ms (200.0ms/201.0ms)
[0.439s][debug][gc,alloc,stats ] Old generation allocation in the last mutator period, old gen allocated: 9961472B, humongous allocated: 5242880B, old gen growth: 15204352B.
[0.439s][debug][gc,ihop        ] GC(5) Basic information (value update), threshold: 135895449B (45.00), target occupancy: 301989888B, current occupancy: 81788928B, recent allocation size: 15204352B, recent allocation duration: 12.96ms, recent old gen allocation rate: 1173066691.36B/s, recent marking phase length: 0.00ms
[0.439s][debug][gc,ihop        ] GC(5) Adaptive IHOP information (value update), threshold: 135895449B (47.37), internal target occupancy: 286890393B, occupancy: 81788928B, additional buffer size: 46137344B, predicted old gen allocation rate: 489910934.48B/s, predicted marking phase length: 0.00ms, prediction active: false
[0.439s][debug][gc,ergo,refine ] GC(5) GC refinement: goal: 35069 + 108 / 20.00ms, actual: 7800 / 4.94ms, HCC: 0 / 0.00ms
[0.439s][debug][gc,ergo,refine ] GC(5) New pending cards target: 33281
[0.439s][info ][gc,phases      ] GC(5)   Pre Evacuate Collection Set: 0.7ms
[0.439s][debug][gc,phases      ] GC(5)     Prepare TLABs: 0.0ms
[0.439s][debug][gc,phases      ] GC(5)     Concatenate Dirty Card Logs: 0.1ms
[0.439s][debug][gc,phases      ] GC(5)     Choose Collection Set: 0.0ms
[0.439s][debug][gc,phases      ] GC(5)     Region Register: 0.6ms
[0.439s][debug][gc,phases      ] GC(5)     Prepare Heap Roots: 0.0ms
[0.439s][info ][gc,phases      ] GC(5)   Merge Heap Roots: 0.3ms
[0.439s][debug][gc,phases      ] GC(5)     Prepare Merge Heap Roots: 0.0ms
[0.439s][debug][gc,phases      ] GC(5)     Remembered Sets (ms):          Min:  0.0, Avg:  0.0, Max:  0.0, Diff:  0.0, Sum:  0.0, Workers: 2
[0.439s][debug][gc,phases      ] GC(5)       Eager Reclaim (ms):            skipped
[0.439s][debug][gc,phases      ] GC(5)       Merged Inline                  Min: 0, Avg:  0.0, Max: 0, Diff: 0, Sum: 0, Workers: 2
[0.439s][debug][gc,phases      ] GC(5)       Merged ArrayOfCards            Min: 0, Avg:  0.0, Max: 0, Diff: 0, Sum: 0, Workers: 2
[0.439s][debug][gc,phases      ] GC(5)       Merged Howl                    Min: 0, Avg:  0.0, Max: 0, Diff: 0, Sum: 0, Workers: 2
[0.439s][debug][gc,phases      ] GC(5)       Merged Full                    Min: 0, Avg:  0.0, Max: 0, Diff: 0, Sum: 0, Workers: 2
[0.439s][debug][gc,phases      ] GC(5)       Merged Howl Inline             Min: 0, Avg:  0.0, Max: 0, Diff: 0, Sum: 0, Workers: 2
[0.439s][debug][gc,phases      ] GC(5)       Merged Howl ArrayOfCards       Min: 0, Avg:  0.0, Max: 0, Diff: 0, Sum: 0, Workers: 2
[0.439s][debug][gc,phases      ] GC(5)       Merged Howl BitMap             Min: 0, Avg:  0.0, Max: 0, Diff: 0, Sum: 0, Workers: 2
[0.440s][debug][gc,phases      ] GC(5)       Merged Howl Full               Min: 0, Avg:  0.0, Max: 0, Diff: 0, Sum: 0, Workers: 2
[0.440s][debug][gc,phases      ] GC(5)       Merged Cards                   Min: 8, Avg:  8.0, Max: 8, Diff: 0, Sum: 16, Workers: 2
[0.440s][debug][gc,phases      ] GC(5)     Hot Card Cache (ms):           Min:  0.0, Avg:  0.0, Max:  0.0, Diff:  0.0, Sum:  0.0, Workers: 2
[0.440s][debug][gc,phases      ] GC(5)       Dirty Cards:                   Min: 0, Avg:  0.0, Max: 0, Diff: 0, Sum: 0, Workers: 2
[0.440s][debug][gc,phases      ] GC(5)       Skipped Cards:                 Min: 0, Avg:  0.0, Max: 0, Diff: 0, Sum: 0, Workers: 2
[0.440s][debug][gc,phases      ] GC(5)     Log Buffers (ms):              Min:  0.0, Avg:  0.1, Max:  0.1, Diff:  0.0, Sum:  0.1, Workers: 2
[0.440s][debug][gc,phases      ] GC(5)       Dirty Cards:                   Min: 3584, Avg: 3900.0, Max: 4216, Diff: 632, Sum: 7800, Workers: 2
[0.440s][debug][gc,phases      ] GC(5)       Skipped Cards:                 Min: 0, Avg:  0.0, Max: 0, Diff: 0, Sum: 0, Workers: 2
[0.440s][info ][gc,phases      ] GC(5)   Evacuate Collection Set: 13.9ms
[0.440s][debug][gc,phases      ] GC(5)     Ext Root Scanning (ms):        Min:  0.0, Avg:  0.0, Max:  0.0, Diff:  0.0, Sum:  0.1, Workers: 2
[0.440s][debug][gc,phases      ] GC(5)     Scan Heap Roots (ms):          Min:  3.6, Avg:  4.9, Max:  6.2, Diff:  2.7, Sum:  9.8, Workers: 2
[0.440s][debug][gc,phases      ] GC(5)       Scanned Cards:                 Min: 2920, Avg: 3900.0, Max: 4880, Diff: 1960, Sum: 7800, Workers: 2
[0.440s][debug][gc,phases      ] GC(5)       Scanned Blocks:                Min: 123, Avg: 140.0, Max: 157, Diff: 34, Sum: 280, Workers: 2
[0.440s][debug][gc,phases      ] GC(5)       Claimed Chunks:                Min: 99, Avg: 127.5, Max: 156, Diff: 57, Sum: 255, Workers: 2
[0.440s][debug][gc,phases      ] GC(5)       Found Roots:                   Min: 105339, Avg: 106256.0, Max: 107173, Diff: 1834, Sum: 212512, Workers: 2
[0.440s][debug][gc,phases      ] GC(5)     Code Root Scan (ms):           Min:  0.0, Avg:  0.0, Max:  0.0, Diff:  0.0, Sum:  0.0, Workers: 2
[0.440s][debug][gc,phases      ] GC(5)     Object Copy (ms):              Min:  7.5, Avg:  8.9, Max: 10.2, Diff:  2.7, Sum: 17.8, Workers: 2
[0.440s][debug][gc,phases      ] GC(5)     Termination (ms):              Min:  0.0, Avg:  0.0, Max:  0.0, Diff:  0.0, Sum:  0.0, Workers: 2
[0.440s][debug][gc,phases      ] GC(5)       Termination Attempts:          Min: 1, Avg:  1.0, Max: 1, Diff: 0, Sum: 2, Workers: 2
[0.440s][debug][gc,phases      ] GC(5)     GC Worker Other (ms):          Min:  0.0, Avg:  0.0, Max:  0.0, Diff:  0.0, Sum:  0.0, Workers: 2
[0.440s][debug][gc,phases      ] GC(5)     GC Worker Total (ms):          Min: 13.8, Avg: 13.8, Max: 13.8, Diff:  0.0, Sum: 27.6, Workers: 2
[0.440s][info ][gc,phases      ] GC(5)   Post Evacuate Collection Set: 2.5ms
[0.440s][debug][gc,phases      ] GC(5)     NMethod List Cleanup: 0.0ms
[0.440s][debug][gc,phases      ] GC(5)     Reference Processing: 0.3ms
[0.440s][debug][gc,phases,ref  ] GC(5)       Notify Soft/WeakReferences: 0.1ms
[0.440s][debug][gc,phases,ref  ] GC(5)         SoftRef (ms):                  skipped
[0.440s][debug][gc,phases,ref  ] GC(5)         WeakRef (ms):                  skipped
[0.440s][debug][gc,phases,ref  ] GC(5)         FinalRef (ms):                 skipped
[0.440s][debug][gc,phases,ref  ] GC(5)         Total (ms):                    skipped
[0.440s][debug][gc,phases,ref  ] GC(5)       Notify and keep alive finalizable: 0.0ms
[0.440s][debug][gc,phases,ref  ] GC(5)         FinalRef (ms):                 skipped
[0.440s][debug][gc,phases,ref  ] GC(5)       Notify PhantomReferences: 0.1ms
[0.440s][debug][gc,phases,ref  ] GC(5)         PhantomRef (ms):               skipped
[0.440s][debug][gc,phases,ref  ] GC(5)       SoftReference Discovered: 0, Dropped: 0, Processed: 0
[0.440s][debug][gc,phases,ref  ] GC(5)       WeakReference Discovered: 0, Dropped: 0, Processed: 0
[0.440s][debug][gc,phases,ref  ] GC(5)       FinalReference Discovered: 0, Dropped: 0, Processed: 0
[0.440s][debug][gc,phases,ref  ] GC(5)       PhantomReference Discovered: 0, Dropped: 0, Processed: 0
[0.440s][debug][gc,phases      ] GC(5)     Weak Processing: 0.1ms
[0.440s][debug][gc,phases      ] GC(5)       VM Weak                        Min:  0.0, Avg:  0.0, Max:  0.0, Diff:  0.0, Sum:  0.0, Workers: 5
[0.440s][debug][gc,phases      ] GC(5)         Dead                           Min: 0, Avg:  0.0, Max: 0, Diff: 0, Sum: 0, Workers: 5
[0.440s][debug][gc,phases      ] GC(5)         Total                          Min: 0, Avg:  6.4, Max: 32, Diff: 32, Sum: 32, Workers: 5
[0.440s][debug][gc,phases      ] GC(5)       ObjectSynchronizer Weak        Min:  0.0, Avg:  0.0, Max:  0.0, Diff:  0.0, Sum:  0.0, Workers: 5
[0.440s][debug][gc,phases      ] GC(5)         Dead                           Min: 0, Avg:  0.0, Max: 0, Diff: 0, Sum: 0, Workers: 5
[0.441s][debug][gc,phases      ] GC(5)         Total                          Min: 0, Avg:  0.4, Max: 2, Diff: 2, Sum: 2, Workers: 5
[0.441s][debug][gc,phases      ] GC(5)       JVMTI Tag Weak OopStorage      Min:  0.0, Avg:  0.0, Max:  0.0, Diff:  0.0, Sum:  0.0, Workers: 5
[0.441s][debug][gc,phases      ] GC(5)         Dead                           Min: 0, Avg:  0.0, Max: 0, Diff: 0, Sum: 0, Workers: 5
[0.441s][debug][gc,phases      ] GC(5)         Total                          Min: 0, Avg:  0.0, Max: 0, Diff: 0, Sum: 0, Workers: 5
[0.441s][debug][gc,phases      ] GC(5)       StringTable Weak               Min:  0.0, Avg:  0.0, Max:  0.0, Diff:  0.0, Sum:  0.1, Workers: 5
[0.441s][debug][gc,phases      ] GC(5)         Dead                           Min: 0, Avg:  0.0, Max: 0, Diff: 0, Sum: 0, Workers: 5
[0.441s][debug][gc,phases      ] GC(5)         Total                          Min: 320, Avg: 904.8, Max: 1708, Diff: 1388, Sum: 4524, Workers: 5
[0.441s][debug][gc,phases      ] GC(5)       ResolvedMethodTable Weak       Min:  0.0, Avg:  0.0, Max:  0.0, Diff:  0.0, Sum:  0.0, Workers: 5
[0.441s][debug][gc,phases      ] GC(5)         Dead                           Min: 0, Avg:  0.0, Max: 0, Diff: 0, Sum: 0, Workers: 5
[0.441s][debug][gc,phases      ] GC(5)         Total                          Min: 34, Avg: 58.0, Max: 64, Diff: 30, Sum: 290, Workers: 5
[0.441s][debug][gc,phases      ] GC(5)       JNI Weak                       Min:  0.0, Avg:  0.0, Max:  0.0, Diff:  0.0, Sum:  0.0, Workers: 5
[0.441s][debug][gc,phases      ] GC(5)         Dead                           Min: 0, Avg:  0.0, Max: 0, Diff: 0, Sum: 0, Workers: 5
[0.441s][debug][gc,phases      ] GC(5)         Total                          Min: 0, Avg:  0.0, Max: 0, Diff: 0, Sum: 0, Workers: 5
[0.441s][debug][gc,phases      ] GC(5)       StringDedup Table Weak         Min:  0.0, Avg:  0.0, Max:  0.0, Diff:  0.0, Sum:  0.0, Workers: 5
[0.441s][debug][gc,phases      ] GC(5)         Dead                           Min: 0, Avg:  0.0, Max: 0, Diff: 0, Sum: 0, Workers: 5
[0.441s][debug][gc,phases      ] GC(5)         Total                          Min: 0, Avg:  0.0, Max: 0, Diff: 0, Sum: 0, Workers: 5
[0.441s][debug][gc,phases      ] GC(5)       StringDedup Requests0 Weak     Min:  0.0, Avg:  0.0, Max:  0.0, Diff:  0.0, Sum:  0.0, Workers: 5
[0.441s][debug][gc,phases      ] GC(5)         Dead                           Min: 0, Avg:  0.0, Max: 0, Diff: 0, Sum: 0, Workers: 5
[0.441s][debug][gc,phases      ] GC(5)         Total                          Min: 0, Avg:  0.0, Max: 0, Diff: 0, Sum: 0, Workers: 5
[0.441s][debug][gc,phases      ] GC(5)       StringDedup Requests1 Weak     Min:  0.0, Avg:  0.0, Max:  0.0, Diff:  0.0, Sum:  0.0, Workers: 5
[0.441s][debug][gc,phases      ] GC(5)         Dead                           Min: 0, Avg:  0.0, Max: 0, Diff: 0, Sum: 0, Workers: 5
[0.441s][debug][gc,phases      ] GC(5)         Total                          Min: 0, Avg:  0.0, Max: 0, Diff: 0, Sum: 0, Workers: 5
[0.441s][debug][gc,phases      ] GC(5)       Weak JFR Old Object Samples    Min:  0.0, Avg:  0.0, Max:  0.0, Diff:  0.0, Sum:  0.0, Workers: 5
[0.441s][debug][gc,phases      ] GC(5)         Dead                           Min: 0, Avg:  0.0, Max: 0, Diff: 0, Sum: 0, Workers: 5
[0.441s][debug][gc,phases      ] GC(5)         Total                          Min: 0, Avg:  0.0, Max: 0, Diff: 0, Sum: 0, Workers: 5
[0.441s][debug][gc,phases      ] GC(5)     Post Evacuate Cleanup 1: 0.1ms
[0.441s][debug][gc,phases      ] GC(5)       Merge Per-Thread State (ms):   Min:  0.0, Avg:  0.0, Max:  0.0, Diff:  0.0, Sum:  0.0, Workers: 1
[0.441s][debug][gc,phases      ] GC(5)         Copied Bytes                   Min: 4774640, Avg: 5751812.0, Max: 6728984, Diff: 1954344, Sum: 11503624, Workers: 2
[0.441s][debug][gc,phases      ] GC(5)         LAB Waste                      Min: 368, Avg: 444.0, Max: 520, Diff: 152, Sum: 888, Workers: 2
[0.441s][debug][gc,phases      ] GC(5)         LAB Undo Waste                 Min: 0, Avg:  0.0, Max: 0, Diff: 0, Sum: 0, Workers: 2
[0.441s][debug][gc,phases      ] GC(5)       Clear Logged Cards (ms):       Min:  0.0, Avg:  0.0, Max:  0.0, Diff:  0.0, Sum:  0.0, Workers: 2
[0.441s][debug][gc,phases      ] GC(5)       Recalculate Used Memory (ms):  Min:  0.0, Avg:  0.0, Max:  0.0, Diff:  0.0, Sum:  0.0, Workers: 1
[0.441s][debug][gc,phases      ] GC(5)     Post Evacuate Cleanup 2: 0.1ms
[0.441s][debug][gc,phases      ] GC(5)       Reset Hot Card Cache (ms):     Min:  0.0, Avg:  0.0, Max:  0.0, Diff:  0.0, Sum:  0.0, Workers: 1
[0.441s][debug][gc,phases      ] GC(5)       Purge Code Roots (ms):         Min:  0.0, Avg:  0.0, Max:  0.0, Diff:  0.0, Sum:  0.0, Workers: 1
[0.441s][debug][gc,phases      ] GC(5)       Update Derived Pointers (ms):  Min:  0.0, Avg:  0.0, Max:  0.0, Diff:  0.0, Sum:  0.0, Workers: 1
[0.441s][debug][gc,phases      ] GC(5)       Eagerly Reclaim Humongous Objects (ms): skipped
[0.441s][debug][gc,phases      ] GC(5)         Humongous Total                skipped
[0.441s][debug][gc,phases      ] GC(5)         Humongous Candidates           skipped
[0.441s][debug][gc,phases      ] GC(5)         Humongous Reclaimed            skipped
[0.441s][debug][gc,phases      ] GC(5)       Redirty Logged Cards (ms):     Min:  0.0, Avg:  0.0, Max:  0.0, Diff:  0.0, Sum:  0.0, Workers: 2
[0.441s][debug][gc,phases      ] GC(5)         Redirtied Cards:               Min: 0, Avg: 129.5, Max: 259, Diff: 259, Sum: 259, Workers: 2
[0.441s][debug][gc,phases      ] GC(5)       Free Collection Set (ms):      Min:  0.0, Avg:  0.0, Max:  0.0, Diff:  0.0, Sum:  0.0, Workers: 2
[0.441s][debug][gc,phases      ] GC(5)     Rebuild Free List: 0.2ms
[0.441s][debug][gc,phases      ] GC(5)     Start New Collection Set: 0.0ms
[0.441s][debug][gc,phases      ] GC(5)     Resize TLABs: 0.2ms
[0.441s][debug][gc,phases      ] GC(5)     Expand Heap After Collection: 1.8ms
[0.441s][info ][gc,phases      ] GC(5)   Other: 0.5ms
[0.442s][debug][gc,remset      ] GC(5) Coarsening (recent): Inline->AoC 0 (0) AoC->Howl 0 (0) Howl->Full 0 (0) Inline->AoC 0 (0) AoC->BitMap 0 (0) BitMap->Full 0 (0) 
[0.442s][debug][gc,remset      ] GC(5) Coarsening (all): Inline->AoC 0 (0) AoC->Howl 0 (0) Howl->Full 0 (0) Inline->AoC 0 (0) AoC->BitMap 0 (0) BitMap->Full 0 (0) 
[0.442s][info ][gc,heap        ] GC(5) Eden regions: 9->0(42)
[0.442s][info ][gc,heap        ] GC(5) Survivor regions: 2->2(2)
[0.442s][info ][gc,heap        ] GC(5) Old regions: 51->60
[0.442s][info ][gc,heap        ] GC(5) Archive regions: 0->0
[0.442s][info ][gc,heap        ] GC(5) Humongous regions: 16->16
[0.442s][info ][gc,metaspace   ] GC(5) Metaspace: 922K(1152K)->922K(1152K) NonClass: 840K(960K)->840K(960K) Class: 82K(192K)->82K(192K)
[0.442s][debug][gc,heap        ] GC(5) Heap after GC invocations=5 (full 0):
[0.442s][debug][gc,heap        ] GC(5)  garbage-first heap   total 294912K, used 79872K [0x00000000a1e00000, 0x0000000100000000)
[0.442s][debug][gc,heap        ] GC(5)   region size 1024K, 2 young (2048K), 2 survivors (2048K)
[0.442s][debug][gc,heap        ] GC(5)  Metaspace       used 922K, committed 1152K, reserved 1114112K
[0.442s][debug][gc,heap        ] GC(5)   class space    used 82K, committed 192K, reserved 1048576K
[0.442s][info ][gc             ] GC(5) Pause Young (Normal) (G1 Evacuation Pause) 77M->78M(288M) 20.887ms
[0.442s][info ][gc,cpu         ] GC(5) User=0.03s Sys=0.00s Real=0.02s
[0.442s][debug][gc,task        ] G1 Service Thread (Card Set Free Memory Task) (run: 4.792ms) (cpu: 0.000ms)
[0.442s][debug][gc,refine      ] Concurrent refinement: wanted 0, cards: 259, predicted: 24576, time: 60.23ms
[0.464s][debug][gc,stats       ] ---------------------------------------------------------------------
[0.464s][debug][gc,stats       ] Marking Stats, task = 0, calls = 4
[0.464s][debug][gc,stats       ]   Elapsed time = 50.87ms, Termination time = 0.00ms
[0.464s][debug][gc,stats       ]   Step Times (cum): num = 4, avg = 7.75ms, sd = 7.76ms max = 16.00ms, total = 31.00ms
[0.464s][debug][gc,stats       ]   Mark Stats Cache: hits 729307 misses 0 ratio 100.000
[0.464s][debug][gc,stats       ] ---------------------------------------------------------------------
[0.464s][debug][gc,stats       ] Marking Stats, task = 1, calls = 4
[0.464s][debug][gc,stats       ]   Elapsed time = 50.87ms, Termination time = 0.00ms
[0.464s][debug][gc,stats       ]   Step Times (cum): num = 4, avg = 7.75ms, sd = 7.76ms max = 16.00ms, total = 31.00ms
[0.465s][debug][gc,stats       ]   Mark Stats Cache: hits 739927 misses 0 ratio 100.000
[0.465s][debug][gc,stats       ] ---------------------------------------------------------------------
[0.465s][info ][gc,marking     ] GC(4) Concurrent Mark From Roots 51.249ms
[0.465s][info ][gc,marking     ] GC(4) Concurrent Preclean
[0.465s][debug][gc,ref,start   ] GC(4) Preclean SoftReferences
[0.465s][debug][gc,ref         ] GC(4) Preclean SoftReferences 0.020ms
[0.465s][debug][gc,ref,start   ] GC(4) Preclean WeakReferences
[0.465s][debug][gc,ref         ] GC(4) Preclean WeakReferences 0.025ms
[0.465s][debug][gc,ref,start   ] GC(4) Preclean FinalReferences
[0.465s][debug][gc,ref         ] GC(4) Preclean FinalReferences 0.018ms
[0.465s][debug][gc,ref,start   ] GC(4) Preclean PhantomReferences
[0.465s][debug][gc,ref         ] GC(4) Preclean PhantomReferences 0.020ms
[0.465s][info ][gc,marking     ] GC(4) Concurrent Preclean 0.195ms
[0.465s][info ][gc,start       ] GC(4) Pause Remark
[0.465s][debug][gc,phases,start] GC(4) Finalize Marking
[0.465s][debug][gc,stats       ] ---------------------------------------------------------------------
[0.465s][debug][gc,stats       ] Marking Stats, task = 0, calls = 5
[0.465s][debug][gc,stats       ]   Elapsed time = 0.03ms, Termination time = 0.00ms
[0.465s][debug][gc,stats       ]   Step Times (cum): num = 5, avg = 6.20ms, sd = 7.60ms max = 16.00ms, total = 31.00ms
[0.465s][debug][gc,stats       ]   Mark Stats Cache: hits 729307 misses 0 ratio 100.000
[0.465s][debug][gc,stats       ] ---------------------------------------------------------------------
[0.465s][debug][gc,stats       ] Marking Stats, task = 1, calls = 5
[0.465s][debug][gc,stats       ]   Elapsed time = 0.02ms, Termination time = 0.00ms
[0.465s][debug][gc,stats       ]   Step Times (cum): num = 5, avg = 6.20ms, sd = 7.60ms max = 16.00ms, total = 31.00ms
[0.465s][debug][gc,stats       ]   Mark Stats Cache: hits 739927 misses 0 ratio 100.000
[0.465s][debug][gc,stats       ] ---------------------------------------------------------------------
[0.465s][debug][gc,phases      ] GC(4) Finalize Marking 0.414ms
[0.465s][debug][gc,phases,start] GC(4) Reference Processing
[0.465s][debug][gc,ref         ] GC(4) Skipped SoftWeakFinalRefsPhase of Reference Processing: no references
[0.466s][debug][gc,ref         ] GC(4) Skipped KeepAliveFinalRefsPhase of Reference Processing: no references
[0.466s][debug][gc,ref         ] GC(4) ReferenceProcessor::execute queues: 1, RefProcThreadModel::Single, marks_oops_alive: false
[0.466s][debug][gc,phases,ref  ] GC(4) Reference Processing: 0.1ms
[0.466s][debug][gc,phases,ref  ] GC(4)   Notify Soft/WeakReferences: 0.0ms
[0.466s][debug][gc,phases,ref  ] GC(4)     SoftRef (ms):                  skipped
[0.466s][debug][gc,phases,ref  ] GC(4)     WeakRef (ms):                  skipped
[0.466s][debug][gc,phases,ref  ] GC(4)     FinalRef (ms):                 skipped
[0.466s][debug][gc,phases,ref  ] GC(4)     Total (ms):                    skipped
[0.466s][debug][gc,phases,ref  ] GC(4)   Notify and keep alive finalizable: 0.0ms
[0.466s][debug][gc,phases,ref  ] GC(4)     FinalRef (ms):                 skipped
[0.466s][debug][gc,phases,ref  ] GC(4)   Notify PhantomReferences: 0.1ms
[0.466s][debug][gc,phases,ref  ] GC(4)     PhantomRef (ms):               Min:  0.0, Avg:  0.0, Max:  0.0, Diff:  0.0, Sum:  0.0, Workers: 1
[0.466s][debug][gc,phases,ref  ] GC(4)   SoftReference Discovered: 0, Dropped: 0, Processed: 0
[0.466s][debug][gc,phases,ref  ] GC(4)   WeakReference Discovered: 0, Dropped: 0, Processed: 0
[0.466s][debug][gc,phases,ref  ] GC(4)   FinalReference Discovered: 0, Dropped: 0, Processed: 0
[0.466s][debug][gc,phases,ref  ] GC(4)   PhantomReference Discovered: 45, Dropped: 0, Processed: 45
[0.466s][debug][gc,phases      ] GC(4) Reference Processing 0.417ms
[0.466s][debug][gc,phases,start] GC(4) Weak Processing
[0.466s][debug][gc,phases      ] GC(4)   VM Weak                        Min:  0.0, Avg:  0.0, Max:  0.0, Diff:  0.0, Sum:  0.0, Workers: 5
[0.466s][debug][gc,phases      ] GC(4)     Dead                           Min: 0, Avg:  0.0, Max: 0, Diff: 0, Sum: 0, Workers: 5
[0.466s][debug][gc,phases      ] GC(4)     Total                          Min: 0, Avg:  6.4, Max: 32, Diff: 32, Sum: 32, Workers: 5
[0.466s][debug][gc,phases      ] GC(4)   ObjectSynchronizer Weak        Min:  0.0, Avg:  0.0, Max:  0.0, Diff:  0.0, Sum:  0.0, Workers: 5
[0.466s][debug][gc,phases      ] GC(4)     Dead                           Min: 0, Avg:  0.0, Max: 0, Diff: 0, Sum: 0, Workers: 5
[0.466s][debug][gc,phases      ] GC(4)     Total                          Min: 0, Avg:  0.4, Max: 2, Diff: 2, Sum: 2, Workers: 5
[0.466s][debug][gc,phases      ] GC(4)   JVMTI Tag Weak OopStorage      Min:  0.0, Avg:  0.0, Max:  0.0, Diff:  0.0, Sum:  0.0, Workers: 5
[0.466s][debug][gc,phases      ] GC(4)     Dead                           Min: 0, Avg:  0.0, Max: 0, Diff: 0, Sum: 0, Workers: 5
[0.466s][debug][gc,phases      ] GC(4)     Total                          Min: 0, Avg:  0.0, Max: 0, Diff: 0, Sum: 0, Workers: 5
[0.466s][debug][gc,phases      ] GC(4)   StringTable Weak               Min:  0.0, Avg:  0.0, Max:  0.0, Diff:  0.0, Sum:  0.1, Workers: 5
[0.466s][debug][gc,phases      ] GC(4)     Dead                           Min: 0, Avg:  0.0, Max: 0, Diff: 0, Sum: 0, Workers: 5
[0.466s][debug][gc,phases      ] GC(4)     Total                          Min: 256, Avg: 904.8, Max: 2368, Diff: 2112, Sum: 4524, Workers: 5
[0.466s][debug][gc,phases      ] GC(4)   ResolvedMethodTable Weak       Min:  0.0, Avg:  0.0, Max:  0.0, Diff:  0.0, Sum:  0.0, Workers: 5
[0.466s][debug][gc,phases      ] GC(4)     Dead                           Min: 0, Avg:  0.0, Max: 0, Diff: 0, Sum: 0, Workers: 5
[0.466s][debug][gc,phases      ] GC(4)     Total                          Min: 0, Avg: 58.0, Max: 98, Diff: 98, Sum: 290, Workers: 5
[0.466s][debug][gc,phases      ] GC(4)   JNI Weak                       Min:  0.0, Avg:  0.0, Max:  0.0, Diff:  0.0, Sum:  0.0, Workers: 5
[0.466s][debug][gc,phases      ] GC(4)     Dead                           Min: 0, Avg:  0.0, Max: 0, Diff: 0, Sum: 0, Workers: 5
[0.466s][debug][gc,phases      ] GC(4)     Total                          Min: 0, Avg:  0.0, Max: 0, Diff: 0, Sum: 0, Workers: 5
[0.466s][debug][gc,phases      ] GC(4)   StringDedup Table Weak         Min:  0.0, Avg:  0.0, Max:  0.0, Diff:  0.0, Sum:  0.0, Workers: 5
[0.466s][debug][gc,phases      ] GC(4)     Dead                           Min: 0, Avg:  0.0, Max: 0, Diff: 0, Sum: 0, Workers: 5
[0.466s][debug][gc,phases      ] GC(4)     Total                          Min: 0, Avg:  0.0, Max: 0, Diff: 0, Sum: 0, Workers: 5
[0.467s][debug][gc,phases      ] GC(4)   StringDedup Requests0 Weak     Min:  0.0, Avg:  0.0, Max:  0.0, Diff:  0.0, Sum:  0.0, Workers: 5
[0.467s][debug][gc,phases      ] GC(4)     Dead                           Min: 0, Avg:  0.0, Max: 0, Diff: 0, Sum: 0, Workers: 5
[0.467s][debug][gc,phases      ] GC(4)     Total                          Min: 0, Avg:  0.0, Max: 0, Diff: 0, Sum: 0, Workers: 5
[0.467s][debug][gc,phases      ] GC(4)   StringDedup Requests1 Weak     Min:  0.0, Avg:  0.0, Max:  0.0, Diff:  0.0, Sum:  0.0, Workers: 5
[0.467s][debug][gc,phases      ] GC(4)     Dead                           Min: 0, Avg:  0.0, Max: 0, Diff: 0, Sum: 0, Workers: 5
[0.467s][debug][gc,phases      ] GC(4)     Total                          Min: 0, Avg:  0.0, Max: 0, Diff: 0, Sum: 0, Workers: 5
[0.467s][debug][gc,phases      ] GC(4)   Weak JFR Old Object Samples    Min:  0.0, Avg:  0.0, Max:  0.0, Diff:  0.0, Sum:  0.0, Workers: 5
[0.467s][debug][gc,phases      ] GC(4)     Dead                           Min: 0, Avg:  0.0, Max: 0, Diff: 0, Sum: 0, Workers: 5
[0.467s][debug][gc,phases      ] GC(4)     Total                          Min: 0, Avg:  0.0, Max: 0, Diff: 0, Sum: 0, Workers: 5
[0.467s][debug][gc,phases      ] GC(4) Weak Processing 0.808ms
[0.467s][debug][gc,phases,start] GC(4) Class Unloading
[0.467s][debug][gc,phases,start] GC(4) ClassLoaderData
[0.467s][debug][gc,phases      ] GC(4) ClassLoaderData 0.021ms
[0.467s][debug][gc,phases,start] GC(4) Trigger cleanups
[0.467s][debug][gc,phases      ] GC(4) Trigger cleanups 0.021ms
[0.467s][debug][gc,phases      ] GC(4) Class Unloading 0.464ms
[0.467s][debug][gc,phases,start] GC(4) Flush Task Caches
[0.467s][debug][gc,stats       ] Mark stats cache hits 1469234 misses 0 ratio 100.000
[0.467s][debug][gc,phases      ] GC(4) Flush Task Caches 0.066ms
[0.467s][debug][gc,phases,start] GC(4) Update Remembered Set Tracking Before Rebuild
[0.467s][debug][gc,ergo        ] GC(4) Running G1 Update RemSet Tracking Before Rebuild using 1 workers for 288 regions in heap
[0.467s][debug][gc,remset,tracking] GC(4) Remembered Set Tracking update regions total 288, selected 2
[0.468s][debug][gc,phases         ] GC(4) Update Remembered Set Tracking Before Rebuild 0.206ms
[0.468s][debug][gc,phases,start   ] GC(4) Reclaim Empty Regions
[0.468s][debug][gc                ] GC(4) Reclaimed 7 empty regions
[0.468s][debug][gc,phases         ] GC(4) Reclaim Empty Regions 0.227ms
[0.468s][debug][gc,phases,start   ] GC(4) Purge Metaspace
[0.468s][debug][gc,phases         ] GC(4) Purge Metaspace 0.037ms
[0.468s][debug][gc,phases,start   ] GC(4) Report Object Count
[0.468s][debug][gc,phases         ] GC(4) Report Object Count 0.021ms
[0.468s][debug][gc,mmu            ] GC(4) MMU: 108.6ms (200.0ms/201.0ms)
[0.468s][info ][gc                ] GC(4) Pause Remark 102M->95M(288M) 2.988ms
[0.468s][info ][gc,cpu            ] GC(4) User=0.00s Sys=0.00s Real=0.00s
[0.468s][info ][gc,marking        ] GC(4) Concurrent Mark 54.803ms
[0.468s][info ][gc,marking        ] GC(4) Concurrent Rebuild Remembered Sets and Scrub Regions
[0.491s][debug][gc,refine         ] Concurrent refinement: wanted 0, cards: 14339, predicted: 14339, time: 0.13ms
[0.491s][info ][gc,marking        ] GC(4) Concurrent Rebuild Remembered Sets and Scrub Regions 23.347ms
[0.492s][info ][gc,start          ] GC(4) Pause Cleanup
[0.492s][debug][gc,phases,start   ] GC(4) Update Remembered Set Tracking After Rebuild
[0.492s][debug][gc,phases         ] GC(4) Update Remembered Set Tracking After Rebuild 0.033ms
[0.492s][debug][gc,phases,start   ] GC(4) Finalize Concurrent Mark Cleanup
[0.492s][debug][gc,ergo,cset      ] GC(4) Pruned 1 regions out of 2, leaving 450736 bytes waste (allowed 15099494)
[0.492s][debug][gc,mmu            ] GC(4) MMU: 103.8ms (200.0ms/201.0ms)
[0.492s][debug][gc,phases         ] GC(4) Finalize Concurrent Mark Cleanup 0.258ms
[0.492s][info ][gc                ] GC(4) Pause Cleanup 114M->114M(288M) 0.396ms
[0.492s][info ][gc,cpu            ] GC(4) User=0.00s Sys=0.00s Real=0.00s
[0.492s][info ][gc,marking        ] GC(4) Concurrent Clear Claimed Marks
[0.492s][info ][gc,marking        ] GC(4) Concurrent Clear Claimed Marks 0.060ms
[0.492s][info ][gc,marking        ] GC(4) Concurrent Cleanup for Next Mark
[0.492s][debug][gc,ergo           ] GC(4) Running G1 Clear Bitmap with 2 workers for 5 work units.
[0.493s][info ][gc,start          ] GC(6) Pause Young (Prepare Mixed) (G1 Evacuation Pause)
[0.493s][debug][gc,heap           ] GC(6) Heap before GC invocations=6 (full 0):
[0.493s][debug][gc,heap           ] GC(6)  garbage-first heap   total 294912K, used 117760K [0x00000000a1e00000, 0x0000000100000000)
[0.493s][debug][gc,heap           ] GC(6)   region size 1024K, 39 young (39936K), 2 survivors (2048K)
[0.493s][debug][gc,heap           ] GC(6)  Metaspace       used 923K, committed 1152K, reserved 1114112K
[0.493s][debug][gc,heap           ] GC(6)   class space    used 82K, committed 192K, reserved 1048576K
[0.493s][info ][gc,task           ] GC(6) Using 6 workers of 8 for evacuation
[0.493s][debug][gc,age            ] GC(6) Desired survivor size 2621440 bytes, new threshold 15 (max threshold 15)
[0.493s][debug][gc,tlab           ] GC(6) TLAB totals: thrds: 3  refills: 260 max: 258 slow allocs: 1 max 1 waste:  0.9% gc: 188512B max: 94336B slow: 148608B max: 148608B
[0.493s][debug][gc,refine,stats   ] GC(6) Mutator refinement: 0.00ms, refined: 0, precleaned: 0, dirtied: 14206
[0.493s][debug][gc,refine,stats   ] GC(6) Concurrent refinement: 0.00ms, refined: 0, precleaned: 0, dirtied: 0
[0.493s][debug][gc,refine,stats   ] GC(6) Total refinement: 0.00ms, refined: 0, precleaned: 0, dirtied: 14206
[0.493s][debug][gc,refine,stats   ] GC(6) Generate dirty cards rate: 279.67 cards/ms
[0.493s][debug][gc,alloc,region   ] GC(6) Mutator Allocation stats, regions: 37, wasted size: 0B ( 0.0%)
[0.493s][debug][gc,humongous      ] GC(6) Humongous region 39 (object size 3241320 @ 0x00000000a4500000) remset 0 code roots 0 marked 1 reclaim candidate 0 type array 0
[0.493s][debug][gc,humongous      ] GC(6) Humongous region 62 (object size 4861968 @ 0x00000000a5c00000) remset 0 code roots 0 marked 0 reclaim candidate 0 type array 0
[0.493s][debug][gc,humongous      ] GC(6) Humongous region 76 (object size 7292936 @ 0x00000000a6a00000) remset 1 code roots 0 marked 0 reclaim candidate 0 type array 0
[0.493s][debug][gc,ergo           ] GC(6) Running G1 Merge Heap Roots using 6 workers for 39 regions
[0.494s][debug][gc,remset         ] GC(6) Visited cards 14656 Total dirty 20480 (71.56%) Total old 315392 (4.65%)
[0.517s][debug][gc,ref            ] GC(6) Skipped SoftWeakFinalRefsPhase of Reference Processing: no references
[0.517s][debug][gc,ref            ] GC(6) Skipped KeepAliveFinalRefsPhase of Reference Processing: no references
[0.517s][debug][gc,ref            ] GC(6) Skipped PhantomRefsPhase of Reference Processing: no references
[0.517s][debug][gc,ergo           ] GC(6) Running G1 Rebuild Free List Task using 6 workers for rebuilding free list of regions
[0.517s][debug][gc,plab           ] GC(6) Young PLAB allocation: allocated: 5242880B, wasted: 2216B, unused: 0B, used: 5240664B, undo waste: 0B, 
[0.518s][debug][gc,plab           ] GC(6) Young other allocation: region end waste: 0B, regions filled: 5, num plab filled: 63, direct allocated: 0B, num direct allocated: 0, failure used: 0B, failure wasted: 0B
[0.518s][debug][gc,plab           ] GC(6) Young sizing: calculated: 1048128B, actual: 893592B
[0.518s][debug][gc,plab           ] GC(6) Old PLAB allocation: allocated: 36700160B, wasted: 3088B, unused: 1380952B, used: 35316120B, undo waste: 0B, 
[0.518s][debug][gc,plab           ] GC(6) Old other allocation: region end waste: 0B, regions filled: 35, num plab filled: 98, direct allocated: 0B, num direct allocated: 0, failure used: 0B, failure wasted: 0B
[0.518s][debug][gc,plab           ] GC(6) Old sizing: calculated: 7063224B, actual: 5734616B
[0.518s][debug][gc,ergo,heap      ] GC(6) Heap expansion: short term pause time ratio 1.17% long term pause time ratio 15.36% threshold 2.94% pause time ratio 7.69% fully expanded false resize by 0B
[0.518s][debug][gc,mmu            ] GC(6) MMU: 103.0ms (200.0ms/201.0ms)
[0.518s][debug][gc,task,start     ] G1 Service Thread (Card Set Free Memory Task) (run 0.051ms after schedule)
[0.518s][debug][gc,alloc,stats    ] Old generation allocation in the last mutator period, old gen allocated: 36700160B, humongous allocated: 7340032B, old gen growth: 36700160B.
[0.518s][debug][gc,ihop           ] GC(6) Basic information (value update), threshold: 135895449B (45.00), target occupancy: 301989888B, current occupancy: 121634816B, recent allocation size: 44040192B, recent allocation duration: 50.80ms, recent old gen allocation rate: 867001181.20B/s, recent marking phase length: 0.00ms
[0.518s][debug][gc,ihop           ] GC(6) Adaptive IHOP information (value update), threshold: 135895449B (47.37), internal target occupancy: 286890393B, occupancy: 121634816B, additional buffer size: 55574528B, predicted old gen allocation rate: 512383810.22B/s, predicted marking phase length: 0.00ms, prediction active: false
[0.518s][debug][gc,ergo,refine    ] GC(6) GC refinement: goal: 33281 + 118 / 20.00ms, actual: 14465 / 3.98ms, HCC: 0 / 0.00ms
[0.518s][debug][gc,ergo,refine    ] GC(6) New pending cards target: 52947
[0.518s][info ][gc,phases         ] GC(6)   Pre Evacuate Collection Set: 0.4ms
[0.518s][debug][gc,phases         ] GC(6)     Prepare TLABs: 0.0ms
[0.518s][debug][gc,phases         ] GC(6)     Concatenate Dirty Card Logs: 0.1ms
[0.518s][debug][gc,phases         ] GC(6)     Choose Collection Set: 0.0ms
[0.518s][debug][gc,phases         ] GC(6)     Region Register: 0.3ms
[0.518s][debug][gc,phases         ] GC(6)     Prepare Heap Roots: 0.0ms
[0.518s][info ][gc,phases         ] GC(6)   Merge Heap Roots: 0.4ms
[0.518s][debug][gc,phases         ] GC(6)     Prepare Merge Heap Roots: 0.0ms
[0.518s][debug][gc,phases         ] GC(6)     Remembered Sets (ms):          Min:  0.0, Avg:  0.0, Max:  0.0, Diff:  0.0, Sum:  0.1, Workers: 6
[0.518s][debug][gc,phases         ] GC(6)       Eager Reclaim (ms):            skipped
[0.518s][debug][gc,phases         ] GC(6)       Merged Inline                  Min: 0, Avg:  0.3, Max: 2, Diff: 2, Sum: 2, Workers: 6
[0.518s][debug][gc,phases         ] GC(6)       Merged ArrayOfCards            Min: 0, Avg:  0.0, Max: 0, Diff: 0, Sum: 0, Workers: 6
[0.518s][debug][gc,phases         ] GC(6)       Merged Howl                    Min: 6, Avg: 10.0, Max: 13, Diff: 7, Sum: 60, Workers: 6
[0.518s][debug][gc,phases         ] GC(6)       Merged Full                    Min: 0, Avg:  0.0, Max: 0, Diff: 0, Sum: 0, Workers: 6
[0.518s][debug][gc,phases         ] GC(6)       Merged Howl Inline             Min: 18, Avg: 28.3, Max: 35, Diff: 17, Sum: 170, Workers: 6
[0.518s][debug][gc,phases         ] GC(6)       Merged Howl ArrayOfCards       Min: 0, Avg:  0.0, Max: 0, Diff: 0, Sum: 0, Workers: 6
[0.518s][debug][gc,phases         ] GC(6)       Merged Howl BitMap             Min: 6, Avg: 11.7, Max: 18, Diff: 12, Sum: 70, Workers: 6
[0.518s][debug][gc,phases         ] GC(6)       Merged Howl Full               Min: 0, Avg:  0.0, Max: 0, Diff: 0, Sum: 0, Workers: 6
[0.518s][debug][gc,phases         ] GC(6)       Merged Cards                   Min: 522, Avg: 1218.0, Max: 1549, Diff: 1027, Sum: 7308, Workers: 6
[0.518s][debug][gc,phases         ] GC(6)     Hot Card Cache (ms):           Min:  0.0, Avg:  0.0, Max:  0.0, Diff:  0.0, Sum:  0.0, Workers: 6
[0.518s][debug][gc,phases         ] GC(6)       Dirty Cards:                   Min: 0, Avg:  0.0, Max: 0, Diff: 0, Sum: 0, Workers: 6
[0.518s][debug][gc,phases         ] GC(6)       Skipped Cards:                 Min: 0, Avg:  0.0, Max: 0, Diff: 0, Sum: 0, Workers: 6
[0.518s][debug][gc,phases         ] GC(6)     Log Buffers (ms):              Min:  0.1, Avg:  0.1, Max:  0.1, Diff:  0.0, Sum:  0.4, Workers: 6
[0.518s][debug][gc,phases         ] GC(6)       Dirty Cards:                   Min: 2178, Avg: 2410.8, Max: 2702, Diff: 524, Sum: 14465, Workers: 6
[0.519s][debug][gc,phases         ] GC(6)       Skipped Cards:                 Min: 0, Avg:  0.0, Max: 0, Diff: 0, Sum: 0, Workers: 6
[0.519s][info ][gc,phases         ] GC(6)   Evacuate Collection Set: 23.1ms
[0.519s][debug][gc,phases         ] GC(6)     Ext Root Scanning (ms):        Min:  0.0, Avg:  0.0, Max:  0.1, Diff:  0.1, Sum:  0.1, Workers: 6
[0.519s][debug][gc,phases         ] GC(6)     Scan Heap Roots (ms):          Min:  1.9, Avg:  3.9, Max:  8.7, Diff:  6.8, Sum: 23.5, Workers: 6
[0.519s][debug][gc,phases         ] GC(6)       Scanned Cards:                 Min: 992, Avg: 2410.8, Max: 4704, Diff: 3712, Sum: 14465, Workers: 6
[0.519s][debug][gc,phases         ] GC(6)       Scanned Blocks:                Min: 31, Avg: 76.5, Max: 147, Diff: 116, Sum: 459, Workers: 6
[0.519s][debug][gc,phases         ] GC(6)       Claimed Chunks:                Min: 31, Avg: 76.3, Max: 147, Diff: 116, Sum: 458, Workers: 6
[0.519s][debug][gc,phases         ] GC(6)       Found Roots:                   Min: 77824, Avg: 154108.3, Max: 222335, Diff: 144511, Sum: 924650, Workers: 6
[0.519s][debug][gc,phases         ] GC(6)     Code Root Scan (ms):           Min:  0.0, Avg:  0.0, Max:  0.0, Diff:  0.0, Sum:  0.0, Workers: 6
[0.519s][debug][gc,phases         ] GC(6)     Object Copy (ms):              Min: 14.1, Avg: 19.0, Max: 21.0, Diff:  6.9, Sum: 113.8, Workers: 6
[0.519s][debug][gc,phases         ] GC(6)     Termination (ms):              Min:  0.0, Avg:  0.0, Max:  0.0, Diff:  0.0, Sum:  0.0, Workers: 6
[0.519s][debug][gc,phases         ] GC(6)       Termination Attempts:          Min: 1, Avg:  3.8, Max: 7, Diff: 6, Sum: 23, Workers: 6
[0.519s][debug][gc,phases         ] GC(6)     GC Worker Other (ms):          Min:  0.0, Avg:  0.1, Max:  0.2, Diff:  0.1, Sum:  0.6, Workers: 6
[0.519s][debug][gc,phases         ] GC(6)     GC Worker Total (ms):          Min: 23.0, Avg: 23.0, Max: 23.0, Diff:  0.0, Sum: 138.0, Workers: 6
[0.519s][info ][gc,phases         ] GC(6)   Post Evacuate Collection Set: 0.6ms
[0.519s][debug][gc,phases         ] GC(6)     NMethod List Cleanup: 0.0ms
[0.519s][debug][gc,phases         ] GC(6)     Reference Processing: 0.1ms
[0.519s][debug][gc,phases,ref     ] GC(6)       Notify Soft/WeakReferences: 0.1ms
[0.519s][debug][gc,phases,ref     ] GC(6)         SoftRef (ms):                  skipped
[0.519s][debug][gc,phases,ref     ] GC(6)         WeakRef (ms):                  skipped
[0.519s][debug][gc,phases,ref     ] GC(6)         FinalRef (ms):                 skipped
[0.519s][debug][gc,phases,ref     ] GC(6)         Total (ms):                    skipped
[0.519s][debug][gc,phases,ref     ] GC(6)       Notify and keep alive finalizable: 0.0ms
[0.519s][debug][gc,phases,ref     ] GC(6)         FinalRef (ms):                 skipped
[0.519s][debug][gc,phases,ref     ] GC(6)       Notify PhantomReferences: 0.0ms
[0.519s][debug][gc,phases,ref     ] GC(6)         PhantomRef (ms):               skipped
[0.519s][debug][gc,phases,ref     ] GC(6)       SoftReference Discovered: 0, Dropped: 0, Processed: 0
[0.519s][debug][gc,phases,ref     ] GC(6)       WeakReference Discovered: 0, Dropped: 0, Processed: 0
[0.519s][debug][gc,phases,ref     ] GC(6)       FinalReference Discovered: 0, Dropped: 0, Processed: 0
[0.519s][debug][gc,phases,ref     ] GC(6)       PhantomReference Discovered: 0, Dropped: 0, Processed: 0
[0.519s][debug][gc,phases         ] GC(6)     Weak Processing: 0.1ms
[0.519s][debug][gc,phases         ] GC(6)       VM Weak                        Min:  0.0, Avg:  0.0, Max:  0.0, Diff:  0.0, Sum:  0.0, Workers: 5
[0.519s][debug][gc,phases         ] GC(6)         Dead                           Min: 0, Avg:  0.0, Max: 0, Diff: 0, Sum: 0, Workers: 5
[0.519s][debug][gc,phases         ] GC(6)         Total                          Min: 0, Avg:  6.4, Max: 32, Diff: 32, Sum: 32, Workers: 5
[0.519s][debug][gc,phases         ] GC(6)       ObjectSynchronizer Weak        Min:  0.0, Avg:  0.0, Max:  0.0, Diff:  0.0, Sum:  0.0, Workers: 5
[0.519s][debug][gc,phases         ] GC(6)         Dead                           Min: 0, Avg:  0.0, Max: 0, Diff: 0, Sum: 0, Workers: 5
[0.519s][debug][gc,phases         ] GC(6)         Total                          Min: 0, Avg:  0.4, Max: 2, Diff: 2, Sum: 2, Workers: 5
[0.519s][debug][gc,phases         ] GC(6)       JVMTI Tag Weak OopStorage      Min:  0.0, Avg:  0.0, Max:  0.0, Diff:  0.0, Sum:  0.0, Workers: 5
[0.519s][debug][gc,phases         ] GC(6)         Dead                           Min: 0, Avg:  0.0, Max: 0, Diff: 0, Sum: 0, Workers: 5
[0.519s][debug][gc,phases         ] GC(6)         Total                          Min: 0, Avg:  0.0, Max: 0, Diff: 0, Sum: 0, Workers: 5
[0.519s][debug][gc,phases         ] GC(6)       StringTable Weak               Min:  0.0, Avg:  0.0, Max:  0.0, Diff:  0.0, Sum:  0.1, Workers: 5
[0.519s][debug][gc,phases         ] GC(6)         Dead                           Min: 0, Avg:  0.0, Max: 0, Diff: 0, Sum: 0, Workers: 5
[0.519s][debug][gc,phases         ] GC(6)         Total                          Min: 448, Avg: 904.8, Max: 1472, Diff: 1024, Sum: 4524, Workers: 5
[0.519s][debug][gc,phases         ] GC(6)       ResolvedMethodTable Weak       Min:  0.0, Avg:  0.0, Max:  0.0, Diff:  0.0, Sum:  0.0, Workers: 5
[0.519s][debug][gc,phases         ] GC(6)         Dead                           Min: 0, Avg:  0.0, Max: 0, Diff: 0, Sum: 0, Workers: 5
[0.519s][debug][gc,phases         ] GC(6)         Total                          Min: 34, Avg: 58.0, Max: 64, Diff: 30, Sum: 290, Workers: 5
[0.519s][debug][gc,phases         ] GC(6)       JNI Weak                       Min:  0.0, Avg:  0.0, Max:  0.0, Diff:  0.0, Sum:  0.0, Workers: 5
[0.520s][debug][gc,phases         ] GC(6)         Dead                           Min: 0, Avg:  0.0, Max: 0, Diff: 0, Sum: 0, Workers: 5
[0.520s][debug][gc,phases         ] GC(6)         Total                          Min: 0, Avg:  0.0, Max: 0, Diff: 0, Sum: 0, Workers: 5
[0.520s][debug][gc,phases         ] GC(6)       StringDedup Table Weak         Min:  0.0, Avg:  0.0, Max:  0.0, Diff:  0.0, Sum:  0.0, Workers: 5
[0.520s][debug][gc,phases         ] GC(6)         Dead                           Min: 0, Avg:  0.0, Max: 0, Diff: 0, Sum: 0, Workers: 5
[0.520s][debug][gc,phases         ] GC(6)         Total                          Min: 0, Avg:  0.0, Max: 0, Diff: 0, Sum: 0, Workers: 5
[0.520s][debug][gc,phases         ] GC(6)       StringDedup Requests0 Weak     Min:  0.0, Avg:  0.0, Max:  0.0, Diff:  0.0, Sum:  0.0, Workers: 5
[0.520s][debug][gc,phases         ] GC(6)         Dead                           Min: 0, Avg:  0.0, Max: 0, Diff: 0, Sum: 0, Workers: 5
[0.520s][debug][gc,phases         ] GC(6)         Total                          Min: 0, Avg:  0.0, Max: 0, Diff: 0, Sum: 0, Workers: 5
[0.520s][debug][gc,phases         ] GC(6)       StringDedup Requests1 Weak     Min:  0.0, Avg:  0.0, Max:  0.0, Diff:  0.0, Sum:  0.0, Workers: 5
[0.520s][debug][gc,phases         ] GC(6)         Dead                           Min: 0, Avg:  0.0, Max: 0, Diff: 0, Sum: 0, Workers: 5
[0.520s][debug][gc,phases         ] GC(6)         Total                          Min: 0, Avg:  0.0, Max: 0, Diff: 0, Sum: 0, Workers: 5
[0.520s][debug][gc,phases         ] GC(6)       Weak JFR Old Object Samples    Min:  0.0, Avg:  0.0, Max:  0.0, Diff:  0.0, Sum:  0.0, Workers: 5
[0.520s][debug][gc,phases         ] GC(6)         Dead                           Min: 0, Avg:  0.0, Max: 0, Diff: 0, Sum: 0, Workers: 5
[0.520s][debug][gc,phases         ] GC(6)         Total                          Min: 0, Avg:  0.0, Max: 0, Diff: 0, Sum: 0, Workers: 5
[0.520s][debug][gc,phases         ] GC(6)     Post Evacuate Cleanup 1: 0.1ms
[0.520s][debug][gc,phases         ] GC(6)       Merge Per-Thread State (ms):   Min:  0.0, Avg:  0.0, Max:  0.0, Diff:  0.0, Sum:  0.0, Workers: 1
[0.520s][debug][gc,phases         ] GC(6)         Copied Bytes                   Min: 3064904, Avg: 6759464.0, Max: 10848864, Diff: 7783960, Sum: 40556784, Workers: 6
[0.520s][debug][gc,phases         ] GC(6)         LAB Waste                      Min: 464, Avg: 884.0, Max: 1280, Diff: 816, Sum: 5304, Workers: 6
[0.520s][debug][gc,phases         ] GC(6)         LAB Undo Waste                 Min: 0, Avg:  0.0, Max: 0, Diff: 0, Sum: 0, Workers: 6
[0.520s][debug][gc,phases         ] GC(6)       Clear Logged Cards (ms):       Min:  0.0, Avg:  0.0, Max:  0.0, Diff:  0.0, Sum:  0.0, Workers: 4
[0.520s][debug][gc,phases         ] GC(6)       Recalculate Used Memory (ms):  Min:  0.0, Avg:  0.0, Max:  0.0, Diff:  0.0, Sum:  0.0, Workers: 1
[0.520s][debug][gc,phases         ] GC(6)     Post Evacuate Cleanup 2: 0.1ms
[0.520s][debug][gc,phases         ] GC(6)       Reset Hot Card Cache (ms):     Min:  0.0, Avg:  0.0, Max:  0.0, Diff:  0.0, Sum:  0.0, Workers: 1
[0.520s][debug][gc,phases         ] GC(6)       Purge Code Roots (ms):         Min:  0.0, Avg:  0.0, Max:  0.0, Diff:  0.0, Sum:  0.0, Workers: 1
[0.520s][debug][gc,phases         ] GC(6)       Update Derived Pointers (ms):  Min:  0.0, Avg:  0.0, Max:  0.0, Diff:  0.0, Sum:  0.0, Workers: 1
[0.520s][debug][gc,phases         ] GC(6)       Eagerly Reclaim Humongous Objects (ms): skipped
[0.520s][debug][gc,phases         ] GC(6)         Humongous Total                skipped
[0.520s][debug][gc,phases         ] GC(6)         Humongous Candidates           skipped
[0.520s][debug][gc,phases         ] GC(6)         Humongous Reclaimed            skipped
[0.520s][debug][gc,phases         ] GC(6)       Sample CSet Candidates (ms):   Min:  0.0, Avg:  0.0, Max:  0.0, Diff:  0.0, Sum:  0.0, Workers: 1
[0.520s][debug][gc,phases         ] GC(6)       Redirty Logged Cards (ms):     Min:  0.0, Avg:  0.0, Max:  0.0, Diff:  0.0, Sum:  0.0, Workers: 6
[0.520s][debug][gc,phases         ] GC(6)         Redirtied Cards:               Min: 0, Avg: 203.0, Max: 838, Diff: 838, Sum: 1218, Workers: 6
[0.520s][debug][gc,phases         ] GC(6)       Free Collection Set (ms):      Min:  0.0, Avg:  0.0, Max:  0.0, Diff:  0.0, Sum:  0.1, Workers: 6
[0.520s][debug][gc,phases         ] GC(6)     Rebuild Free List: 0.1ms
[0.520s][debug][gc,phases         ] GC(6)     Start New Collection Set: 0.0ms
[0.520s][debug][gc,phases         ] GC(6)     Resize TLABs: 0.2ms
[0.520s][debug][gc,phases         ] GC(6)     Expand Heap After Collection: 0.0ms
[0.520s][info ][gc,phases         ] GC(6)   Other: 0.7ms
[0.520s][debug][gc,remset         ] GC(6) Coarsening (recent): Inline->AoC 67 (0) AoC->Howl 66 (0) Howl->Full 0 (0) Inline->AoC 79 (0) AoC->BitMap 76 (0) BitMap->Full 0 (0) 
[0.520s][debug][gc,remset         ] GC(6) Coarsening (all): Inline->AoC 67 (0) AoC->Howl 66 (0) Howl->Full 0 (0) Inline->AoC 79 (0) AoC->BitMap 76 (0) BitMap->Full 0 (0) 
[0.520s][info ][gc,heap           ] GC(6) Eden regions: 37->0(48)
[0.520s][info ][gc,heap           ] GC(6) Survivor regions: 2->5(5)
[0.520s][info ][gc,heap           ] GC(6) Old regions: 60->95
[0.520s][info ][gc,heap           ] GC(6) Archive regions: 0->0
[0.520s][info ][gc,heap           ] GC(6) Humongous regions: 16->16
[0.520s][info ][gc,metaspace      ] GC(6) Metaspace: 923K(1152K)->923K(1152K) NonClass: 841K(960K)->841K(960K) Class: 82K(192K)->82K(192K)
[0.520s][debug][gc,heap           ] GC(6) Heap after GC invocations=7 (full 0):
[0.521s][debug][gc,heap           ] GC(6)  garbage-first heap   total 294912K, used 118784K [0x00000000a1e00000, 0x0000000100000000)
[0.521s][debug][gc,heap           ] GC(6)   region size 1024K, 5 young (5120K), 5 survivors (5120K)
[0.521s][debug][gc,heap           ] GC(6)  Metaspace       used 923K, committed 1152K, reserved 1114112K
[0.521s][debug][gc,heap           ] GC(6)   class space    used 82K, committed 192K, reserved 1048576K
[0.521s][info ][gc                ] GC(6) Pause Young (Prepare Mixed) (G1 Evacuation Pause) 115M->116M(288M) 27.993ms
[0.521s][info ][gc,cpu            ] GC(6) User=0.09s Sys=0.00s Real=0.03s
[0.521s][debug][gc,refine         ] Concurrent refinement: wanted 0, cards: 1218, predicted: 27277, time: 68.05ms
[0.521s][debug][gc,task           ] G1 Service Thread (Card Set Free Memory Task) (run: 3.113ms) (cpu: 0.000ms)
[0.522s][info ][gc,marking        ] GC(4) Concurrent Cleanup for Next Mark 29.674ms
[0.522s][info ][gc                ] GC(4) Concurrent Mark Cycle 110.685ms
[0.571s][info ][gc,start          ] GC(7) Pause Young (Mixed) (G1 Evacuation Pause)
[0.571s][debug][gc,heap           ] GC(7) Heap before GC invocations=7 (full 0):
[0.571s][debug][gc,heap           ] GC(7)  garbage-first heap   total 294912K, used 184320K [0x00000000a1e00000, 0x0000000100000000)
[0.571s][debug][gc,heap           ] GC(7)   region size 1024K, 58 young (59392K), 5 survivors (5120K)
[0.571s][debug][gc,heap           ] GC(7)  Metaspace       used 923K, committed 1152K, reserved 1114112K
[0.571s][debug][gc,heap           ] GC(7)   class space    used 82K, committed 192K, reserved 1048576K
[0.571s][info ][gc,task           ] GC(7) Using 6 workers of 8 for evacuation
[0.571s][debug][gc,age            ] GC(7) Desired survivor size 4194304 bytes, new threshold 2 (max threshold 15)
[0.571s][debug][gc,tlab           ] GC(7) TLAB totals: thrds: 1  refills: 159 max: 159 slow allocs: 1 max 1 waste:  0.2% gc: 0B max: 0B slow: 91584B max: 91584B
[0.571s][debug][gc,refine,stats   ] GC(7) Mutator refinement: 0.00ms, refined: 0, precleaned: 0, dirtied: 21019
[0.571s][debug][gc,refine,stats   ] GC(7) Concurrent refinement: 0.00ms, refined: 0, precleaned: 0, dirtied: 0
[0.571s][debug][gc,refine,stats   ] GC(7) Total refinement: 0.00ms, refined: 0, precleaned: 0, dirtied: 21019
[0.571s][debug][gc,refine,stats   ] GC(7) Generate dirty cards rate: 393.92 cards/ms
[0.571s][debug][gc,alloc,region   ] GC(7) Mutator Allocation stats, regions: 53, wasted size: 0B ( 0.0%)
[0.571s][debug][gc,ergo,cset      ] GC(7) Start adding old regions to collection set. Min 1 regions, max 29 regions, time remaining 133.61ms, optional threshold 26.72ms
[0.571s][debug][gc,ergo,cset      ] GC(7) Old candidate collection set empty.
[0.571s][debug][gc,ergo,cset      ] GC(7) Finish choosing collection set old regions. Initial: 1, optional: 0, predicted initial time: 1.98ms, predicted optional time: 0.00ms, time remaining: 131.63
[0.571s][debug][gc,humongous      ] GC(7) Humongous region 62 (object size 4861968 @ 0x00000000a5c00000) remset 0 code roots 0 marked 0 reclaim candidate 0 type array 0
[0.571s][debug][gc,humongous      ] GC(7) Humongous region 113 (object size 10939400 @ 0x00000000a8f00000) remset 0 code roots 0 marked 0 reclaim candidate 0 type array 0
[0.571s][debug][gc,humongous      ] GC(7) Humongous region 39 (object size 3241320 @ 0x00000000a4500000) remset 0 code roots 0 marked 0 reclaim candidate 0 type array 0
[0.571s][debug][gc,humongous      ] GC(7) Humongous region 76 (object size 7292936 @ 0x00000000a6a00000) remset 1 code roots 0 marked 0 reclaim candidate 0 type array 0
[0.572s][debug][gc,ergo           ] GC(7) Running G1 Merge Heap Roots using 6 workers for 59 regions
[0.572s][debug][gc,remset         ] GC(7) Visited cards 22784 Total dirty 40960 (55.62%) Total old 489472 (4.65%)
[0.608s][debug][gc,ref            ] GC(7) Skipped SoftWeakFinalRefsPhase of Reference Processing: no references
[0.608s][debug][gc,ref            ] GC(7) Skipped KeepAliveFinalRefsPhase of Reference Processing: no references
[0.609s][debug][gc,ref            ] GC(7) Skipped PhantomRefsPhase of Reference Processing: no references
[0.609s][debug][gc,ergo           ] GC(7) Running G1 Rebuild Free List Task using 6 workers for rebuilding free list of regions
[0.609s][debug][gc,plab           ] GC(7) Young PLAB allocation: allocated: 8388608B, wasted: 1552B, unused: 0B, used: 8387056B, undo waste: 0B, 
[0.609s][debug][gc,plab           ] GC(7) Young other allocation: region end waste: 0B, regions filled: 8, num plab filled: 55, direct allocated: 0B, num direct allocated: 0, failure used: 0B, failure wasted: 0B
[0.609s][debug][gc,plab           ] GC(7) Young sizing: calculated: 1677408B, actual: 1481448B
[0.609s][debug][gc,plab           ] GC(7) Old PLAB allocation: allocated: 54525952B, wasted: 3144B, unused: 1771224B, used: 52751584B, undo waste: 0B, 
[0.609s][debug][gc,plab           ] GC(7) Old other allocation: region end waste: 0B, regions filled: 52, num plab filled: 104, direct allocated: 0B, num direct allocated: 0, failure used: 0B, failure wasted: 0B
[0.609s][debug][gc,plab           ] GC(7) Old sizing: calculated: 10550312B, actual: 9346384B
[0.609s][debug][gc,ergo,heap      ] GC(7) Heap expansion: short term pause time ratio 96.62% long term pause time ratio 19.47% threshold 2.94% pause time ratio 7.69% fully expanded false resize by 0B
[0.609s][debug][gc,ergo,ihop      ] GC(7) Do not request concurrent cycle initiation (still doing mixed collections) occupancy: 181403648B allocation request: 0B threshold: 135895449B (45.00) source: end of GC
[0.609s][debug][gc,task,start     ] G1 Service Thread (Card Set Free Memory Task) (run 0.034ms after schedule)
[0.609s][debug][gc,mmu            ] GC(7) MMU: 83.9ms (200.0ms/201.0ms)
[0.609s][debug][gc,ergo           ] GC(7) do not continue mixed GCs (candidate old regions not available)
[0.609s][debug][gc,ergo,ihop      ] GC(7) Request concurrent cycle initiation (occupancy higher than threshold) occupancy: 181403648B allocation request: 0B threshold: 135895449B (45.00) source: end of GC
[0.609s][debug][gc,alloc,stats    ] Old generation allocation in the last mutator period, old gen allocated: 54525952B, humongous allocated: 11534336B, old gen growth: 66060288B.
[0.609s][debug][gc,ihop           ] GC(7) Basic information (value update), threshold: 135895449B (45.00), target occupancy: 301989888B, current occupancy: 189792256B, recent allocation size: 66060288B, recent allocation duration: 50.80ms, recent old gen allocation rate: 1300501771.79B/s, recent marking phase length: 117.12ms
[0.609s][debug][gc,ihop           ] GC(7) Adaptive IHOP information (value update), threshold: 135895449B (47.37), internal target occupancy: 286890393B, occupancy: 189792256B, additional buffer size: 55574528B, predicted old gen allocation rate: 512383810.22B/s, predicted marking phase length: 234.23ms, prediction active: false
[0.610s][debug][gc,ergo,refine    ] GC(7) GC refinement: goal: 52947 + 101 / 20.00ms, actual: 22237 / 5.77ms, HCC: 0 / 0.00ms
[0.610s][debug][gc,ergo,refine    ] GC(7) New pending cards target: 64968
[0.610s][info ][gc,phases         ] GC(7)   Pre Evacuate Collection Set: 0.5ms
[0.610s][debug][gc,phases         ] GC(7)     Prepare TLABs: 0.0ms
[0.610s][debug][gc,phases         ] GC(7)     Concatenate Dirty Card Logs: 0.1ms
[0.610s][debug][gc,phases         ] GC(7)     Choose Collection Set: 0.1ms
[0.610s][debug][gc,phases         ] GC(7)     Region Register: 0.3ms
[0.610s][debug][gc,phases         ] GC(7)     Prepare Heap Roots: 0.0ms
[0.610s][info ][gc,phases         ] GC(7)   Merge Heap Roots: 0.3ms
[0.610s][debug][gc,phases         ] GC(7)     Prepare Merge Heap Roots: 0.0ms
[0.610s][debug][gc,phases         ] GC(7)     Remembered Sets (ms):          Min:  0.0, Avg:  0.0, Max:  0.0, Diff:  0.0, Sum:  0.0, Workers: 6
[0.610s][debug][gc,phases         ] GC(7)       Eager Reclaim (ms):            skipped
[0.610s][debug][gc,phases         ] GC(7)       Merged Inline                  Min: 0, Avg:  0.0, Max: 0, Diff: 0, Sum: 0, Workers: 6
[0.610s][debug][gc,phases         ] GC(7)       Merged ArrayOfCards            Min: 0, Avg:  0.2, Max: 1, Diff: 1, Sum: 1, Workers: 6
[0.610s][debug][gc,phases         ] GC(7)       Merged Howl                    Min: 0, Avg:  0.5, Max: 3, Diff: 3, Sum: 3, Workers: 6
[0.610s][debug][gc,phases         ] GC(7)       Merged Full                    Min: 0, Avg:  0.0, Max: 0, Diff: 0, Sum: 0, Workers: 6
[0.610s][debug][gc,phases         ] GC(7)       Merged Howl Inline             Min: 0, Avg:  1.5, Max: 9, Diff: 9, Sum: 9, Workers: 6
[0.610s][debug][gc,phases         ] GC(7)       Merged Howl ArrayOfCards       Min: 0, Avg:  0.0, Max: 0, Diff: 0, Sum: 0, Workers: 6
[0.610s][debug][gc,phases         ] GC(7)       Merged Howl BitMap             Min: 0, Avg:  0.5, Max: 3, Diff: 3, Sum: 3, Workers: 6
[0.610s][debug][gc,phases         ] GC(7)       Merged Howl Full               Min: 0, Avg:  0.0, Max: 0, Diff: 0, Sum: 0, Workers: 6
[0.610s][debug][gc,phases         ] GC(7)       Merged Cards                   Min: 8, Avg: 35.0, Max: 170, Diff: 162, Sum: 210, Workers: 6
[0.610s][debug][gc,phases         ] GC(7)     Hot Card Cache (ms):           Min:  0.0, Avg:  0.0, Max:  0.0, Diff:  0.0, Sum:  0.0, Workers: 6
[0.610s][debug][gc,phases         ] GC(7)       Dirty Cards:                   Min: 0, Avg:  0.0, Max: 0, Diff: 0, Sum: 0, Workers: 6
[0.610s][debug][gc,phases         ] GC(7)       Skipped Cards:                 Min: 0, Avg:  0.0, Max: 0, Diff: 0, Sum: 0, Workers: 6
[0.610s][debug][gc,phases         ] GC(7)     Log Buffers (ms):              Min:  0.1, Avg:  0.1, Max:  0.1, Diff:  0.0, Sum:  0.5, Workers: 6
[0.610s][debug][gc,phases         ] GC(7)       Dirty Cards:                   Min: 2560, Avg: 3706.2, Max: 6015, Diff: 3455, Sum: 22237, Workers: 6
[0.610s][debug][gc,phases         ] GC(7)       Skipped Cards:                 Min: 0, Avg:  0.0, Max: 0, Diff: 0, Sum: 0, Workers: 6
[0.610s][info ][gc,phases         ] GC(7)   Evacuate Collection Set: 36.4ms
[0.610s][debug][gc,phases         ] GC(7)     Ext Root Scanning (ms):        Min:  0.0, Avg:  0.0, Max:  0.0, Diff:  0.0, Sum:  0.1, Workers: 6
[0.610s][debug][gc,phases         ] GC(7)     Scan Heap Roots (ms):          Min:  2.7, Avg:  5.7, Max: 13.0, Diff: 10.3, Sum: 34.3, Workers: 6
[0.610s][debug][gc,phases         ] GC(7)       Scanned Cards:                 Min: 1627, Avg: 3723.8, Max: 9824, Diff: 8197, Sum: 22343, Workers: 6
[0.610s][debug][gc,phases         ] GC(7)       Scanned Blocks:                Min: 55, Avg: 118.8, Max: 307, Diff: 252, Sum: 713, Workers: 6
[0.610s][debug][gc,phases         ] GC(7)       Claimed Chunks:                Min: 55, Avg: 118.7, Max: 307, Diff: 252, Sum: 712, Workers: 6
[0.610s][debug][gc,phases         ] GC(7)       Found Roots:                   Min: 191699, Avg: 231154.0, Max: 294912, Diff: 103213, Sum: 1386924, Workers: 6
[0.610s][debug][gc,phases         ] GC(7)     Code Root Scan (ms):           Min:  0.0, Avg:  0.0, Max:  0.0, Diff:  0.0, Sum:  0.0, Workers: 6
[0.610s][debug][gc,phases         ] GC(7)     Object Copy (ms):              Min: 23.3, Avg: 30.6, Max: 33.6, Diff: 10.3, Sum: 183.5, Workers: 6
[0.610s][debug][gc,phases         ] GC(7)     Termination (ms):              Min:  0.0, Avg:  0.0, Max:  0.0, Diff:  0.0, Sum:  0.0, Workers: 6
[0.610s][debug][gc,phases         ] GC(7)       Termination Attempts:          Min: 1, Avg:  1.3, Max: 2, Diff: 1, Sum: 8, Workers: 6
[0.610s][debug][gc,phases         ] GC(7)     GC Worker Other (ms):          Min:  0.0, Avg:  0.0, Max:  0.1, Diff:  0.0, Sum:  0.2, Workers: 6
[0.610s][debug][gc,phases         ] GC(7)     GC Worker Total (ms):          Min: 36.3, Avg: 36.3, Max: 36.4, Diff:  0.0, Sum: 218.1, Workers: 6
[0.610s][info ][gc,phases         ] GC(7)   Post Evacuate Collection Set: 0.6ms
[0.610s][debug][gc,phases         ] GC(7)     NMethod List Cleanup: 0.0ms
[0.610s][debug][gc,phases         ] GC(7)     Reference Processing: 0.1ms
[0.610s][debug][gc,phases,ref     ] GC(7)       Notify Soft/WeakReferences: 0.1ms
[0.610s][debug][gc,phases,ref     ] GC(7)         SoftRef (ms):                  skipped
[0.610s][debug][gc,phases,ref     ] GC(7)         WeakRef (ms):                  skipped
[0.611s][debug][gc,phases,ref     ] GC(7)         FinalRef (ms):                 skipped
[0.611s][debug][gc,phases,ref     ] GC(7)         Total (ms):                    skipped
[0.611s][debug][gc,phases,ref     ] GC(7)       Notify and keep alive finalizable: 0.0ms
[0.611s][debug][gc,phases,ref     ] GC(7)         FinalRef (ms):                 skipped
[0.611s][debug][gc,phases,ref     ] GC(7)       Notify PhantomReferences: 0.0ms
[0.611s][debug][gc,phases,ref     ] GC(7)         PhantomRef (ms):               skipped
[0.611s][debug][gc,phases,ref     ] GC(7)       SoftReference Discovered: 0, Dropped: 0, Processed: 0
[0.611s][debug][gc,phases,ref     ] GC(7)       WeakReference Discovered: 0, Dropped: 0, Processed: 0
[0.611s][debug][gc,phases,ref     ] GC(7)       FinalReference Discovered: 0, Dropped: 0, Processed: 0
[0.611s][debug][gc,phases,ref     ] GC(7)       PhantomReference Discovered: 0, Dropped: 0, Processed: 0
[0.611s][debug][gc,phases         ] GC(7)     Weak Processing: 0.1ms
[0.611s][debug][gc,phases         ] GC(7)       VM Weak                        Min:  0.0, Avg:  0.0, Max:  0.0, Diff:  0.0, Sum:  0.0, Workers: 5
[0.611s][debug][gc,phases         ] GC(7)         Dead                           Min: 0, Avg:  0.0, Max: 0, Diff: 0, Sum: 0, Workers: 5
[0.611s][debug][gc,phases         ] GC(7)         Total                          Min: 0, Avg:  6.4, Max: 32, Diff: 32, Sum: 32, Workers: 5
[0.611s][debug][gc,phases         ] GC(7)       ObjectSynchronizer Weak        Min:  0.0, Avg:  0.0, Max:  0.0, Diff:  0.0, Sum:  0.0, Workers: 5
[0.611s][debug][gc,phases         ] GC(7)         Dead                           Min: 0, Avg:  0.0, Max: 0, Diff: 0, Sum: 0, Workers: 5
[0.611s][debug][gc,phases         ] GC(7)         Total                          Min: 0, Avg:  0.4, Max: 2, Diff: 2, Sum: 2, Workers: 5
[0.611s][debug][gc,phases         ] GC(7)       JVMTI Tag Weak OopStorage      Min:  0.0, Avg:  0.0, Max:  0.0, Diff:  0.0, Sum:  0.0, Workers: 5
[0.611s][debug][gc,phases         ] GC(7)         Dead                           Min: 0, Avg:  0.0, Max: 0, Diff: 0, Sum: 0, Workers: 5
[0.611s][debug][gc,phases         ] GC(7)         Total                          Min: 0, Avg:  0.0, Max: 0, Diff: 0, Sum: 0, Workers: 5
[0.611s][debug][gc,phases         ] GC(7)       StringTable Weak               Min:  0.0, Avg:  0.0, Max:  0.0, Diff:  0.0, Sum:  0.1, Workers: 5
[0.611s][debug][gc,phases         ] GC(7)         Dead                           Min: 0, Avg:  0.0, Max: 0, Diff: 0, Sum: 0, Workers: 5
[0.611s][debug][gc,phases         ] GC(7)         Total                          Min: 192, Avg: 904.8, Max: 1728, Diff: 1536, Sum: 4524, Workers: 5
[0.611s][debug][gc,phases         ] GC(7)       ResolvedMethodTable Weak       Min:  0.0, Avg:  0.0, Max:  0.0, Diff:  0.0, Sum:  0.0, Workers: 5
[0.611s][debug][gc,phases         ] GC(7)         Dead                           Min: 0, Avg:  0.0, Max: 0, Diff: 0, Sum: 0, Workers: 5
[0.611s][debug][gc,phases         ] GC(7)         Total                          Min: 0, Avg: 58.0, Max: 128, Diff: 128, Sum: 290, Workers: 5
[0.611s][debug][gc,phases         ] GC(7)       JNI Weak                       Min:  0.0, Avg:  0.0, Max:  0.0, Diff:  0.0, Sum:  0.0, Workers: 5
[0.611s][debug][gc,phases         ] GC(7)         Dead                           Min: 0, Avg:  0.0, Max: 0, Diff: 0, Sum: 0, Workers: 5
[0.611s][debug][gc,phases         ] GC(7)         Total                          Min: 0, Avg:  0.0, Max: 0, Diff: 0, Sum: 0, Workers: 5
[0.611s][debug][gc,phases         ] GC(7)       StringDedup Table Weak         Min:  0.0, Avg:  0.0, Max:  0.0, Diff:  0.0, Sum:  0.0, Workers: 5
[0.611s][debug][gc,phases         ] GC(7)         Dead                           Min: 0, Avg:  0.0, Max: 0, Diff: 0, Sum: 0, Workers: 5
[0.611s][debug][gc,phases         ] GC(7)         Total                          Min: 0, Avg:  0.0, Max: 0, Diff: 0, Sum: 0, Workers: 5
[0.611s][debug][gc,phases         ] GC(7)       StringDedup Requests0 Weak     Min:  0.0, Avg:  0.0, Max:  0.0, Diff:  0.0, Sum:  0.0, Workers: 5
[0.611s][debug][gc,phases         ] GC(7)         Dead                           Min: 0, Avg:  0.0, Max: 0, Diff: 0, Sum: 0, Workers: 5
[0.611s][debug][gc,phases         ] GC(7)         Total                          Min: 0, Avg:  0.0, Max: 0, Diff: 0, Sum: 0, Workers: 5
[0.611s][debug][gc,phases         ] GC(7)       StringDedup Requests1 Weak     Min:  0.0, Avg:  0.0, Max:  0.0, Diff:  0.0, Sum:  0.0, Workers: 5
[0.611s][debug][gc,phases         ] GC(7)         Dead                           Min: 0, Avg:  0.0, Max: 0, Diff: 0, Sum: 0, Workers: 5
[0.611s][debug][gc,phases         ] GC(7)         Total                          Min: 0, Avg:  0.0, Max: 0, Diff: 0, Sum: 0, Workers: 5
[0.611s][debug][gc,phases         ] GC(7)       Weak JFR Old Object Samples    Min:  0.0, Avg:  0.0, Max:  0.0, Diff:  0.0, Sum:  0.0, Workers: 5
[0.611s][debug][gc,phases         ] GC(7)         Dead                           Min: 0, Avg:  0.0, Max: 0, Diff: 0, Sum: 0, Workers: 5
[0.611s][debug][gc,phases         ] GC(7)         Total                          Min: 0, Avg:  0.0, Max: 0, Diff: 0, Sum: 0, Workers: 5
[0.611s][debug][gc,phases         ] GC(7)     Post Evacuate Cleanup 1: 0.1ms
[0.611s][debug][gc,phases         ] GC(7)       Merge Per-Thread State (ms):   Min:  0.0, Avg:  0.0, Max:  0.0, Diff:  0.0, Sum:  0.0, Workers: 1
[0.611s][debug][gc,phases         ] GC(7)         Copied Bytes                   Min: 7506280, Avg: 10189773.3, Max: 12741056, Diff: 5234776, Sum: 61138640, Workers: 6
[0.611s][debug][gc,phases         ] GC(7)         LAB Waste                      Min: 448, Avg: 782.7, Max: 1064, Diff: 616, Sum: 4696, Workers: 6
[0.611s][debug][gc,phases         ] GC(7)         LAB Undo Waste                 Min: 0, Avg:  0.0, Max: 0, Diff: 0, Sum: 0, Workers: 6
[0.612s][debug][gc,phases         ] GC(7)       Clear Logged Cards (ms):       Min:  0.0, Avg:  0.0, Max:  0.0, Diff:  0.0, Sum:  0.0, Workers: 3
[0.612s][debug][gc,phases         ] GC(7)       Recalculate Used Memory (ms):  Min:  0.0, Avg:  0.0, Max:  0.0, Diff:  0.0, Sum:  0.0, Workers: 1
[0.612s][debug][gc,phases         ] GC(7)     Post Evacuate Cleanup 2: 0.1ms
[0.612s][debug][gc,phases         ] GC(7)       Reset Hot Card Cache (ms):     Min:  0.0, Avg:  0.0, Max:  0.0, Diff:  0.0, Sum:  0.0, Workers: 1
[0.612s][debug][gc,phases         ] GC(7)       Purge Code Roots (ms):         Min:  0.0, Avg:  0.0, Max:  0.0, Diff:  0.0, Sum:  0.0, Workers: 1
[0.612s][debug][gc,phases         ] GC(7)       Update Derived Pointers (ms):  Min:  0.0, Avg:  0.0, Max:  0.0, Diff:  0.0, Sum:  0.0, Workers: 1
[0.612s][debug][gc,phases         ] GC(7)       Eagerly Reclaim Humongous Objects (ms): skipped
[0.612s][debug][gc,phases         ] GC(7)         Humongous Total                skipped
[0.612s][debug][gc,phases         ] GC(7)         Humongous Candidates           skipped
[0.612s][debug][gc,phases         ] GC(7)         Humongous Reclaimed            skipped
[0.612s][debug][gc,phases         ] GC(7)       Redirty Logged Cards (ms):     Min:  0.0, Avg:  0.0, Max:  0.0, Diff:  0.0, Sum:  0.0, Workers: 6
[0.612s][debug][gc,phases         ] GC(7)         Redirtied Cards:               Min: 0, Avg: 405.5, Max: 2042, Diff: 2042, Sum: 2433, Workers: 6
[0.612s][debug][gc,phases         ] GC(7)       Free Collection Set (ms):      Min:  0.0, Avg:  0.0, Max:  0.0, Diff:  0.0, Sum:  0.1, Workers: 6
[0.612s][debug][gc,phases         ] GC(7)     Rebuild Free List: 0.1ms
[0.612s][debug][gc,phases         ] GC(7)     Start New Collection Set: 0.0ms
[0.612s][debug][gc,phases         ] GC(7)     Resize TLABs: 0.2ms
[0.612s][debug][gc,phases         ] GC(7)     Expand Heap After Collection: 0.0ms
[0.612s][info ][gc,phases         ] GC(7)   Other: 0.7ms
[0.612s][debug][gc,remset         ] GC(7) Coarsening (recent): Inline->AoC 0 (0) AoC->Howl 0 (0) Howl->Full 0 (0) Inline->AoC 0 (0) AoC->BitMap 0 (0) BitMap->Full 0 (0) 
[0.612s][debug][gc,remset         ] GC(7) Coarsening (all): Inline->AoC 67 (0) AoC->Howl 66 (0) Howl->Full 0 (0) Inline->AoC 79 (0) AoC->BitMap 76 (0) BitMap->Full 0 (0) 
[0.612s][info ][gc,heap           ] GC(7) Eden regions: 53->0(32)
[0.612s][info ][gc,heap           ] GC(7) Survivor regions: 5->8(8)
[0.612s][info ][gc,heap           ] GC(7) Old regions: 95->146
[0.612s][info ][gc,heap           ] GC(7) Archive regions: 0->0
[0.612s][info ][gc,heap           ] GC(7) Humongous regions: 27->27
[0.612s][info ][gc,metaspace      ] GC(7) Metaspace: 923K(1152K)->923K(1152K) NonClass: 841K(960K)->841K(960K) Class: 82K(192K)->82K(192K)
[0.612s][debug][gc,heap           ] GC(7) Heap after GC invocations=8 (full 0):
[0.612s][debug][gc,heap           ] GC(7)  garbage-first heap   total 294912K, used 185344K [0x00000000a1e00000, 0x0000000100000000)
[0.612s][debug][gc,heap           ] GC(7)   region size 1024K, 8 young (8192K), 8 survivors (8192K)
[0.612s][debug][gc,heap           ] GC(7)  Metaspace       used 923K, committed 1152K, reserved 1114112K
[0.612s][debug][gc,heap           ] GC(7)   class space    used 82K, committed 192K, reserved 1048576K
[0.612s][info ][gc                ] GC(7) Pause Young (Mixed) (G1 Evacuation Pause) 180M->181M(288M) 41.367ms
[0.612s][info ][gc,cpu            ] GC(7) User=0.17s Sys=0.02s Real=0.04s
[0.612s][debug][gc,task           ] G1 Service Thread (Card Set Free Memory Task) (run: 3.112ms) (cpu: 0.000ms)
[0.612s][debug][gc,refine         ] Concurrent refinement: wanted 0, cards: 2433, predicted: 2433, time: 36.04ms
[0.625s][debug][gc,ergo,ihop      ] Request concurrent cycle initiation (occupancy higher than threshold) occupancy: 181403648B allocation request: 16409088B threshold: 135895449B (45.00) source: concurrent humongous allocation
[0.625s][debug][gc,ergo           ] Request concurrent cycle initiation (requested by GC cause). GC cause: G1 Humongous Allocation
[0.625s][debug][gc,ergo           ] GC(8) Initiate concurrent cycle (concurrent cycle initiation requested)
[0.625s][info ][gc,start          ] GC(8) Pause Young (Concurrent Start) (G1 Humongous Allocation)
[0.625s][debug][gc,heap           ] GC(8) Heap before GC invocations=8 (full 0):
[0.625s][debug][gc,heap           ] GC(8)  garbage-first heap   total 294912K, used 203776K [0x00000000a1e00000, 0x0000000100000000)
[0.625s][debug][gc,heap           ] GC(8)   region size 1024K, 27 young (27648K), 8 survivors (8192K)
[0.625s][debug][gc,heap           ] GC(8)  Metaspace       used 923K, committed 1152K, reserved 1114112K
[0.625s][debug][gc,heap           ] GC(8)   class space    used 82K, committed 192K, reserved 1048576K
[0.625s][info ][gc,task           ] GC(8) Using 6 workers of 8 for evacuation
[0.625s][debug][gc,age            ] GC(8) Desired survivor size 2621440 bytes, new threshold 1 (max threshold 15)
[0.625s][debug][gc,tlab           ] GC(8) TLAB totals: thrds: 1  refills: 57 max: 57 slow allocs: 1 max 1 waste:  0.5% gc: 70912B max: 70912B slow: 32256B max: 32256B
[0.625s][debug][gc,refine,stats   ] GC(8) Mutator refinement: 0.00ms, refined: 0, precleaned: 0, dirtied: 2421
[0.625s][debug][gc,refine,stats   ] GC(8) Concurrent refinement: 0.00ms, refined: 0, precleaned: 0, dirtied: 0
[0.625s][debug][gc,refine,stats   ] GC(8) Total refinement: 0.00ms, refined: 0, precleaned: 0, dirtied: 2421
[0.625s][debug][gc,refine,stats   ] GC(8) Generate dirty cards rate: 149.67 cards/ms
[0.626s][debug][gc,alloc,region   ] GC(8) Mutator Allocation stats, regions: 19, wasted size: 0B ( 0.0%)
[0.626s][debug][gc,humongous      ] GC(8) Humongous region 113 (object size 10939400 @ 0x00000000a8f00000) remset 0 code roots 0 marked 0 reclaim candidate 0 type array 0
[0.626s][debug][gc,humongous      ] GC(8) Humongous region 62 (object size 4861968 @ 0x00000000a5c00000) remset 0 code roots 0 marked 0 reclaim candidate 0 type array 0
[0.626s][debug][gc,humongous      ] GC(8) Humongous region 39 (object size 3241320 @ 0x00000000a4500000) remset 0 code roots 0 marked 0 reclaim candidate 0 type array 0
[0.626s][debug][gc,humongous      ] GC(8) Humongous region 76 (object size 7292936 @ 0x00000000a6a00000) remset 1 code roots 0 marked 0 reclaim candidate 0 type array 0
[0.626s][debug][gc,ergo           ] GC(8) Running G1 Merge Heap Roots using 6 workers for 27 regions
[0.626s][debug][gc,remset         ] GC(8) Visited cards 5248 Total dirty 20480 (25.62%) Total old 464896 (1.13%)
[0.641s][debug][gc,ref            ] GC(8) Skipped SoftWeakFinalRefsPhase of Reference Processing: no references
[0.641s][debug][gc,ref            ] GC(8) Skipped KeepAliveFinalRefsPhase of Reference Processing: no references
[0.641s][debug][gc,ref            ] GC(8) Skipped PhantomRefsPhase of Reference Processing: no references
[0.642s][debug][gc,ergo           ] GC(8) Running G1 Rebuild Free List Task using 6 workers for rebuilding free list of regions
[0.642s][debug][gc,plab           ] GC(8) Young PLAB allocation: allocated: 5242880B, wasted: 672B, unused: 0B, used: 5242208B, undo waste: 0B, 
[0.642s][debug][gc,plab           ] GC(8) Young other allocation: region end waste: 0B, regions filled: 5, num plab filled: 29, direct allocated: 0B, num direct allocated: 0, failure used: 0B, failure wasted: 0B
[0.642s][debug][gc,plab           ] GC(8) Young sizing: calculated: 1048440B, actual: 1156688B
[0.642s][debug][gc,plab           ] GC(8) Old PLAB allocation: allocated: 24117248B, wasted: 1256B, unused: 1151368B, used: 22964624B, undo waste: 0B, 
[0.642s][debug][gc,plab           ] GC(8) Old other allocation: region end waste: 0B, regions filled: 23, num plab filled: 46, direct allocated: 0B, num direct allocated: 0, failure used: 0B, failure wasted: 0B
[0.642s][debug][gc,plab           ] GC(8) Old sizing: calculated: 4592920B, actual: 5781280B
[0.642s][debug][gc,ergo,heap      ] GC(8) Heap expansion: short term pause time ratio 41.69% long term pause time ratio 22.87% threshold 2.94% pause time ratio 7.69% fully expanded false resize by 0B
[0.642s][debug][gc,task,start     ] G1 Service Thread (Card Set Free Memory Task) (run 0.033ms after schedule)
[0.642s][debug][gc,ergo,ihop      ] GC(8) Request concurrent cycle initiation (occupancy higher than threshold) occupancy: 205520896B allocation request: 0B threshold: 135895449B (45.00) source: Revise IHOP
[0.642s][debug][gc,mmu            ] GC(8) MMU: 82.9ms (200.0ms/201.0ms)
[0.642s][debug][gc,alloc,stats    ] Old generation allocation in the last mutator period, old gen allocated: 24117248B, humongous allocated: 0B, old gen growth: 24117248B.
[0.642s][debug][gc,ihop           ] GC(8) Basic information (value update), threshold: 135895449B (45.00), target occupancy: 301989888B, current occupancy: 210763776B, recent allocation size: 24117248B, recent allocation duration: 16.18ms, recent old gen allocation rate: 1490955445.51B/s, recent marking phase length: 117.12ms
[0.642s][debug][gc,ihop           ] GC(8) Adaptive IHOP information (value update), threshold: 135895449B (47.37), internal target occupancy: 286890393B, occupancy: 210763776B, additional buffer size: 32505856B, predicted old gen allocation rate: 603862030.11B/s, predicted marking phase length: 234.23ms, prediction active: false
[0.642s][debug][gc,ergo,refine    ] GC(8) GC refinement: goal: 64968 + 111 / 20.00ms, actual: 4854 / 1.26ms, HCC: 0 / 0.00ms
[0.642s][debug][gc,ergo,refine    ] GC(8) New pending cards target: 71007
[0.642s][info ][gc,phases         ] GC(8)   Pre Evacuate Collection Set: 0.4ms
[0.642s][debug][gc,phases         ] GC(8)     Prepare TLABs: 0.0ms
[0.642s][debug][gc,phases         ] GC(8)     Concatenate Dirty Card Logs: 0.1ms
[0.642s][debug][gc,phases         ] GC(8)     Choose Collection Set: 0.0ms
[0.642s][debug][gc,phases         ] GC(8)     Region Register: 0.3ms
[0.642s][debug][gc,phases         ] GC(8)     Prepare Heap Roots: 0.0ms
[0.642s][debug][gc,phases         ] GC(8)     Reset Marking State (ms):      Min:  0.0, Avg:  0.0, Max:  0.0, Diff:  0.0, Sum:  0.0, Workers: 1
[0.643s][debug][gc,phases         ] GC(8)     Note Start Of Mark (ms):       Min:  0.0, Avg:  0.0, Max:  0.0, Diff:  0.0, Sum:  0.0, Workers: 2
[0.643s][info ][gc,phases         ] GC(8)   Merge Heap Roots: 0.3ms
[0.643s][debug][gc,phases         ] GC(8)     Prepare Merge Heap Roots: 0.0ms
[0.643s][debug][gc,phases         ] GC(8)     Remembered Sets (ms):          Min:  0.0, Avg:  0.0, Max:  0.0, Diff:  0.0, Sum:  0.0, Workers: 6
[0.643s][debug][gc,phases         ] GC(8)       Eager Reclaim (ms):            skipped
[0.643s][debug][gc,phases         ] GC(8)       Merged Inline                  Min: 0, Avg:  0.0, Max: 0, Diff: 0, Sum: 0, Workers: 6
[0.643s][debug][gc,phases         ] GC(8)       Merged ArrayOfCards            Min: 0, Avg:  0.0, Max: 0, Diff: 0, Sum: 0, Workers: 6
[0.643s][debug][gc,phases         ] GC(8)       Merged Howl                    Min: 0, Avg:  0.0, Max: 0, Diff: 0, Sum: 0, Workers: 6
[0.643s][debug][gc,phases         ] GC(8)       Merged Full                    Min: 0, Avg:  0.0, Max: 0, Diff: 0, Sum: 0, Workers: 6
[0.643s][debug][gc,phases         ] GC(8)       Merged Howl Inline             Min: 0, Avg:  0.0, Max: 0, Diff: 0, Sum: 0, Workers: 6
[0.643s][debug][gc,phases         ] GC(8)       Merged Howl ArrayOfCards       Min: 0, Avg:  0.0, Max: 0, Diff: 0, Sum: 0, Workers: 6
[0.643s][debug][gc,phases         ] GC(8)       Merged Howl BitMap             Min: 0, Avg:  0.0, Max: 0, Diff: 0, Sum: 0, Workers: 6
[0.643s][debug][gc,phases         ] GC(8)       Merged Howl Full               Min: 0, Avg:  0.0, Max: 0, Diff: 0, Sum: 0, Workers: 6
[0.643s][debug][gc,phases         ] GC(8)       Merged Cards                   Min: 8, Avg:  8.0, Max: 8, Diff: 0, Sum: 48, Workers: 6
[0.643s][debug][gc,phases         ] GC(8)     Hot Card Cache (ms):           Min:  0.0, Avg:  0.0, Max:  0.0, Diff:  0.0, Sum:  0.0, Workers: 6
[0.643s][debug][gc,phases         ] GC(8)       Dirty Cards:                   Min: 0, Avg:  0.0, Max: 0, Diff: 0, Sum: 0, Workers: 6
[0.643s][debug][gc,phases         ] GC(8)       Skipped Cards:                 Min: 0, Avg:  0.0, Max: 0, Diff: 0, Sum: 0, Workers: 6
[0.643s][debug][gc,phases         ] GC(8)     Log Buffers (ms):              Min:  0.0, Avg:  0.0, Max:  0.0, Diff:  0.0, Sum:  0.1, Workers: 6
[0.643s][debug][gc,phases         ] GC(8)       Dirty Cards:                   Min: 256, Avg: 809.0, Max: 1343, Diff: 1087, Sum: 4854, Workers: 6
[0.643s][debug][gc,phases         ] GC(8)       Skipped Cards:                 Min: 0, Avg:  0.0, Max: 0, Diff: 0, Sum: 0, Workers: 6
[0.643s][info ][gc,phases         ] GC(8)   Evacuate Collection Set: 15.2ms
[0.643s][debug][gc,phases         ] GC(8)     Ext Root Scanning (ms):        Min:  0.0, Avg:  0.0, Max:  0.1, Diff:  0.1, Sum:  0.2, Workers: 6
[0.643s][debug][gc,phases         ] GC(8)     Scan Heap Roots (ms):          Min:  1.0, Avg:  1.2, Max:  1.7, Diff:  0.6, Sum:  7.4, Workers: 6
[0.643s][debug][gc,phases         ] GC(8)       Scanned Cards:                 Min: 561, Avg: 808.0, Max: 1229, Diff: 668, Sum: 4848, Workers: 6
[0.643s][debug][gc,phases         ] GC(8)       Scanned Blocks:                Min: 18, Avg: 28.2, Max: 44, Diff: 26, Sum: 169, Workers: 6
[0.643s][debug][gc,phases         ] GC(8)       Claimed Chunks:                Min: 18, Avg: 27.3, Max: 43, Diff: 25, Sum: 164, Workers: 6
[0.643s][debug][gc,phases         ] GC(8)       Found Roots:                   Min: 71544, Avg: 102249.7, Max: 155630, Diff: 84086, Sum: 613498, Workers: 6
[0.643s][debug][gc,phases         ] GC(8)     Code Root Scan (ms):           Min:  0.0, Avg:  0.0, Max:  0.0, Diff:  0.0, Sum:  0.0, Workers: 6
[0.643s][debug][gc,phases         ] GC(8)     Object Copy (ms):              Min: 13.4, Avg: 13.8, Max: 14.1, Diff:  0.7, Sum: 82.8, Workers: 6
[0.643s][debug][gc,phases         ] GC(8)     Termination (ms):              Min:  0.0, Avg:  0.0, Max:  0.0, Diff:  0.0, Sum:  0.0, Workers: 6
[0.643s][debug][gc,phases         ] GC(8)       Termination Attempts:          Min: 1, Avg:  1.0, Max: 1, Diff: 0, Sum: 6, Workers: 6
[0.643s][debug][gc,phases         ] GC(8)     GC Worker Other (ms):          Min:  0.0, Avg:  0.0, Max:  0.0, Diff:  0.0, Sum:  0.1, Workers: 6
[0.643s][debug][gc,phases         ] GC(8)     GC Worker Total (ms):          Min: 15.1, Avg: 15.1, Max: 15.1, Diff:  0.0, Sum: 90.6, Workers: 6
[0.643s][info ][gc,phases         ] GC(8)   Post Evacuate Collection Set: 0.5ms
[0.643s][debug][gc,phases         ] GC(8)     NMethod List Cleanup: 0.0ms
[0.643s][debug][gc,phases         ] GC(8)     Reference Processing: 0.1ms
[0.643s][debug][gc,phases,ref     ] GC(8)       Notify Soft/WeakReferences: 0.1ms
[0.643s][debug][gc,phases,ref     ] GC(8)         SoftRef (ms):                  skipped
[0.643s][debug][gc,phases,ref     ] GC(8)         WeakRef (ms):                  skipped
[0.643s][debug][gc,phases,ref     ] GC(8)         FinalRef (ms):                 skipped
[0.643s][debug][gc,phases,ref     ] GC(8)         Total (ms):                    skipped
[0.643s][debug][gc,phases,ref     ] GC(8)       Notify and keep alive finalizable: 0.0ms
[0.643s][debug][gc,phases,ref     ] GC(8)         FinalRef (ms):                 skipped
[0.643s][debug][gc,phases,ref     ] GC(8)       Notify PhantomReferences: 0.0ms
[0.643s][debug][gc,phases,ref     ] GC(8)         PhantomRef (ms):               skipped
[0.644s][debug][gc,phases,ref     ] GC(8)       SoftReference Discovered: 0, Dropped: 0, Processed: 0
[0.644s][debug][gc,phases,ref     ] GC(8)       WeakReference Discovered: 0, Dropped: 0, Processed: 0
[0.644s][debug][gc,phases,ref     ] GC(8)       FinalReference Discovered: 0, Dropped: 0, Processed: 0
[0.644s][debug][gc,phases,ref     ] GC(8)       PhantomReference Discovered: 0, Dropped: 0, Processed: 0
[0.644s][debug][gc,phases         ] GC(8)     Weak Processing: 0.1ms
[0.644s][debug][gc,phases         ] GC(8)       VM Weak                        Min:  0.0, Avg:  0.0, Max:  0.0, Diff:  0.0, Sum:  0.0, Workers: 5
[0.644s][debug][gc,phases         ] GC(8)         Dead                           Min: 0, Avg:  0.0, Max: 0, Diff: 0, Sum: 0, Workers: 5
[0.644s][debug][gc,phases         ] GC(8)         Total                          Min: 0, Avg:  6.4, Max: 32, Diff: 32, Sum: 32, Workers: 5
[0.644s][debug][gc,phases         ] GC(8)       ObjectSynchronizer Weak        Min:  0.0, Avg:  0.0, Max:  0.0, Diff:  0.0, Sum:  0.0, Workers: 5
[0.644s][debug][gc,phases         ] GC(8)         Dead                           Min: 0, Avg:  0.0, Max: 0, Diff: 0, Sum: 0, Workers: 5
[0.644s][debug][gc,phases         ] GC(8)         Total                          Min: 0, Avg:  0.4, Max: 2, Diff: 2, Sum: 2, Workers: 5
[0.644s][debug][gc,phases         ] GC(8)       JVMTI Tag Weak OopStorage      Min:  0.0, Avg:  0.0, Max:  0.0, Diff:  0.0, Sum:  0.0, Workers: 5
[0.644s][debug][gc,phases         ] GC(8)         Dead                           Min: 0, Avg:  0.0, Max: 0, Diff: 0, Sum: 0, Workers: 5
[0.644s][debug][gc,phases         ] GC(8)         Total                          Min: 0, Avg:  0.0, Max: 0, Diff: 0, Sum: 0, Workers: 5
[0.644s][debug][gc,phases         ] GC(8)       StringTable Weak               Min:  0.0, Avg:  0.0, Max:  0.0, Diff:  0.0, Sum:  0.1, Workers: 5
[0.644s][debug][gc,phases         ] GC(8)         Dead                           Min: 0, Avg:  0.0, Max: 0, Diff: 0, Sum: 0, Workers: 5
[0.644s][debug][gc,phases         ] GC(8)         Total                          Min: 768, Avg: 904.8, Max: 1280, Diff: 512, Sum: 4524, Workers: 5
[0.644s][debug][gc,phases         ] GC(8)       ResolvedMethodTable Weak       Min:  0.0, Avg:  0.0, Max:  0.0, Diff:  0.0, Sum:  0.0, Workers: 5
[0.644s][debug][gc,phases         ] GC(8)         Dead                           Min: 0, Avg:  0.0, Max: 0, Diff: 0, Sum: 0, Workers: 5
[0.644s][debug][gc,phases         ] GC(8)         Total                          Min: 34, Avg: 58.0, Max: 64, Diff: 30, Sum: 290, Workers: 5
[0.644s][debug][gc,phases         ] GC(8)       JNI Weak                       Min:  0.0, Avg:  0.0, Max:  0.0, Diff:  0.0, Sum:  0.0, Workers: 5
[0.644s][debug][gc,phases         ] GC(8)         Dead                           Min: 0, Avg:  0.0, Max: 0, Diff: 0, Sum: 0, Workers: 5
[0.644s][debug][gc,phases         ] GC(8)         Total                          Min: 0, Avg:  0.0, Max: 0, Diff: 0, Sum: 0, Workers: 5
[0.644s][debug][gc,phases         ] GC(8)       StringDedup Table Weak         Min:  0.0, Avg:  0.0, Max:  0.0, Diff:  0.0, Sum:  0.0, Workers: 5
[0.644s][debug][gc,phases         ] GC(8)         Dead                           Min: 0, Avg:  0.0, Max: 0, Diff: 0, Sum: 0, Workers: 5
[0.644s][debug][gc,phases         ] GC(8)         Total                          Min: 0, Avg:  0.0, Max: 0, Diff: 0, Sum: 0, Workers: 5
[0.644s][debug][gc,phases         ] GC(8)       StringDedup Requests0 Weak     Min:  0.0, Avg:  0.0, Max:  0.0, Diff:  0.0, Sum:  0.0, Workers: 5
[0.644s][debug][gc,phases         ] GC(8)         Dead                           Min: 0, Avg:  0.0, Max: 0, Diff: 0, Sum: 0, Workers: 5
[0.644s][debug][gc,phases         ] GC(8)         Total                          Min: 0, Avg:  0.0, Max: 0, Diff: 0, Sum: 0, Workers: 5
[0.644s][debug][gc,phases         ] GC(8)       StringDedup Requests1 Weak     Min:  0.0, Avg:  0.0, Max:  0.0, Diff:  0.0, Sum:  0.0, Workers: 5
[0.644s][debug][gc,phases         ] GC(8)         Dead                           Min: 0, Avg:  0.0, Max: 0, Diff: 0, Sum: 0, Workers: 5
[0.644s][debug][gc,phases         ] GC(8)         Total                          Min: 0, Avg:  0.0, Max: 0, Diff: 0, Sum: 0, Workers: 5
[0.644s][debug][gc,phases         ] GC(8)       Weak JFR Old Object Samples    Min:  0.0, Avg:  0.0, Max:  0.0, Diff:  0.0, Sum:  0.0, Workers: 5
[0.644s][debug][gc,phases         ] GC(8)         Dead                           Min: 0, Avg:  0.0, Max: 0, Diff: 0, Sum: 0, Workers: 5
[0.644s][debug][gc,phases         ] GC(8)         Total                          Min: 0, Avg:  0.0, Max: 0, Diff: 0, Sum: 0, Workers: 5
[0.644s][debug][gc,phases         ] GC(8)     Post Evacuate Cleanup 1: 0.1ms
[0.644s][debug][gc,phases         ] GC(8)       Merge Per-Thread State (ms):   Min:  0.0, Avg:  0.0, Max:  0.0, Diff:  0.0, Sum:  0.0, Workers: 1
[0.644s][debug][gc,phases         ] GC(8)         Copied Bytes                   Min: 2670312, Avg: 4701138.7, Max: 7436696, Diff: 4766384, Sum: 28206832, Workers: 6
[0.644s][debug][gc,phases         ] GC(8)         LAB Waste                      Min: 168, Avg: 321.3, Max: 464, Diff: 296, Sum: 1928, Workers: 6
[0.644s][debug][gc,phases         ] GC(8)         LAB Undo Waste                 Min: 0, Avg:  0.0, Max: 0, Diff: 0, Sum: 0, Workers: 6
[0.644s][debug][gc,phases         ] GC(8)       Clear Logged Cards (ms):       Min:  0.0, Avg:  0.0, Max:  0.0, Diff:  0.0, Sum:  0.0, Workers: 3
[0.644s][debug][gc,phases         ] GC(8)       Recalculate Used Memory (ms):  Min:  0.0, Avg:  0.0, Max:  0.0, Diff:  0.0, Sum:  0.0, Workers: 1
[0.644s][debug][gc,phases         ] GC(8)     Post Evacuate Cleanup 2: 0.1ms
[0.644s][debug][gc,phases         ] GC(8)       Reset Hot Card Cache (ms):     Min:  0.0, Avg:  0.0, Max:  0.0, Diff:  0.0, Sum:  0.0, Workers: 1
[0.644s][debug][gc,phases         ] GC(8)       Purge Code Roots (ms):         Min:  0.0, Avg:  0.0, Max:  0.0, Diff:  0.0, Sum:  0.0, Workers: 1
[0.645s][debug][gc,phases         ] GC(8)       Update Derived Pointers (ms):  Min:  0.0, Avg:  0.0, Max:  0.0, Diff:  0.0, Sum:  0.0, Workers: 1
[0.645s][debug][gc,phases         ] GC(8)       Eagerly Reclaim Humongous Objects (ms): skipped
[0.645s][debug][gc,phases         ] GC(8)         Humongous Total                skipped
[0.645s][debug][gc,phases         ] GC(8)         Humongous Candidates           skipped
[0.645s][debug][gc,phases         ] GC(8)         Humongous Reclaimed            skipped
[0.645s][debug][gc,phases         ] GC(8)       Redirty Logged Cards (ms):     Min:  0.0, Avg:  0.0, Max:  0.0, Diff:  0.0, Sum:  0.0, Workers: 6
[0.645s][debug][gc,phases         ] GC(8)         Redirtied Cards:               Min: 0, Avg: 107.5, Max: 351, Diff: 351, Sum: 645, Workers: 6
[0.645s][debug][gc,phases         ] GC(8)       Free Collection Set (ms):      Min:  0.0, Avg:  0.0, Max:  0.0, Diff:  0.0, Sum:  0.0, Workers: 6
[0.645s][debug][gc,phases         ] GC(8)     Rebuild Free List: 0.1ms
[0.645s][debug][gc,phases         ] GC(8)     Start New Collection Set: 0.0ms
[0.645s][debug][gc,phases         ] GC(8)     Resize TLABs: 0.2ms
[0.645s][debug][gc,phases         ] GC(8)     Expand Heap After Collection: 0.0ms
[0.645s][info ][gc,phases         ] GC(8)   Other: 0.7ms
[0.645s][debug][gc,remset         ] GC(8) Coarsening (recent): Inline->AoC 0 (0) AoC->Howl 0 (0) Howl->Full 0 (0) Inline->AoC 0 (0) AoC->BitMap 0 (0) BitMap->Full 0 (0) 
[0.645s][debug][gc,remset         ] GC(8) Coarsening (all): Inline->AoC 67 (0) AoC->Howl 66 (0) Howl->Full 0 (0) Inline->AoC 79 (0) AoC->BitMap 76 (0) BitMap->Full 0 (0) 
[0.645s][info ][gc,heap           ] GC(8) Eden regions: 19->0(26)
[0.645s][info ][gc,heap           ] GC(8) Survivor regions: 8->5(5)
[0.645s][info ][gc,heap           ] GC(8) Old regions: 146->169
[0.645s][info ][gc,heap           ] GC(8) Archive regions: 0->0
[0.645s][info ][gc,heap           ] GC(8) Humongous regions: 27->27
[0.645s][info ][gc,metaspace      ] GC(8) Metaspace: 923K(1152K)->923K(1152K) NonClass: 841K(960K)->841K(960K) Class: 82K(192K)->82K(192K)
[0.645s][debug][gc,heap           ] GC(8) Heap after GC invocations=9 (full 0):
[0.645s][debug][gc,heap           ] GC(8)  garbage-first heap   total 294912K, used 205824K [0x00000000a1e00000, 0x0000000100000000)
[0.645s][debug][gc,heap           ] GC(8)   region size 1024K, 5 young (5120K), 5 survivors (5120K)
[0.645s][debug][gc,heap           ] GC(8)  Metaspace       used 923K, committed 1152K, reserved 1114112K
[0.645s][debug][gc,heap           ] GC(8)   class space    used 82K, committed 192K, reserved 1048576K
[0.645s][info ][gc                ] GC(8) Pause Young (Concurrent Start) (G1 Humongous Allocation) 200M->201M(288M) 19.887ms
[0.645s][info ][gc,cpu            ] GC(8) User=0.08s Sys=0.02s Real=0.02s
[0.645s][info ][gc                ] GC(9) Concurrent Mark Cycle
[0.645s][info ][gc,marking        ] GC(9) Concurrent Scan Root Regions
[0.645s][debug][gc,refine         ] Concurrent refinement: wanted 0, cards: 645, predicted: 645, time: 26.24ms
[0.645s][debug][gc,task           ] G1 Service Thread (Card Set Free Memory Task) (run: 3.162ms) (cpu: 0.000ms)
[0.645s][debug][gc,ergo           ] GC(9) Running G1 Root Region Scan using 2 workers for 28 work units.
[0.651s][info ][gc,marking        ] GC(9) Concurrent Scan Root Regions 5.836ms
[0.651s][info ][gc,marking        ] GC(9) Concurrent Mark
[0.651s][info ][gc,marking        ] GC(9) Concurrent Mark From Roots
[0.651s][info ][gc,task           ] GC(9) Using 2 workers of 2 for marking
[0.676s][info ][gc,start          ] GC(10) Pause Young (Normal) (G1 Evacuation Pause)
[0.676s][debug][gc,heap           ] GC(10) Heap before GC invocations=9 (full 0):
[0.676s][debug][gc,heap           ] GC(10)  garbage-first heap   total 294912K, used 248832K [0x00000000a1e00000, 0x0000000100000000)
[0.676s][debug][gc,heap           ] GC(10)   region size 1024K, 31 young (31744K), 5 survivors (5120K)
[0.676s][debug][gc,heap           ] GC(10)  Metaspace       used 923K, committed 1152K, reserved 1114112K
[0.676s][debug][gc,heap           ] GC(10)   class space    used 82K, committed 192K, reserved 1048576K
[0.676s][info ][gc,task           ] GC(10) Using 6 workers of 8 for evacuation
[0.676s][debug][gc,age            ] GC(10) Desired survivor size 2097152 bytes, new threshold 1 (max threshold 15)
[0.676s][debug][gc,tlab           ] GC(10) TLAB totals: thrds: 1  refills: 77 max: 77 slow allocs: 0 max 0 waste:  0.2% gc: 0B max: 0B slow: 44352B max: 44352B
[0.676s][debug][gc,refine,stats   ] GC(10) Mutator refinement: 0.00ms, refined: 0, precleaned: 0, dirtied: 24740
[0.676s][debug][gc,refine,stats   ] GC(10) Concurrent refinement: 0.00ms, refined: 0, precleaned: 0, dirtied: 0
[0.676s][debug][gc,refine,stats   ] GC(10) Total refinement: 0.00ms, refined: 0, precleaned: 0, dirtied: 24740
[0.676s][debug][gc,refine,stats   ] GC(10) Generate dirty cards rate: 723.77 cards/ms
[0.676s][debug][gc,alloc,region   ] GC(10) Mutator Allocation stats, regions: 26, wasted size: 0B ( 0.0%)
[0.677s][debug][gc,humongous      ] GC(10) Humongous region 62 (object size 4861968 @ 0x00000000a5c00000) remset 0 code roots 0 marked 0 reclaim candidate 0 type array 0
[0.677s][debug][gc,humongous      ] GC(10) Humongous region 113 (object size 10939400 @ 0x00000000a8f00000) remset 0 code roots 0 marked 1 reclaim candidate 0 type array 0
[0.677s][debug][gc,humongous      ] GC(10) Humongous region 39 (object size 3241320 @ 0x00000000a4500000) remset 0 code roots 0 marked 0 reclaim candidate 0 type array 0
[0.677s][debug][gc,humongous      ] GC(10) Humongous region 196 (object size 16409088 @ 0x00000000ae200000) remset 0 code roots 0 marked 0 reclaim candidate 0 type array 0
[0.677s][debug][gc,humongous      ] GC(10) Humongous region 76 (object size 7292936 @ 0x00000000a6a00000) remset 1 code roots 0 marked 0 reclaim candidate 0 type array 0
[0.677s][debug][gc,ergo           ] GC(10) Running G1 Merge Heap Roots using 6 workers for 31 regions
[0.677s][debug][gc,remset         ] GC(10) Visited cards 25728 Total dirty 34816 (73.90%) Total old 561152 (4.58%)
[0.697s][debug][gc,ref            ] GC(10) Skipped SoftWeakFinalRefsPhase of Reference Processing: no references
[0.697s][debug][gc,ref            ] GC(10) Skipped KeepAliveFinalRefsPhase of Reference Processing: no references
[0.698s][debug][gc,ref            ] GC(10) Skipped PhantomRefsPhase of Reference Processing: no references
[0.698s][debug][gc,ergo           ] GC(10) Running G1 Rebuild Free List Task using 6 workers for rebuilding free list of regions
[0.698s][debug][gc,plab           ] GC(10) Young PLAB allocation: allocated: 4194304B, wasted: 608B, unused: 0B, used: 4193696B, undo waste: 0B, 
[0.698s][debug][gc,plab           ] GC(10) Young other allocation: region end waste: 0B, regions filled: 4, num plab filled: 24, direct allocated: 0B, num direct allocated: 0, failure used: 0B, failure wasted: 0B
[0.698s][debug][gc,plab           ] GC(10) Young sizing: calculated: 838736B, actual: 918224B
[0.698s][debug][gc,plab           ] GC(10) Old PLAB allocation: allocated: 30408704B, wasted: 1616B, unused: 2139952B, used: 28267136B, undo waste: 0B, 
[0.698s][debug][gc,plab           ] GC(10) Old other allocation: region end waste: 0B, regions filled: 29, num plab filled: 58, direct allocated: 0B, num direct allocated: 0, failure used: 0B, failure wasted: 0B
[0.698s][debug][gc,plab           ] GC(10) Old sizing: calculated: 5653424B, actual: 5685384B
[0.698s][debug][gc,ergo,heap      ] GC(10) Heap expansion: short term pause time ratio 50.94% long term pause time ratio 24.34% threshold 2.94% pause time ratio 7.69% fully expanded false resize by 0B
[0.698s][debug][gc,mmu            ] GC(10) MMU: 97.3ms (200.0ms/201.0ms)
[0.698s][debug][gc,task,start     ] G1 Service Thread (Card Set Free Memory Task) (run 0.038ms after schedule)
[0.698s][debug][gc,alloc,stats    ] Old generation allocation in the last mutator period, old gen allocated: 30408704B, humongous allocated: 16777216B, old gen growth: 47185920B.
[0.698s][debug][gc,ihop           ] GC(10) Basic information (value update), threshold: 135895449B (45.00), target occupancy: 301989888B, current occupancy: 256901120B, recent allocation size: 47185920B, recent allocation duration: 34.18ms, recent old gen allocation rate: 1380427767.75B/s, recent marking phase length: 117.12ms
[0.698s][debug][gc,ihop           ] GC(10) Adaptive IHOP information (value update), threshold: 135895449B (47.37), internal target occupancy: 286890393B, occupancy: 256901120B, additional buffer size: 16777216B, predicted old gen allocation rate: 673421311.95B/s, predicted marking phase length: 234.23ms, prediction active: false
[0.698s][debug][gc,ergo,refine    ] GC(10) GC refinement: goal: 71007 + 136 / 20.00ms, actual: 25385 / 6.70ms, HCC: 0 / 0.00ms
[0.698s][debug][gc,ergo,refine    ] GC(10) New pending cards target: 73347
[0.698s][info ][gc,phases         ] GC(10)   Pre Evacuate Collection Set: 0.6ms
[0.698s][debug][gc,phases         ] GC(10)     Prepare TLABs: 0.0ms
[0.698s][debug][gc,phases         ] GC(10)     Concatenate Dirty Card Logs: 0.1ms
[0.698s][debug][gc,phases         ] GC(10)     Choose Collection Set: 0.0ms
[0.698s][debug][gc,phases         ] GC(10)     Region Register: 0.5ms
[0.698s][debug][gc,phases         ] GC(10)     Prepare Heap Roots: 0.0ms
[0.698s][info ][gc,phases         ] GC(10)   Merge Heap Roots: 0.4ms
[0.699s][debug][gc,phases         ] GC(10)     Prepare Merge Heap Roots: 0.0ms
[0.699s][debug][gc,phases         ] GC(10)     Remembered Sets (ms):          Min:  0.0, Avg:  0.0, Max:  0.0, Diff:  0.0, Sum:  0.0, Workers: 6
[0.699s][debug][gc,phases         ] GC(10)       Eager Reclaim (ms):            skipped
[0.699s][debug][gc,phases         ] GC(10)       Merged Inline                  Min: 0, Avg:  0.0, Max: 0, Diff: 0, Sum: 0, Workers: 6
[0.699s][debug][gc,phases         ] GC(10)       Merged ArrayOfCards            Min: 0, Avg:  0.0, Max: 0, Diff: 0, Sum: 0, Workers: 6
[0.699s][debug][gc,phases         ] GC(10)       Merged Howl                    Min: 0, Avg:  0.0, Max: 0, Diff: 0, Sum: 0, Workers: 6
[0.699s][debug][gc,phases         ] GC(10)       Merged Full                    Min: 0, Avg:  0.0, Max: 0, Diff: 0, Sum: 0, Workers: 6
[0.699s][debug][gc,phases         ] GC(10)       Merged Howl Inline             Min: 0, Avg:  0.0, Max: 0, Diff: 0, Sum: 0, Workers: 6
[0.699s][debug][gc,phases         ] GC(10)       Merged Howl ArrayOfCards       Min: 0, Avg:  0.0, Max: 0, Diff: 0, Sum: 0, Workers: 6
[0.699s][debug][gc,phases         ] GC(10)       Merged Howl BitMap             Min: 0, Avg:  0.0, Max: 0, Diff: 0, Sum: 0, Workers: 6
[0.699s][debug][gc,phases         ] GC(10)       Merged Howl Full               Min: 0, Avg:  0.0, Max: 0, Diff: 0, Sum: 0, Workers: 6
[0.699s][debug][gc,phases         ] GC(10)       Merged Cards                   Min: 8, Avg:  8.0, Max: 8, Diff: 0, Sum: 48, Workers: 6
[0.699s][debug][gc,phases         ] GC(10)     Hot Card Cache (ms):           Min:  0.0, Avg:  0.0, Max:  0.0, Diff:  0.0, Sum:  0.0, Workers: 6
[0.699s][debug][gc,phases         ] GC(10)       Dirty Cards:                   Min: 0, Avg:  0.0, Max: 0, Diff: 0, Sum: 0, Workers: 6
[0.699s][debug][gc,phases         ] GC(10)       Skipped Cards:                 Min: 0, Avg:  0.0, Max: 0, Diff: 0, Sum: 0, Workers: 6
[0.699s][debug][gc,phases         ] GC(10)     Log Buffers (ms):              Min:  0.1, Avg:  0.1, Max:  0.1, Diff:  0.0, Sum:  0.7, Workers: 6
[0.699s][debug][gc,phases         ] GC(10)       Dirty Cards:                   Min: 3584, Avg: 4230.8, Max: 4866, Diff: 1282, Sum: 25385, Workers: 6
[0.699s][debug][gc,phases         ] GC(10)       Skipped Cards:                 Min: 0, Avg:  0.0, Max: 0, Diff: 0, Sum: 0, Workers: 6
[0.699s][info ][gc,phases         ] GC(10)   Evacuate Collection Set: 19.9ms
[0.699s][debug][gc,phases         ] GC(10)     Ext Root Scanning (ms):        Min:  0.0, Avg:  0.0, Max:  0.0, Diff:  0.0, Sum:  0.1, Workers: 6
[0.699s][debug][gc,phases         ] GC(10)     Scan Heap Roots (ms):          Min:  1.6, Avg:  6.6, Max:  9.9, Diff:  8.3, Sum: 39.5, Workers: 6
[0.699s][debug][gc,phases         ] GC(10)       Scanned Cards:                 Min: 832, Avg: 4230.8, Max: 7488, Diff: 6656, Sum: 25385, Workers: 6
[0.699s][debug][gc,phases         ] GC(10)       Scanned Blocks:                Min: 26, Avg: 138.2, Max: 234, Diff: 208, Sum: 829, Workers: 6
[0.699s][debug][gc,phases         ] GC(10)       Claimed Chunks:                Min: 26, Avg: 134.0, Max: 234, Diff: 208, Sum: 804, Workers: 6
[0.699s][debug][gc,phases         ] GC(10)       Found Roots:                   Min: 61440, Avg: 98185.7, Max: 126967, Diff: 65527, Sum: 589114, Workers: 6
[0.699s][debug][gc,phases         ] GC(10)     Code Root Scan (ms):           Min:  0.0, Avg:  0.0, Max:  0.0, Diff:  0.0, Sum:  0.0, Workers: 6
[0.699s][debug][gc,phases         ] GC(10)     Object Copy (ms):              Min:  9.9, Avg: 13.2, Max: 18.3, Diff:  8.4, Sum: 79.5, Workers: 6
[0.699s][debug][gc,phases         ] GC(10)     Termination (ms):              Min:  0.0, Avg:  0.0, Max:  0.0, Diff:  0.0, Sum:  0.0, Workers: 6
[0.699s][debug][gc,phases         ] GC(10)       Termination Attempts:          Min: 1, Avg:  1.0, Max: 1, Diff: 0, Sum: 6, Workers: 6
[0.699s][debug][gc,phases         ] GC(10)     GC Worker Other (ms):          Min:  0.0, Avg:  0.0, Max:  0.1, Diff:  0.1, Sum:  0.2, Workers: 6
[0.699s][debug][gc,phases         ] GC(10)     GC Worker Total (ms):          Min: 19.9, Avg: 19.9, Max: 19.9, Diff:  0.0, Sum: 119.3, Workers: 6
[0.699s][info ][gc,phases         ] GC(10)   Post Evacuate Collection Set: 0.5ms
[0.699s][debug][gc,phases         ] GC(10)     NMethod List Cleanup: 0.0ms
[0.699s][debug][gc,phases         ] GC(10)     Reference Processing: 0.1ms
[0.699s][debug][gc,phases,ref     ] GC(10)       Notify Soft/WeakReferences: 0.1ms
[0.699s][debug][gc,phases,ref     ] GC(10)         SoftRef (ms):                  skipped
[0.699s][debug][gc,phases,ref     ] GC(10)         WeakRef (ms):                  skipped
[0.699s][debug][gc,phases,ref     ] GC(10)         FinalRef (ms):                 skipped
[0.699s][debug][gc,phases,ref     ] GC(10)         Total (ms):                    skipped
[0.699s][debug][gc,phases,ref     ] GC(10)       Notify and keep alive finalizable: 0.0ms
[0.699s][debug][gc,phases,ref     ] GC(10)         FinalRef (ms):                 skipped
[0.699s][debug][gc,phases,ref     ] GC(10)       Notify PhantomReferences: 0.0ms
[0.699s][debug][gc,phases,ref     ] GC(10)         PhantomRef (ms):               skipped
[0.699s][debug][gc,phases,ref     ] GC(10)       SoftReference Discovered: 0, Dropped: 0, Processed: 0
[0.699s][debug][gc,phases,ref     ] GC(10)       WeakReference Discovered: 0, Dropped: 0, Processed: 0
[0.699s][debug][gc,phases,ref     ] GC(10)       FinalReference Discovered: 0, Dropped: 0, Processed: 0
[0.699s][debug][gc,phases,ref     ] GC(10)       PhantomReference Discovered: 0, Dropped: 0, Processed: 0
[0.700s][debug][gc,phases         ] GC(10)     Weak Processing: 0.1ms
[0.700s][debug][gc,phases         ] GC(10)       VM Weak                        Min:  0.0, Avg:  0.0, Max:  0.0, Diff:  0.0, Sum:  0.0, Workers: 5
[0.700s][debug][gc,phases         ] GC(10)         Dead                           Min: 0, Avg:  0.0, Max: 0, Diff: 0, Sum: 0, Workers: 5
[0.700s][debug][gc,phases         ] GC(10)         Total                          Min: 0, Avg:  6.4, Max: 32, Diff: 32, Sum: 32, Workers: 5
[0.700s][debug][gc,phases         ] GC(10)       ObjectSynchronizer Weak        Min:  0.0, Avg:  0.0, Max:  0.0, Diff:  0.0, Sum:  0.0, Workers: 5
[0.700s][debug][gc,phases         ] GC(10)         Dead                           Min: 0, Avg:  0.0, Max: 0, Diff: 0, Sum: 0, Workers: 5
[0.700s][debug][gc,phases         ] GC(10)         Total                          Min: 0, Avg:  0.4, Max: 2, Diff: 2, Sum: 2, Workers: 5
[0.700s][debug][gc,phases         ] GC(10)       JVMTI Tag Weak OopStorage      Min:  0.0, Avg:  0.0, Max:  0.0, Diff:  0.0, Sum:  0.0, Workers: 5
[0.700s][debug][gc,phases         ] GC(10)         Dead                           Min: 0, Avg:  0.0, Max: 0, Diff: 0, Sum: 0, Workers: 5
[0.700s][debug][gc,phases         ] GC(10)         Total                          Min: 0, Avg:  0.0, Max: 0, Diff: 0, Sum: 0, Workers: 5
[0.700s][debug][gc,phases         ] GC(10)       StringTable Weak               Min:  0.0, Avg:  0.0, Max:  0.0, Diff:  0.0, Sum:  0.1, Workers: 5
[0.700s][debug][gc,phases         ] GC(10)         Dead                           Min: 0, Avg:  0.0, Max: 0, Diff: 0, Sum: 0, Workers: 5
[0.700s][debug][gc,phases         ] GC(10)         Total                          Min: 320, Avg: 904.8, Max: 1344, Diff: 1024, Sum: 4524, Workers: 5
[0.700s][debug][gc,phases         ] GC(10)       ResolvedMethodTable Weak       Min:  0.0, Avg:  0.0, Max:  0.0, Diff:  0.0, Sum:  0.0, Workers: 5
[0.700s][debug][gc,phases         ] GC(10)         Dead                           Min: 0, Avg:  0.0, Max: 0, Diff: 0, Sum: 0, Workers: 5
[0.700s][debug][gc,phases         ] GC(10)         Total                          Min: 0, Avg: 58.0, Max: 98, Diff: 98, Sum: 290, Workers: 5
[0.700s][debug][gc,phases         ] GC(10)       JNI Weak                       Min:  0.0, Avg:  0.0, Max:  0.0, Diff:  0.0, Sum:  0.0, Workers: 5
[0.700s][debug][gc,phases         ] GC(10)         Dead                           Min: 0, Avg:  0.0, Max: 0, Diff: 0, Sum: 0, Workers: 5
[0.700s][debug][gc,phases         ] GC(10)         Total                          Min: 0, Avg:  0.0, Max: 0, Diff: 0, Sum: 0, Workers: 5
[0.700s][debug][gc,phases         ] GC(10)       StringDedup Table Weak         Min:  0.0, Avg:  0.0, Max:  0.0, Diff:  0.0, Sum:  0.0, Workers: 5
[0.700s][debug][gc,phases         ] GC(10)         Dead                           Min: 0, Avg:  0.0, Max: 0, Diff: 0, Sum: 0, Workers: 5
[0.700s][debug][gc,phases         ] GC(10)         Total                          Min: 0, Avg:  0.0, Max: 0, Diff: 0, Sum: 0, Workers: 5
[0.700s][debug][gc,phases         ] GC(10)       StringDedup Requests0 Weak     Min:  0.0, Avg:  0.0, Max:  0.0, Diff:  0.0, Sum:  0.0, Workers: 5
[0.700s][debug][gc,phases         ] GC(10)         Dead                           Min: 0, Avg:  0.0, Max: 0, Diff: 0, Sum: 0, Workers: 5
[0.700s][debug][gc,phases         ] GC(10)         Total                          Min: 0, Avg:  0.0, Max: 0, Diff: 0, Sum: 0, Workers: 5
[0.700s][debug][gc,phases         ] GC(10)       StringDedup Requests1 Weak     Min:  0.0, Avg:  0.0, Max:  0.0, Diff:  0.0, Sum:  0.0, Workers: 5
[0.700s][debug][gc,phases         ] GC(10)         Dead                           Min: 0, Avg:  0.0, Max: 0, Diff: 0, Sum: 0, Workers: 5
[0.700s][debug][gc,phases         ] GC(10)         Total                          Min: 0, Avg:  0.0, Max: 0, Diff: 0, Sum: 0, Workers: 5
[0.700s][debug][gc,phases         ] GC(10)       Weak JFR Old Object Samples    Min:  0.0, Avg:  0.0, Max:  0.0, Diff:  0.0, Sum:  0.0, Workers: 5
[0.700s][debug][gc,phases         ] GC(10)         Dead                           Min: 0, Avg:  0.0, Max: 0, Diff: 0, Sum: 0, Workers: 5
[0.700s][debug][gc,phases         ] GC(10)         Total                          Min: 0, Avg:  0.0, Max: 0, Diff: 0, Sum: 0, Workers: 5
[0.700s][debug][gc,phases         ] GC(10)     Post Evacuate Cleanup 1: 0.1ms
[0.700s][debug][gc,phases         ] GC(10)       Merge Per-Thread State (ms):   Min:  0.0, Avg:  0.0, Max:  0.0, Diff:  0.0, Sum:  0.0, Workers: 1
[0.700s][debug][gc,phases         ] GC(10)         Copied Bytes                   Min: 3448024, Avg: 5410138.7, Max: 6840128, Diff: 3392104, Sum: 32460832, Workers: 6
[0.700s][debug][gc,phases         ] GC(10)         LAB Waste                      Min: 232, Avg: 370.7, Max: 656, Diff: 424, Sum: 2224, Workers: 6
[0.700s][debug][gc,phases         ] GC(10)         LAB Undo Waste                 Min: 0, Avg:  0.0, Max: 0, Diff: 0, Sum: 0, Workers: 6
[0.700s][debug][gc,phases         ] GC(10)       Clear Logged Cards (ms):       Min:  0.0, Avg:  0.0, Max:  0.0, Diff:  0.0, Sum:  0.0, Workers: 3
[0.700s][debug][gc,phases         ] GC(10)       Recalculate Used Memory (ms):  Min:  0.0, Avg:  0.0, Max:  0.0, Diff:  0.0, Sum:  0.0, Workers: 1
[0.700s][debug][gc,phases         ] GC(10)     Post Evacuate Cleanup 2: 0.1ms
[0.700s][debug][gc,phases         ] GC(10)       Reset Hot Card Cache (ms):     Min:  0.0, Avg:  0.0, Max:  0.0, Diff:  0.0, Sum:  0.0, Workers: 1
[0.700s][debug][gc,phases         ] GC(10)       Purge Code Roots (ms):         Min:  0.0, Avg:  0.0, Max:  0.0, Diff:  0.0, Sum:  0.0, Workers: 1
[0.700s][debug][gc,phases         ] GC(10)       Update Derived Pointers (ms):  Min:  0.0, Avg:  0.0, Max:  0.0, Diff:  0.0, Sum:  0.0, Workers: 1
[0.700s][debug][gc,phases         ] GC(10)       Eagerly Reclaim Humongous Objects (ms): skipped
[0.700s][debug][gc,phases         ] GC(10)         Humongous Total                skipped
[0.700s][debug][gc,phases         ] GC(10)         Humongous Candidates           skipped
[0.701s][debug][gc,phases         ] GC(10)         Humongous Reclaimed            skipped
[0.701s][debug][gc,phases         ] GC(10)       Redirty Logged Cards (ms):     Min:  0.0, Avg:  0.0, Max:  0.0, Diff:  0.0, Sum:  0.0, Workers: 6
[0.701s][debug][gc,phases         ] GC(10)         Redirtied Cards:               Min: 0, Avg: 85.8, Max: 515, Diff: 515, Sum: 515, Workers: 6
[0.701s][debug][gc,phases         ] GC(10)       Free Collection Set (ms):      Min:  0.0, Avg:  0.0, Max:  0.0, Diff:  0.0, Sum:  0.1, Workers: 6
[0.701s][debug][gc,phases         ] GC(10)     Rebuild Free List: 0.1ms
[0.701s][debug][gc,phases         ] GC(10)     Start New Collection Set: 0.0ms
[0.701s][debug][gc,phases         ] GC(10)     Resize TLABs: 0.1ms
[0.701s][debug][gc,phases         ] GC(10)     Expand Heap After Collection: 0.0ms
[0.701s][info ][gc,phases         ] GC(10)   Other: 0.6ms
[0.701s][debug][gc,remset         ] GC(10) Coarsening (recent): Inline->AoC 0 (0) AoC->Howl 0 (0) Howl->Full 0 (0) Inline->AoC 0 (0) AoC->BitMap 0 (0) BitMap->Full 0 (0) 
[0.701s][debug][gc,remset         ] GC(10) Coarsening (all): Inline->AoC 67 (0) AoC->Howl 66 (0) Howl->Full 0 (0) Inline->AoC 79 (0) AoC->BitMap 76 (0) BitMap->Full 0 (0) 
[0.701s][info ][gc,heap           ] GC(10) Eden regions: 26->0(12)
[0.701s][info ][gc,heap           ] GC(10) Survivor regions: 5->4(4)
[0.701s][info ][gc,heap           ] GC(10) Old regions: 169->198
[0.701s][info ][gc,heap           ] GC(10) Archive regions: 0->0
[0.701s][info ][gc,heap           ] GC(10) Humongous regions: 43->43
[0.701s][info ][gc,metaspace      ] GC(10) Metaspace: 923K(1152K)->923K(1152K) NonClass: 841K(960K)->841K(960K) Class: 82K(192K)->82K(192K)
[0.701s][debug][gc,heap           ] GC(10) Heap after GC invocations=10 (full 0):
[0.701s][debug][gc,heap           ] GC(10)  garbage-first heap   total 294912K, used 250880K [0x00000000a1e00000, 0x0000000100000000)
[0.701s][debug][gc,heap           ] GC(10)   region size 1024K, 4 young (4096K), 4 survivors (4096K)
[0.701s][debug][gc,heap           ] GC(10)  Metaspace       used 923K, committed 1152K, reserved 1114112K
[0.701s][debug][gc,heap           ] GC(10)   class space    used 82K, committed 192K, reserved 1048576K
[0.701s][info ][gc                ] GC(10) Pause Young (Normal) (G1 Evacuation Pause) 243M->245M(288M) 24.969ms
[0.701s][info ][gc,cpu            ] GC(10) User=0.19s Sys=0.00s Real=0.02s
[0.701s][debug][gc,refine         ] Concurrent refinement: wanted 0, cards: 515, predicted: 515, time: 12.34ms
[0.701s][debug][gc,task           ] G1 Service Thread (Card Set Free Memory Task) (run: 3.104ms) (cpu: 0.000ms)
[0.710s][info ][gc,start          ] GC(11) Pause Young (Normal) (G1 Evacuation Pause)
[0.710s][debug][gc,heap           ] GC(11) Heap before GC invocations=10 (full 0):
[0.710s][debug][gc,heap           ] GC(11)  garbage-first heap   total 294912K, used 263168K [0x00000000a1e00000, 0x0000000100000000)
[0.710s][debug][gc,heap           ] GC(11)   region size 1024K, 16 young (16384K), 4 survivors (4096K)
[0.710s][debug][gc,heap           ] GC(11)  Metaspace       used 923K, committed 1152K, reserved 1114112K
[0.710s][debug][gc,heap           ] GC(11)   class space    used 82K, committed 192K, reserved 1048576K
[0.710s][info ][gc,task           ] GC(11) Using 6 workers of 8 for evacuation
[0.710s][debug][gc,age            ] GC(11) Desired survivor size 1048576 bytes, new threshold 1 (max threshold 15)
[0.710s][debug][gc,tlab           ] GC(11) TLAB totals: thrds: 1  refills: 36 max: 36 slow allocs: 0 max 0 waste:  0.2% gc: 0B max: 0B slow: 20736B max: 20736B
[0.710s][debug][gc,refine,stats   ] GC(11) Mutator refinement: 0.00ms, refined: 0, precleaned: 0, dirtied: 1535
[0.710s][debug][gc,refine,stats   ] GC(11) Concurrent refinement: 0.00ms, refined: 0, precleaned: 0, dirtied: 0
[0.710s][debug][gc,refine,stats   ] GC(11) Total refinement: 0.00ms, refined: 0, precleaned: 0, dirtied: 1535
[0.710s][debug][gc,refine,stats   ] GC(11) Generate dirty cards rate: 129.83 cards/ms
[0.710s][debug][gc,alloc,region   ] GC(11) Mutator Allocation stats, regions: 12, wasted size: 0B ( 0.0%)
[0.710s][debug][gc,humongous      ] GC(11) Humongous region 113 (object size 10939400 @ 0x00000000a8f00000) remset 0 code roots 0 marked 1 reclaim candidate 0 type array 0
[0.710s][debug][gc,humongous      ] GC(11) Humongous region 62 (object size 4861968 @ 0x00000000a5c00000) remset 0 code roots 0 marked 0 reclaim candidate 0 type array 0
[0.710s][debug][gc,humongous      ] GC(11) Humongous region 196 (object size 16409088 @ 0x00000000ae200000) remset 0 code roots 0 marked 0 reclaim candidate 0 type array 0
[0.710s][debug][gc,humongous      ] GC(11) Humongous region 39 (object size 3241320 @ 0x00000000a4500000) remset 0 code roots 0 marked 0 reclaim candidate 0 type array 0
[0.710s][debug][gc,humongous      ] GC(11) Humongous region 76 (object size 7292936 @ 0x00000000a6a00000) remset 1 code roots 0 marked 0 reclaim candidate 0 type array 0
[0.711s][debug][gc,ergo           ] GC(11) Running G1 Merge Heap Roots using 6 workers for 16 regions
[0.711s][debug][gc,remset         ] GC(11) Visited cards 2176 Total dirty 8192 (26.56%) Total old 559104 (0.39%)
[0.717s][debug][gc,ref            ] GC(11) Skipped SoftWeakFinalRefsPhase of Reference Processing: no references
[0.718s][debug][gc,ref            ] GC(11) Skipped KeepAliveFinalRefsPhase of Reference Processing: no references
[0.718s][debug][gc,ref            ] GC(11) Skipped PhantomRefsPhase of Reference Processing: no references
[0.718s][debug][gc,ergo           ] GC(11) Running G1 Rebuild Free List Task using 6 workers for rebuilding free list of regions
[0.718s][debug][gc,plab           ] GC(11) Young PLAB allocation: allocated: 2097152B, wasted: 512B, unused: 0B, used: 2096640B, undo waste: 0B, 
[0.718s][debug][gc,plab           ] GC(11) Young other allocation: region end waste: 0B, regions filled: 2, num plab filled: 20, direct allocated: 0B, num direct allocated: 0, failure used: 0B, failure wasted: 0B
[0.718s][debug][gc,plab           ] GC(11) Young sizing: calculated: 419328B, actual: 544048B
[0.718s][debug][gc,plab           ] GC(11) Old PLAB allocation: allocated: 16252928B, wasted: 752B, unused: 1592944B, used: 14659232B, undo waste: 0B, 
[0.718s][debug][gc,plab           ] GC(11) Old other allocation: region end waste: 0B, regions filled: 16, num plab filled: 31, direct allocated: 0B, num direct allocated: 0, failure used: 0B, failure wasted: 0B
[0.718s][debug][gc,plab           ] GC(11) Old sizing: calculated: 2931840B, actual: 3620224B
[0.718s][debug][gc,ergo,heap      ] GC(11) Heap expansion: short term pause time ratio 38.87% long term pause time ratio 46.50% threshold 2.94% pause time ratio 7.69% fully expanded false resize by 510866226B
[0.718s][debug][gc,task,start     ] G1 Service Thread (Card Set Free Memory Task) (run 0.031ms after schedule)
[0.718s][debug][gc,ergo,heap      ] GC(11) Expand the heap. requested expansion amount: 510866226B expansion amount: 511705088B
[0.722s][debug][gc,heap,region    ] GC(11) Activate regions [288, 776)
[0.723s][debug][gc,ihop           ] GC(11) Target occupancy update: old: 301989888B, new: 813694976B
[0.723s][debug][gc,mmu            ] GC(11) MMU: 89.4ms (200.0ms/201.0ms)
[0.723s][debug][gc,alloc,stats    ] Old generation allocation in the last mutator period, old gen allocated: 16252928B, humongous allocated: 0B, old gen growth: 16252928B.
[0.723s][debug][gc,ihop           ] GC(11) Basic information (value update), threshold: 366162739B (45.00), target occupancy: 813694976B, current occupancy: 271056896B, recent allocation size: 16252928B, recent allocation duration: 11.82ms, recent old gen allocation rate: 1374617544.57B/s, recent marking phase length: 117.12ms
[0.723s][debug][gc,ihop           ] GC(11) Adaptive IHOP information (value update), threshold: 366162739B (47.37), internal target occupancy: 773010227B, occupancy: 271056896B, additional buffer size: 103809024B, predicted old gen allocation rate: 735669966.77B/s, predicted marking phase length: 234.23ms, prediction active: false
[0.723s][debug][gc,ergo,refine    ] GC(11) GC refinement: goal: 73347 + 193 / 20.00ms, actual: 2050 / 0.53ms, HCC: 0 / 0.00ms
[0.723s][debug][gc,ergo,refine    ] GC(11) New pending cards target: 75286
[0.723s][info ][gc,phases         ] GC(11)   Pre Evacuate Collection Set: 0.5ms
[0.723s][debug][gc,phases         ] GC(11)     Prepare TLABs: 0.0ms
[0.723s][debug][gc,phases         ] GC(11)     Concatenate Dirty Card Logs: 0.1ms
[0.723s][debug][gc,phases         ] GC(11)     Choose Collection Set: 0.0ms
[0.723s][debug][gc,phases         ] GC(11)     Region Register: 0.4ms
[0.723s][debug][gc,phases         ] GC(11)     Prepare Heap Roots: 0.0ms
[0.723s][info ][gc,phases         ] GC(11)   Merge Heap Roots: 0.3ms
[0.723s][debug][gc,phases         ] GC(11)     Prepare Merge Heap Roots: 0.0ms
[0.723s][debug][gc,phases         ] GC(11)     Remembered Sets (ms):          Min:  0.0, Avg:  0.0, Max:  0.0, Diff:  0.0, Sum:  0.0, Workers: 6
[0.723s][debug][gc,phases         ] GC(11)       Eager Reclaim (ms):            skipped
[0.723s][debug][gc,phases         ] GC(11)       Merged Inline                  Min: 0, Avg:  0.0, Max: 0, Diff: 0, Sum: 0, Workers: 6
[0.723s][debug][gc,phases         ] GC(11)       Merged ArrayOfCards            Min: 0, Avg:  0.0, Max: 0, Diff: 0, Sum: 0, Workers: 6
[0.723s][debug][gc,phases         ] GC(11)       Merged Howl                    Min: 0, Avg:  0.0, Max: 0, Diff: 0, Sum: 0, Workers: 6
[0.723s][debug][gc,phases         ] GC(11)       Merged Full                    Min: 0, Avg:  0.0, Max: 0, Diff: 0, Sum: 0, Workers: 6
[0.723s][debug][gc,phases         ] GC(11)       Merged Howl Inline             Min: 0, Avg:  0.0, Max: 0, Diff: 0, Sum: 0, Workers: 6
[0.723s][debug][gc,phases         ] GC(11)       Merged Howl ArrayOfCards       Min: 0, Avg:  0.0, Max: 0, Diff: 0, Sum: 0, Workers: 6
[0.723s][debug][gc,phases         ] GC(11)       Merged Howl BitMap             Min: 0, Avg:  0.0, Max: 0, Diff: 0, Sum: 0, Workers: 6
[0.723s][debug][gc,phases         ] GC(11)       Merged Howl Full               Min: 0, Avg:  0.0, Max: 0, Diff: 0, Sum: 0, Workers: 6
[0.723s][debug][gc,phases         ] GC(11)       Merged Cards                   Min: 8, Avg:  8.0, Max: 8, Diff: 0, Sum: 48, Workers: 6
[0.723s][debug][gc,phases         ] GC(11)     Hot Card Cache (ms):           Min:  0.0, Avg:  0.0, Max:  0.0, Diff:  0.0, Sum:  0.0, Workers: 6
[0.723s][debug][gc,phases         ] GC(11)       Dirty Cards:                   Min: 0, Avg:  0.0, Max: 0, Diff: 0, Sum: 0, Workers: 6
[0.723s][debug][gc,phases         ] GC(11)       Skipped Cards:                 Min: 0, Avg:  0.0, Max: 0, Diff: 0, Sum: 0, Workers: 6
[0.723s][debug][gc,phases         ] GC(11)     Log Buffers (ms):              Min:  0.0, Avg:  0.0, Max:  0.0, Diff:  0.0, Sum:  0.0, Workers: 6
[0.723s][debug][gc,phases         ] GC(11)       Dirty Cards:                   Min: 0, Avg: 341.7, Max: 698, Diff: 698, Sum: 2050, Workers: 6
[0.723s][debug][gc,phases         ] GC(11)       Skipped Cards:                 Min: 0, Avg:  0.0, Max: 0, Diff: 0, Sum: 0, Workers: 6
[0.723s][info ][gc,phases         ] GC(11)   Evacuate Collection Set: 6.6ms
[0.723s][debug][gc,phases         ] GC(11)     Ext Root Scanning (ms):        Min:  0.0, Avg:  0.0, Max:  0.0, Diff:  0.0, Sum:  0.1, Workers: 6
[0.723s][debug][gc,phases         ] GC(11)     Scan Heap Roots (ms):          Min:  0.5, Avg:  0.5, Max:  0.6, Diff:  0.1, Sum:  3.1, Workers: 6
[0.723s][debug][gc,phases         ] GC(11)       Scanned Cards:                 Min: 256, Avg: 341.7, Max: 496, Diff: 240, Sum: 2050, Workers: 6
[0.723s][debug][gc,phases         ] GC(11)       Scanned Blocks:                Min: 8, Avg: 11.3, Max: 16, Diff: 8, Sum: 68, Workers: 6
[0.723s][debug][gc,phases         ] GC(11)       Claimed Chunks:                Min: 8, Avg: 11.3, Max: 16, Diff: 8, Sum: 68, Workers: 6
[0.723s][debug][gc,phases         ] GC(11)       Found Roots:                   Min: 32768, Avg: 43635.5, Max: 63411, Diff: 30643, Sum: 261813, Workers: 6
[0.724s][debug][gc,phases         ] GC(11)     Code Root Scan (ms):           Min:  0.0, Avg:  0.0, Max:  0.0, Diff:  0.0, Sum:  0.0, Workers: 6
[0.724s][debug][gc,phases         ] GC(11)     Object Copy (ms):              Min:  5.8, Avg:  5.9, Max:  6.0, Diff:  0.2, Sum: 35.5, Workers: 6
[0.724s][debug][gc,phases         ] GC(11)     Termination (ms):              Min:  0.0, Avg:  0.0, Max:  0.0, Diff:  0.0, Sum:  0.0, Workers: 6
[0.724s][debug][gc,phases         ] GC(11)       Termination Attempts:          Min: 1, Avg:  1.0, Max: 1, Diff: 0, Sum: 6, Workers: 6
[0.724s][debug][gc,phases         ] GC(11)     GC Worker Other (ms):          Min:  0.0, Avg:  0.1, Max:  0.2, Diff:  0.1, Sum:  0.6, Workers: 6
[0.724s][debug][gc,phases         ] GC(11)     GC Worker Total (ms):          Min:  6.6, Avg:  6.6, Max:  6.6, Diff:  0.0, Sum: 39.4, Workers: 6
[0.724s][info ][gc,phases         ] GC(11)   Post Evacuate Collection Set: 4.9ms
[0.724s][debug][gc,phases         ] GC(11)     NMethod List Cleanup: 0.0ms
[0.724s][debug][gc,phases         ] GC(11)     Reference Processing: 0.1ms
[0.724s][debug][gc,phases,ref     ] GC(11)       Notify Soft/WeakReferences: 0.1ms
[0.724s][debug][gc,phases,ref     ] GC(11)         SoftRef (ms):                  skipped
[0.724s][debug][gc,phases,ref     ] GC(11)         WeakRef (ms):                  skipped
[0.724s][debug][gc,phases,ref     ] GC(11)         FinalRef (ms):                 skipped
[0.724s][debug][gc,phases,ref     ] GC(11)         Total (ms):                    skipped
[0.724s][debug][gc,phases,ref     ] GC(11)       Notify and keep alive finalizable: 0.0ms
[0.724s][debug][gc,phases,ref     ] GC(11)         FinalRef (ms):                 skipped
[0.724s][debug][gc,phases,ref     ] GC(11)       Notify PhantomReferences: 0.0ms
[0.724s][debug][gc,phases,ref     ] GC(11)         PhantomRef (ms):               skipped
[0.724s][debug][gc,phases,ref     ] GC(11)       SoftReference Discovered: 0, Dropped: 0, Processed: 0
[0.724s][debug][gc,phases,ref     ] GC(11)       WeakReference Discovered: 0, Dropped: 0, Processed: 0
[0.724s][debug][gc,phases,ref     ] GC(11)       FinalReference Discovered: 0, Dropped: 0, Processed: 0
[0.724s][debug][gc,phases,ref     ] GC(11)       PhantomReference Discovered: 0, Dropped: 0, Processed: 0
[0.724s][debug][gc,phases         ] GC(11)     Weak Processing: 0.1ms
[0.724s][debug][gc,phases         ] GC(11)       VM Weak                        Min:  0.0, Avg:  0.0, Max:  0.0, Diff:  0.0, Sum:  0.0, Workers: 5
[0.724s][debug][gc,phases         ] GC(11)         Dead                           Min: 0, Avg:  0.0, Max: 0, Diff: 0, Sum: 0, Workers: 5
[0.724s][debug][gc,phases         ] GC(11)         Total                          Min: 0, Avg:  6.4, Max: 32, Diff: 32, Sum: 32, Workers: 5
[0.724s][debug][gc,phases         ] GC(11)       ObjectSynchronizer Weak        Min:  0.0, Avg:  0.0, Max:  0.0, Diff:  0.0, Sum:  0.0, Workers: 5
[0.724s][debug][gc,phases         ] GC(11)         Dead                           Min: 0, Avg:  0.0, Max: 0, Diff: 0, Sum: 0, Workers: 5
[0.724s][debug][gc,phases         ] GC(11)         Total                          Min: 0, Avg:  0.4, Max: 2, Diff: 2, Sum: 2, Workers: 5
[0.724s][debug][gc,phases         ] GC(11)       JVMTI Tag Weak OopStorage      Min:  0.0, Avg:  0.0, Max:  0.0, Diff:  0.0, Sum:  0.0, Workers: 5
[0.724s][debug][gc,phases         ] GC(11)         Dead                           Min: 0, Avg:  0.0, Max: 0, Diff: 0, Sum: 0, Workers: 5
[0.724s][debug][gc,phases         ] GC(11)         Total                          Min: 0, Avg:  0.0, Max: 0, Diff: 0, Sum: 0, Workers: 5
[0.724s][debug][gc,phases         ] GC(11)       StringTable Weak               Min:  0.0, Avg:  0.0, Max:  0.0, Diff:  0.0, Sum:  0.1, Workers: 5
[0.724s][debug][gc,phases         ] GC(11)         Dead                           Min: 0, Avg:  0.0, Max: 0, Diff: 0, Sum: 0, Workers: 5
[0.724s][debug][gc,phases         ] GC(11)         Total                          Min: 620, Avg: 904.8, Max: 1216, Diff: 596, Sum: 4524, Workers: 5
[0.724s][debug][gc,phases         ] GC(11)       ResolvedMethodTable Weak       Min:  0.0, Avg:  0.0, Max:  0.0, Diff:  0.0, Sum:  0.0, Workers: 5
[0.724s][debug][gc,phases         ] GC(11)         Dead                           Min: 0, Avg:  0.0, Max: 0, Diff: 0, Sum: 0, Workers: 5
[0.724s][debug][gc,phases         ] GC(11)         Total                          Min: 34, Avg: 58.0, Max: 64, Diff: 30, Sum: 290, Workers: 5
[0.724s][debug][gc,phases         ] GC(11)       JNI Weak                       Min:  0.0, Avg:  0.0, Max:  0.0, Diff:  0.0, Sum:  0.0, Workers: 5
[0.724s][debug][gc,phases         ] GC(11)         Dead                           Min: 0, Avg:  0.0, Max: 0, Diff: 0, Sum: 0, Workers: 5
[0.724s][debug][gc,phases         ] GC(11)         Total                          Min: 0, Avg:  0.0, Max: 0, Diff: 0, Sum: 0, Workers: 5
[0.724s][debug][gc,phases         ] GC(11)       StringDedup Table Weak         Min:  0.0, Avg:  0.0, Max:  0.0, Diff:  0.0, Sum:  0.0, Workers: 5
[0.724s][debug][gc,phases         ] GC(11)         Dead                           Min: 0, Avg:  0.0, Max: 0, Diff: 0, Sum: 0, Workers: 5
[0.724s][debug][gc,phases         ] GC(11)         Total                          Min: 0, Avg:  0.0, Max: 0, Diff: 0, Sum: 0, Workers: 5
[0.724s][debug][gc,phases         ] GC(11)       StringDedup Requests0 Weak     Min:  0.0, Avg:  0.0, Max:  0.0, Diff:  0.0, Sum:  0.0, Workers: 5
[0.724s][debug][gc,phases         ] GC(11)         Dead                           Min: 0, Avg:  0.0, Max: 0, Diff: 0, Sum: 0, Workers: 5
[0.725s][debug][gc,phases         ] GC(11)         Total                          Min: 0, Avg:  0.0, Max: 0, Diff: 0, Sum: 0, Workers: 5
[0.725s][debug][gc,phases         ] GC(11)       StringDedup Requests1 Weak     Min:  0.0, Avg:  0.0, Max:  0.0, Diff:  0.0, Sum:  0.0, Workers: 5
[0.725s][debug][gc,phases         ] GC(11)         Dead                           Min: 0, Avg:  0.0, Max: 0, Diff: 0, Sum: 0, Workers: 5
[0.725s][debug][gc,phases         ] GC(11)         Total                          Min: 0, Avg:  0.0, Max: 0, Diff: 0, Sum: 0, Workers: 5
[0.725s][debug][gc,phases         ] GC(11)       Weak JFR Old Object Samples    Min:  0.0, Avg:  0.0, Max:  0.0, Diff:  0.0, Sum:  0.0, Workers: 5
[0.725s][debug][gc,phases         ] GC(11)         Dead                           Min: 0, Avg:  0.0, Max: 0, Diff: 0, Sum: 0, Workers: 5
[0.725s][debug][gc,phases         ] GC(11)         Total                          Min: 0, Avg:  0.0, Max: 0, Diff: 0, Sum: 0, Workers: 5
[0.725s][debug][gc,phases         ] GC(11)     Post Evacuate Cleanup 1: 0.1ms
[0.725s][debug][gc,phases         ] GC(11)       Merge Per-Thread State (ms):   Min:  0.0, Avg:  0.0, Max:  0.0, Diff:  0.0, Sum:  0.0, Workers: 1
[0.725s][debug][gc,phases         ] GC(11)         Copied Bytes                   Min: 2169600, Avg: 2792645.3, Max: 4090240, Diff: 1920640, Sum: 16755872, Workers: 6
[0.725s][debug][gc,phases         ] GC(11)         LAB Waste                      Min: 104, Avg: 210.7, Max: 424, Diff: 320, Sum: 1264, Workers: 6
[0.725s][debug][gc,phases         ] GC(11)         LAB Undo Waste                 Min: 0, Avg:  0.0, Max: 0, Diff: 0, Sum: 0, Workers: 6
[0.725s][debug][gc,phases         ] GC(11)       Clear Logged Cards (ms):       Min:  0.0, Avg:  0.0, Max:  0.0, Diff:  0.0, Sum:  0.0, Workers: 3
[0.725s][debug][gc,phases         ] GC(11)       Recalculate Used Memory (ms):  Min:  0.0, Avg:  0.0, Max:  0.0, Diff:  0.0, Sum:  0.0, Workers: 1
[0.725s][debug][gc,phases         ] GC(11)     Post Evacuate Cleanup 2: 0.1ms
[0.725s][debug][gc,phases         ] GC(11)       Reset Hot Card Cache (ms):     Min:  0.0, Avg:  0.0, Max:  0.0, Diff:  0.0, Sum:  0.0, Workers: 1
[0.725s][debug][gc,phases         ] GC(11)       Purge Code Roots (ms):         Min:  0.0, Avg:  0.0, Max:  0.0, Diff:  0.0, Sum:  0.0, Workers: 1
[0.725s][debug][gc,phases         ] GC(11)       Update Derived Pointers (ms):  Min:  0.0, Avg:  0.0, Max:  0.0, Diff:  0.0, Sum:  0.0, Workers: 1
[0.725s][debug][gc,phases         ] GC(11)       Eagerly Reclaim Humongous Objects (ms): skipped
[0.725s][debug][gc,phases         ] GC(11)         Humongous Total                skipped
[0.725s][debug][gc,phases         ] GC(11)         Humongous Candidates           skipped
[0.725s][debug][gc,phases         ] GC(11)         Humongous Reclaimed            skipped
[0.725s][debug][gc,phases         ] GC(11)       Redirty Logged Cards (ms):     Min:  0.0, Avg:  0.0, Max:  0.0, Diff:  0.0, Sum:  0.0, Workers: 6
[0.725s][debug][gc,phases         ] GC(11)         Redirtied Cards:               Min: 0, Avg: 43.3, Max: 130, Diff: 130, Sum: 260, Workers: 6
[0.725s][debug][gc,phases         ] GC(11)       Free Collection Set (ms):      Min:  0.0, Avg:  0.0, Max:  0.0, Diff:  0.0, Sum:  0.0, Workers: 6
[0.725s][debug][gc,phases         ] GC(11)     Rebuild Free List: 0.1ms
[0.725s][debug][gc,phases         ] GC(11)     Start New Collection Set: 0.0ms
[0.725s][debug][gc,phases         ] GC(11)     Resize TLABs: 0.1ms
[0.725s][debug][gc,phases         ] GC(11)     Expand Heap After Collection: 4.4ms
[0.725s][info ][gc,phases         ] GC(11)   Other: 0.6ms
[0.725s][debug][gc,remset         ] GC(11) Coarsening (recent): Inline->AoC 0 (0) AoC->Howl 0 (0) Howl->Full 0 (0) Inline->AoC 0 (0) AoC->BitMap 0 (0) BitMap->Full 0 (0) 
[0.725s][debug][gc,remset         ] GC(11) Coarsening (all): Inline->AoC 67 (0) AoC->Howl 66 (0) Howl->Full 0 (0) Inline->AoC 79 (0) AoC->BitMap 76 (0) BitMap->Full 0 (0) 
[0.725s][info ][gc,heap           ] GC(11) Eden regions: 12->0(97)
[0.725s][info ][gc,heap           ] GC(11) Survivor regions: 4->2(2)
[0.725s][info ][gc,heap           ] GC(11) Old regions: 198->214
[0.725s][info ][gc,heap           ] GC(11) Archive regions: 0->0
[0.725s][info ][gc,heap           ] GC(11) Humongous regions: 43->43
[0.725s][info ][gc,metaspace      ] GC(11) Metaspace: 923K(1152K)->923K(1152K) NonClass: 841K(960K)->841K(960K) Class: 82K(192K)->82K(192K)
[0.725s][debug][gc,heap           ] GC(11) Heap after GC invocations=11 (full 0):
[0.725s][debug][gc,heap           ] GC(11)  garbage-first heap   total 794624K, used 264704K [0x00000000a1e00000, 0x0000000100000000)
[0.725s][debug][gc,heap           ] GC(11)   region size 1024K, 2 young (2048K), 2 survivors (2048K)
[0.725s][debug][gc,heap           ] GC(11)  Metaspace       used 923K, committed 1152K, reserved 1114112K
[0.725s][debug][gc,heap           ] GC(11)   class space    used 82K, committed 192K, reserved 1048576K
[0.725s][info ][gc                ] GC(11) Pause Young (Normal) (G1 Evacuation Pause) 257M->258M(776M) 15.764ms
[0.725s][info ][gc,cpu            ] GC(11) User=0.00s Sys=0.02s Real=0.02s
[0.726s][debug][gc,refine         ] Concurrent refinement: wanted 0, cards: 260, predicted: 46380, time: 103.94ms
[0.726s][debug][gc,task           ] G1 Service Thread (Card Set Free Memory Task) (run: 7.483ms) (cpu: 0.000ms)
[0.775s][debug][gc,refine         ] Concurrent refinement: wanted 0, cards: 5124, predicted: 32550, time: 61.81ms
[0.784s][debug][gc,stats          ] ---------------------------------------------------------------------
[0.784s][debug][gc,stats          ] Marking Stats, task = 0, calls = 13
[0.784s][debug][gc,stats          ]   Elapsed time = 132.84ms, Termination time = 0.00ms
[0.784s][debug][gc,stats          ]   Step Times (cum): num = 26, avg = 4.19ms, sd = 6.91ms max = 16.00ms, total = 109.00ms
[0.784s][debug][gc,stats          ]   Mark Stats Cache: hits 2309286 misses 0 ratio 100.000
[0.784s][debug][gc,stats          ] ---------------------------------------------------------------------
[0.784s][debug][gc,stats          ] Marking Stats, task = 1, calls = 13
[0.784s][debug][gc,stats          ]   Elapsed time = 132.84ms, Termination time = 0.00ms
[0.784s][debug][gc,stats          ]   Step Times (cum): num = 18, avg = 6.06ms, sd = 7.60ms max = 16.00ms, total = 109.00ms
[0.784s][debug][gc,stats          ]   Mark Stats Cache: hits 2312067 misses 0 ratio 100.000
[0.784s][debug][gc,stats          ] ---------------------------------------------------------------------
[0.784s][info ][gc,marking        ] GC(9) Concurrent Mark From Roots 133.222ms
[0.784s][info ][gc,marking        ] GC(9) Concurrent Preclean
[0.784s][debug][gc,ref,start      ] GC(9) Preclean SoftReferences
[0.784s][debug][gc,ref            ] GC(9) Preclean SoftReferences 0.022ms
[0.784s][debug][gc,ref,start      ] GC(9) Preclean WeakReferences
[0.784s][debug][gc,ref            ] GC(9) Preclean WeakReferences 0.027ms
[0.784s][debug][gc,ref,start      ] GC(9) Preclean FinalReferences
[0.785s][debug][gc,ref            ] GC(9) Preclean FinalReferences 0.025ms
[0.785s][debug][gc,ref,start      ] GC(9) Preclean PhantomReferences
[0.785s][debug][gc,ref            ] GC(9) Preclean PhantomReferences 0.019ms
[0.785s][info ][gc,marking        ] GC(9) Concurrent Preclean 0.209ms
[0.791s][info ][gc,start          ] GC(9) Pause Remark
[0.791s][debug][gc,phases,start   ] GC(9) Finalize Marking
[0.791s][debug][gc,stats          ] ---------------------------------------------------------------------
[0.791s][debug][gc,stats          ] Marking Stats, task = 0, calls = 14
[0.791s][debug][gc,stats          ]   Elapsed time = 0.06ms, Termination time = 0.00ms
[0.791s][debug][gc,stats          ]   Step Times (cum): num = 27, avg = 4.04ms, sd = 6.83ms max = 16.00ms, total = 109.00ms
[0.791s][debug][gc,stats          ]   Mark Stats Cache: hits 2309286 misses 0 ratio 100.000
[0.791s][debug][gc,stats          ] ---------------------------------------------------------------------
[0.791s][debug][gc,stats          ] Marking Stats, task = 1, calls = 14
[0.791s][debug][gc,stats          ]   Elapsed time = 0.07ms, Termination time = 0.00ms
[0.791s][debug][gc,stats          ]   Step Times (cum): num = 19, avg = 5.74ms, sd = 7.52ms max = 16.00ms, total = 109.00ms
[0.791s][debug][gc,stats          ]   Mark Stats Cache: hits 2312067 misses 0 ratio 100.000
[0.791s][debug][gc,stats          ] ---------------------------------------------------------------------
[0.791s][debug][gc,stats          ] Marking Stats, task = 2, calls = 1
[0.791s][debug][gc,stats          ]   Elapsed time = 0.07ms, Termination time = 0.00ms
[0.791s][debug][gc,stats          ]   Step Times (cum): num = 1, avg = 0.00ms, sd = 0.00ms max = 0.00ms, total = 0.00ms
[0.791s][debug][gc,stats          ]   Mark Stats Cache: hits 12 misses 0 ratio 100.000
[0.791s][debug][gc,stats          ] ---------------------------------------------------------------------
[0.791s][debug][gc,stats          ] Marking Stats, task = 3, calls = 1
[0.791s][debug][gc,stats          ]   Elapsed time = 0.05ms, Termination time = 0.00ms
[0.791s][debug][gc,stats          ]   Step Times (cum): num = 1, avg = 0.00ms, sd = 0.00ms max = 0.00ms, total = 0.00ms
[0.791s][debug][gc,stats          ]   Mark Stats Cache: hits 6 misses 0 ratio 100.000
[0.791s][debug][gc,stats          ] ---------------------------------------------------------------------
[0.791s][debug][gc,stats          ] Marking Stats, task = 4, calls = 1
[0.791s][debug][gc,stats          ]   Elapsed time = 0.05ms, Termination time = 0.00ms
[0.791s][debug][gc,stats          ]   Step Times (cum): num = 1, avg = 0.00ms, sd = 0.00ms max = 0.00ms, total = 0.00ms
[0.791s][debug][gc,stats          ]   Mark Stats Cache: hits 44 misses 0 ratio 100.000
[0.792s][debug][gc,stats          ] ---------------------------------------------------------------------
[0.792s][debug][gc,stats          ] Marking Stats, task = 5, calls = 1
[0.792s][debug][gc,stats          ]   Elapsed time = 0.05ms, Termination time = 0.00ms
[0.792s][debug][gc,stats          ]   Step Times (cum): num = 1, avg = 0.00ms, sd = 0.00ms max = 0.00ms, total = 0.00ms
[0.792s][debug][gc,stats          ]   Mark Stats Cache: hits 0 misses 0 ratio 0.000
[0.792s][debug][gc,stats          ] ---------------------------------------------------------------------
[0.792s][debug][gc,phases         ] GC(9) Finalize Marking 0.745ms
[0.792s][debug][gc,phases,start   ] GC(9) Reference Processing
[0.792s][debug][gc,ref            ] GC(9) Skipped SoftWeakFinalRefsPhase of Reference Processing: no references
[0.792s][debug][gc,ref            ] GC(9) Skipped KeepAliveFinalRefsPhase of Reference Processing: no references
[0.792s][debug][gc,ref            ] GC(9) Skipped PhantomRefsPhase of Reference Processing: no references
[0.792s][debug][gc,phases,ref     ] GC(9) Reference Processing: 0.1ms
[0.792s][debug][gc,phases,ref     ] GC(9)   Notify Soft/WeakReferences: 0.0ms
[0.792s][debug][gc,phases,ref     ] GC(9)     SoftRef (ms):                  skipped
[0.792s][debug][gc,phases,ref     ] GC(9)     WeakRef (ms):                  skipped
[0.792s][debug][gc,phases,ref     ] GC(9)     FinalRef (ms):                 skipped
[0.792s][debug][gc,phases,ref     ] GC(9)     Total (ms):                    skipped
[0.792s][debug][gc,phases,ref     ] GC(9)   Notify and keep alive finalizable: 0.0ms
[0.792s][debug][gc,phases,ref     ] GC(9)     FinalRef (ms):                 skipped
[0.792s][debug][gc,phases,ref     ] GC(9)   Notify PhantomReferences: 0.0ms
[0.792s][debug][gc,phases,ref     ] GC(9)     PhantomRef (ms):               skipped
[0.792s][debug][gc,phases,ref     ] GC(9)   SoftReference Discovered: 0, Dropped: 0, Processed: 0
[0.792s][debug][gc,phases,ref     ] GC(9)   WeakReference Discovered: 0, Dropped: 0, Processed: 0
[0.792s][debug][gc,phases,ref     ] GC(9)   FinalReference Discovered: 0, Dropped: 0, Processed: 0
[0.792s][debug][gc,phases,ref     ] GC(9)   PhantomReference Discovered: 0, Dropped: 0, Processed: 0
[0.792s][debug][gc,phases         ] GC(9) Reference Processing 0.399ms
[0.792s][debug][gc,phases,start   ] GC(9) Weak Processing
[0.792s][debug][gc,phases         ] GC(9)   VM Weak                        Min:  0.0, Avg:  0.0, Max:  0.0, Diff:  0.0, Sum:  0.0, Workers: 5
[0.792s][debug][gc,phases         ] GC(9)     Dead                           Min: 0, Avg:  0.0, Max: 0, Diff: 0, Sum: 0, Workers: 5
[0.792s][debug][gc,phases         ] GC(9)     Total                          Min: 0, Avg:  6.4, Max: 32, Diff: 32, Sum: 32, Workers: 5
[0.792s][debug][gc,phases         ] GC(9)   ObjectSynchronizer Weak        Min:  0.0, Avg:  0.0, Max:  0.0, Diff:  0.0, Sum:  0.0, Workers: 5
[0.792s][debug][gc,phases         ] GC(9)     Dead                           Min: 0, Avg:  0.0, Max: 0, Diff: 0, Sum: 0, Workers: 5
[0.792s][debug][gc,phases         ] GC(9)     Total                          Min: 0, Avg:  0.4, Max: 2, Diff: 2, Sum: 2, Workers: 5
[0.792s][debug][gc,phases         ] GC(9)   JVMTI Tag Weak OopStorage      Min:  0.0, Avg:  0.0, Max:  0.0, Diff:  0.0, Sum:  0.0, Workers: 5
[0.792s][debug][gc,phases         ] GC(9)     Dead                           Min: 0, Avg:  0.0, Max: 0, Diff: 0, Sum: 0, Workers: 5
[0.792s][debug][gc,phases         ] GC(9)     Total                          Min: 0, Avg:  0.0, Max: 0, Diff: 0, Sum: 0, Workers: 5
[0.792s][debug][gc,phases         ] GC(9)   StringTable Weak               Min:  0.0, Avg:  0.0, Max:  0.0, Diff:  0.0, Sum:  0.1, Workers: 5
[0.792s][debug][gc,phases         ] GC(9)     Dead                           Min: 0, Avg:  0.0, Max: 0, Diff: 0, Sum: 0, Workers: 5
[0.792s][debug][gc,phases         ] GC(9)     Total                          Min: 384, Avg: 904.8, Max: 1536, Diff: 1152, Sum: 4524, Workers: 5
[0.792s][debug][gc,phases         ] GC(9)   ResolvedMethodTable Weak       Min:  0.0, Avg:  0.0, Max:  0.0, Diff:  0.0, Sum:  0.0, Workers: 5
[0.792s][debug][gc,phases         ] GC(9)     Dead                           Min: 0, Avg:  0.0, Max: 0, Diff: 0, Sum: 0, Workers: 5
[0.792s][debug][gc,phases         ] GC(9)     Total                          Min: 34, Avg: 58.0, Max: 64, Diff: 30, Sum: 290, Workers: 5
[0.793s][debug][gc,phases         ] GC(9)   JNI Weak                       Min:  0.0, Avg:  0.0, Max:  0.0, Diff:  0.0, Sum:  0.0, Workers: 5
[0.793s][debug][gc,phases         ] GC(9)     Dead                           Min: 0, Avg:  0.0, Max: 0, Diff: 0, Sum: 0, Workers: 5
[0.793s][debug][gc,phases         ] GC(9)     Total                          Min: 0, Avg:  0.0, Max: 0, Diff: 0, Sum: 0, Workers: 5
[0.793s][debug][gc,phases         ] GC(9)   StringDedup Table Weak         Min:  0.0, Avg:  0.0, Max:  0.0, Diff:  0.0, Sum:  0.0, Workers: 5
[0.793s][debug][gc,phases         ] GC(9)     Dead                           Min: 0, Avg:  0.0, Max: 0, Diff: 0, Sum: 0, Workers: 5
[0.793s][debug][gc,phases         ] GC(9)     Total                          Min: 0, Avg:  0.0, Max: 0, Diff: 0, Sum: 0, Workers: 5
[0.793s][debug][gc,phases         ] GC(9)   StringDedup Requests0 Weak     Min:  0.0, Avg:  0.0, Max:  0.0, Diff:  0.0, Sum:  0.0, Workers: 5
[0.793s][debug][gc,phases         ] GC(9)     Dead                           Min: 0, Avg:  0.0, Max: 0, Diff: 0, Sum: 0, Workers: 5
[0.793s][debug][gc,phases         ] GC(9)     Total                          Min: 0, Avg:  0.0, Max: 0, Diff: 0, Sum: 0, Workers: 5
[0.793s][debug][gc,phases         ] GC(9)   StringDedup Requests1 Weak     Min:  0.0, Avg:  0.0, Max:  0.0, Diff:  0.0, Sum:  0.0, Workers: 5
[0.793s][debug][gc,phases         ] GC(9)     Dead                           Min: 0, Avg:  0.0, Max: 0, Diff: 0, Sum: 0, Workers: 5
[0.793s][debug][gc,phases         ] GC(9)     Total                          Min: 0, Avg:  0.0, Max: 0, Diff: 0, Sum: 0, Workers: 5
[0.793s][debug][gc,phases         ] GC(9)   Weak JFR Old Object Samples    Min:  0.0, Avg:  0.0, Max:  0.0, Diff:  0.0, Sum:  0.0, Workers: 5
[0.793s][debug][gc,phases         ] GC(9)     Dead                           Min: 0, Avg:  0.0, Max: 0, Diff: 0, Sum: 0, Workers: 5
[0.793s][debug][gc,phases         ] GC(9)     Total                          Min: 0, Avg:  0.0, Max: 0, Diff: 0, Sum: 0, Workers: 5
[0.793s][debug][gc,phases         ] GC(9) Weak Processing 0.813ms
[0.793s][debug][gc,phases,start   ] GC(9) Class Unloading
[0.793s][debug][gc,phases,start   ] GC(9) ClassLoaderData
[0.793s][debug][gc,phases         ] GC(9) ClassLoaderData 0.022ms
[0.793s][debug][gc,phases,start   ] GC(9) Trigger cleanups
[0.793s][debug][gc,phases         ] GC(9) Trigger cleanups 0.019ms
[0.793s][debug][gc,phases         ] GC(9) Class Unloading 0.402ms
[0.793s][debug][gc,phases,start   ] GC(9) Flush Task Caches
[0.793s][debug][gc,stats          ] Mark stats cache hits 4621415 misses 0 ratio 100.000
[0.793s][debug][gc,phases         ] GC(9) Flush Task Caches 0.064ms
[0.793s][debug][gc,phases,start   ] GC(9) Update Remembered Set Tracking Before Rebuild
[0.793s][debug][gc,ergo           ] GC(9) Running G1 Update RemSet Tracking Before Rebuild using 3 workers for 776 regions in heap
[0.794s][debug][gc,remset,tracking] GC(9) Remembered Set Tracking update regions total 776, selected 9
[0.794s][debug][gc,phases         ] GC(9) Update Remembered Set Tracking Before Rebuild 0.173ms
[0.794s][debug][gc,phases,start   ] GC(9) Reclaim Empty Regions
[0.794s][debug][gc                ] GC(9) Reclaimed 16 empty regions
[0.794s][debug][gc,phases         ] GC(9) Reclaim Empty Regions 0.162ms
[0.794s][debug][gc,phases,start   ] GC(9) Purge Metaspace
[0.794s][debug][gc,phases         ] GC(9) Purge Metaspace 0.024ms
[0.794s][debug][gc,phases,start   ] GC(9) Report Object Count
[0.794s][debug][gc,phases         ] GC(9) Report Object Count 0.020ms
[0.794s][debug][gc,mmu            ] GC(9) MMU: 70.6ms (200.0ms/201.0ms)
[0.794s][info ][gc                ] GC(9) Pause Remark 328M->312M(776M) 3.126ms
[0.794s][info ][gc,cpu            ] GC(9) User=0.00s Sys=0.00s Real=0.00s
[0.794s][info ][gc,marking        ] GC(9) Concurrent Mark 142.926ms
[0.794s][info ][gc,marking        ] GC(9) Concurrent Rebuild Remembered Sets and Scrub Regions
[0.837s][debug][gc,refine         ] Concurrent refinement: wanted 0, cards: 40708, predicted: 40708, time: 11.33ms
[0.863s][info ][gc,start          ] GC(12) Pause Young (Normal) (G1 Evacuation Pause)
[0.863s][debug][gc,heap           ] GC(12) Heap before GC invocations=11 (full 0):
[0.863s][debug][gc,heap           ] GC(12)  garbage-first heap   total 794624K, used 353792K [0x00000000a1e00000, 0x0000000100000000)
[0.863s][debug][gc,heap           ] GC(12)   region size 1024K, 81 young (82944K), 2 survivors (2048K)
[0.863s][debug][gc,heap           ] GC(12)  Metaspace       used 923K, committed 1152K, reserved 1114112K
[0.863s][debug][gc,heap           ] GC(12)   class space    used 82K, committed 192K, reserved 1048576K
[0.863s][info ][gc,task           ] GC(12) Using 8 workers of 8 for evacuation
[0.863s][debug][gc,age            ] GC(12) Desired survivor size 5767168 bytes, new threshold 15 (max threshold 15)
[0.863s][debug][gc,tlab           ] GC(12) TLAB totals: thrds: 1  refills: 395 max: 395 slow allocs: 1 max 1 waste:  0.3% gc: 0B max: 0B slow: 237632B max: 237632B
[0.863s][debug][gc,refine,stats   ] GC(12) Mutator refinement: 0.00ms, refined: 0, precleaned: 0, dirtied: 42133
[0.863s][debug][gc,refine,stats   ] GC(12) Concurrent refinement: 0.00ms, refined: 0, precleaned: 0, dirtied: 0
[0.863s][debug][gc,refine,stats   ] GC(12) Total refinement: 0.00ms, refined: 0, precleaned: 0, dirtied: 42133
[0.863s][debug][gc,refine,stats   ] GC(12) Generate dirty cards rate: 306.69 cards/ms
[0.863s][debug][gc,alloc,region   ] GC(12) Mutator Allocation stats, regions: 79, wasted size: 0B ( 0.0%)
[0.863s][debug][gc,humongous      ] GC(12) Humongous region 196 (object size 16409088 @ 0x00000000ae200000) remset 0 code roots 0 marked 0 reclaim candidate 0 type array 0
[0.863s][debug][gc,humongous      ] GC(12) Humongous region 113 (object size 10939400 @ 0x00000000a8f00000) remset 0 code roots 0 marked 1 reclaim candidate 0 type array 0
[0.863s][debug][gc,humongous      ] GC(12) Humongous region 276 (object size 24613616 @ 0x00000000b3200000) remset 1 code roots 0 marked 0 reclaim candidate 0 type array 0
[0.863s][debug][gc,ergo           ] GC(12) Running G1 Merge Heap Roots using 8 workers for 81 regions
[0.864s][debug][gc,remset         ] GC(12) Visited cards 42528 Total dirty 47104 (90.29%) Total old 874496 (4.86%)
[0.920s][debug][gc,ref            ] GC(12) Skipped SoftWeakFinalRefsPhase of Reference Processing: no references
[0.920s][debug][gc,ref            ] GC(12) Skipped KeepAliveFinalRefsPhase of Reference Processing: no references
[0.920s][debug][gc,ref            ] GC(12) Skipped PhantomRefsPhase of Reference Processing: no references
[0.921s][debug][gc,ergo           ] GC(12) Running G1 Rebuild Free List Task using 8 workers for rebuilding free list of regions
[0.921s][debug][gc,plab           ] GC(12) Young PLAB allocation: allocated: 11534336B, wasted: 3128B, unused: 0B, used: 11531208B, undo waste: 0B, 
[0.921s][debug][gc,plab           ] GC(12) Young other allocation: region end waste: 0B, regions filled: 11, num plab filled: 105, direct allocated: 0B, num direct allocated: 0, failure used: 0B, failure wasted: 0B
[0.921s][debug][gc,plab           ] GC(12) Young sizing: calculated: 2306240B, actual: 1865688B
[0.921s][debug][gc,plab           ] GC(12) Old PLAB allocation: allocated: 74973184B, wasted: 5560B, unused: 1802320B, used: 73165304B, undo waste: 0B, 
[0.921s][debug][gc,plab           ] GC(12) Old other allocation: region end waste: 0B, regions filled: 72, num plab filled: 171, direct allocated: 0B, num direct allocated: 0, failure used: 0B, failure wasted: 0B
[0.921s][debug][gc,plab           ] GC(12) Old sizing: calculated: 14633056B, actual: 11879848B
[0.921s][debug][gc,ergo,heap      ] GC(12) Heap expansion: short term pause time ratio 4.25% long term pause time ratio 36.74% threshold 7.69% pause time ratio 7.69% fully expanded false resize by 0B
[0.921s][debug][gc,task,start     ] G1 Service Thread (Card Set Free Memory Task) (run 0.016ms after schedule)
[0.921s][debug][gc,mmu            ] GC(12) MMU: 63.6ms (200.0ms/201.0ms)
[0.921s][debug][gc,alloc,stats    ] Old generation allocation in the last mutator period, old gen allocated: 74973184B, humongous allocated: 25165824B, old gen growth: 83361792B.
[0.921s][debug][gc,ihop           ] GC(12) Basic information (value update), threshold: 366162739B (45.00), target occupancy: 813694976B, current occupancy: 363855872B, recent allocation size: 100139008B, recent allocation duration: 137.38ms, recent old gen allocation rate: 728913475.79B/s, recent marking phase length: 117.12ms
[0.921s][debug][gc,ihop           ] GC(12) Adaptive IHOP information (value update), threshold: 366162739B (47.37), internal target occupancy: 773010227B, occupancy: 363855872B, additional buffer size: 116391936B, predicted old gen allocation rate: 736544833.16B/s, predicted marking phase length: 234.23ms, prediction active: false
[0.921s][debug][gc,ergo,refine    ] GC(12) GC refinement: goal: 75286 + 185 / 20.00ms, actual: 42393 / 10.65ms, HCC: 0 / 0.00ms
[0.921s][debug][gc,ergo,refine    ] GC(12) New pending cards target: 77371
[0.921s][info ][gc,phases         ] GC(12)   Pre Evacuate Collection Set: 0.3ms
[0.921s][debug][gc,phases         ] GC(12)     Prepare TLABs: 0.0ms
[0.921s][debug][gc,phases         ] GC(12)     Concatenate Dirty Card Logs: 0.1ms
[0.921s][debug][gc,phases         ] GC(12)     Choose Collection Set: 0.0ms
[0.921s][debug][gc,phases         ] GC(12)     Region Register: 0.2ms
[0.922s][debug][gc,phases         ] GC(12)     Prepare Heap Roots: 0.0ms
[0.922s][info ][gc,phases         ] GC(12)   Merge Heap Roots: 0.4ms
[0.922s][debug][gc,phases         ] GC(12)     Prepare Merge Heap Roots: 0.0ms
[0.922s][debug][gc,phases         ] GC(12)     Remembered Sets (ms):          Min:  0.0, Avg:  0.0, Max:  0.0, Diff:  0.0, Sum:  0.1, Workers: 8
[0.922s][debug][gc,phases         ] GC(12)       Eager Reclaim (ms):            skipped
[0.922s][debug][gc,phases         ] GC(12)       Merged Inline                  Min: 0, Avg:  0.0, Max: 0, Diff: 0, Sum: 0, Workers: 8
[0.922s][debug][gc,phases         ] GC(12)       Merged ArrayOfCards            Min: 0, Avg:  0.0, Max: 0, Diff: 0, Sum: 0, Workers: 8
[0.922s][debug][gc,phases         ] GC(12)       Merged Howl                    Min: 5, Avg:  6.4, Max: 7, Diff: 2, Sum: 51, Workers: 8
[0.922s][debug][gc,phases         ] GC(12)       Merged Full                    Min: 0, Avg:  0.0, Max: 0, Diff: 0, Sum: 0, Workers: 8
[0.922s][debug][gc,phases         ] GC(12)       Merged Howl Inline             Min: 14, Avg: 18.1, Max: 21, Diff: 7, Sum: 145, Workers: 8
[0.922s][debug][gc,phases         ] GC(12)       Merged Howl ArrayOfCards       Min: 0, Avg:  0.0, Max: 0, Diff: 0, Sum: 0, Workers: 8
[0.922s][debug][gc,phases         ] GC(12)       Merged Howl BitMap             Min: 6, Avg:  7.4, Max: 9, Diff: 3, Sum: 59, Workers: 8
[0.922s][debug][gc,phases         ] GC(12)       Merged Howl Full               Min: 0, Avg:  0.0, Max: 0, Diff: 0, Sum: 0, Workers: 8
[0.922s][debug][gc,phases         ] GC(12)       Merged Cards                   Min: 652, Avg: 774.8, Max: 914, Diff: 262, Sum: 6198, Workers: 8
[0.922s][debug][gc,phases         ] GC(12)     Hot Card Cache (ms):           Min:  0.0, Avg:  0.0, Max:  0.0, Diff:  0.0, Sum:  0.0, Workers: 8
[0.922s][debug][gc,phases         ] GC(12)       Dirty Cards:                   Min: 0, Avg:  0.0, Max: 0, Diff: 0, Sum: 0, Workers: 8
[0.922s][debug][gc,phases         ] GC(12)       Skipped Cards:                 Min: 0, Avg:  0.0, Max: 0, Diff: 0, Sum: 0, Workers: 8
[0.922s][debug][gc,phases         ] GC(12)     Log Buffers (ms):              Min:  0.2, Avg:  0.2, Max:  0.2, Diff:  0.0, Sum:  1.3, Workers: 8
[0.922s][debug][gc,phases         ] GC(12)       Dirty Cards:                   Min: 5120, Avg: 5299.1, Max: 5452, Diff: 332, Sum: 42393, Workers: 8
[0.922s][debug][gc,phases         ] GC(12)       Skipped Cards:                 Min: 0, Avg:  0.0, Max: 0, Diff: 0, Sum: 0, Workers: 8
[0.922s][info ][gc,phases         ] GC(12)   Evacuate Collection Set: 56.4ms
[0.922s][debug][gc,phases         ] GC(12)     Ext Root Scanning (ms):        Min:  0.0, Avg:  0.0, Max:  0.0, Diff:  0.0, Sum:  0.1, Workers: 8
[0.922s][debug][gc,phases         ] GC(12)     Scan Heap Roots (ms):          Min:  3.9, Avg: 10.5, Max: 16.3, Diff: 12.4, Sum: 83.8, Workers: 8
[0.922s][debug][gc,phases         ] GC(12)       Scanned Cards:                 Min: 1888, Avg: 5299.1, Max: 7776, Diff: 5888, Sum: 42393, Workers: 8
[0.922s][debug][gc,phases         ] GC(12)       Scanned Blocks:                Min: 59, Avg: 166.1, Max: 243, Diff: 184, Sum: 1329, Workers: 8
[0.922s][debug][gc,phases         ] GC(12)       Claimed Chunks:                Min: 59, Avg: 166.1, Max: 243, Diff: 184, Sum: 1329, Workers: 8
[0.922s][debug][gc,phases         ] GC(12)       Found Roots:                   Min: 167936, Avg: 262748.6, Max: 466944, Diff: 299008, Sum: 2101989, Workers: 8
[0.922s][debug][gc,phases         ] GC(12)     Code Root Scan (ms):           Min:  0.0, Avg:  0.0, Max:  0.0, Diff:  0.0, Sum:  0.0, Workers: 8
[0.922s][debug][gc,phases         ] GC(12)     Object Copy (ms):              Min: 40.0, Avg: 45.8, Max: 52.4, Diff: 12.4, Sum: 366.3, Workers: 8
[0.922s][debug][gc,phases         ] GC(12)     Termination (ms):              Min:  0.0, Avg:  0.0, Max:  0.0, Diff:  0.0, Sum:  0.1, Workers: 8
[0.922s][debug][gc,phases         ] GC(12)       Termination Attempts:          Min: 1, Avg:  1.0, Max: 1, Diff: 0, Sum: 8, Workers: 8
[0.922s][debug][gc,phases         ] GC(12)     GC Worker Other (ms):          Min:  0.0, Avg:  0.1, Max:  0.1, Diff:  0.1, Sum:  0.6, Workers: 8
[0.922s][debug][gc,phases         ] GC(12)     GC Worker Total (ms):          Min: 56.4, Avg: 56.4, Max: 56.4, Diff:  0.0, Sum: 450.9, Workers: 8
[0.922s][info ][gc,phases         ] GC(12)   Post Evacuate Collection Set: 0.6ms
[0.922s][debug][gc,phases         ] GC(12)     NMethod List Cleanup: 0.0ms
[0.922s][debug][gc,phases         ] GC(12)     Reference Processing: 0.2ms
[0.922s][debug][gc,phases,ref     ] GC(12)       Notify Soft/WeakReferences: 0.1ms
[0.922s][debug][gc,phases,ref     ] GC(12)         SoftRef (ms):                  skipped
[0.922s][debug][gc,phases,ref     ] GC(12)         WeakRef (ms):                  skipped
[0.922s][debug][gc,phases,ref     ] GC(12)         FinalRef (ms):                 skipped
[0.922s][debug][gc,phases,ref     ] GC(12)         Total (ms):                    skipped
[0.922s][debug][gc,phases,ref     ] GC(12)       Notify and keep alive finalizable: 0.0ms
[0.922s][debug][gc,phases,ref     ] GC(12)         FinalRef (ms):                 skipped
[0.922s][debug][gc,phases,ref     ] GC(12)       Notify PhantomReferences: 0.0ms
[0.922s][debug][gc,phases,ref     ] GC(12)         PhantomRef (ms):               skipped
[0.923s][debug][gc,phases,ref     ] GC(12)       SoftReference Discovered: 0, Dropped: 0, Processed: 0
[0.923s][debug][gc,phases,ref     ] GC(12)       WeakReference Discovered: 0, Dropped: 0, Processed: 0
[0.923s][debug][gc,phases,ref     ] GC(12)       FinalReference Discovered: 0, Dropped: 0, Processed: 0
[0.923s][debug][gc,phases,ref     ] GC(12)       PhantomReference Discovered: 0, Dropped: 0, Processed: 0
[0.923s][debug][gc,phases         ] GC(12)     Weak Processing: 0.1ms
[0.923s][debug][gc,phases         ] GC(12)       VM Weak                        Min:  0.0, Avg:  0.0, Max:  0.0, Diff:  0.0, Sum:  0.0, Workers: 5
[0.923s][debug][gc,phases         ] GC(12)         Dead                           Min: 0, Avg:  0.0, Max: 0, Diff: 0, Sum: 0, Workers: 5
[0.923s][debug][gc,phases         ] GC(12)         Total                          Min: 0, Avg:  6.4, Max: 32, Diff: 32, Sum: 32, Workers: 5
[0.923s][debug][gc,phases         ] GC(12)       ObjectSynchronizer Weak        Min:  0.0, Avg:  0.0, Max:  0.0, Diff:  0.0, Sum:  0.0, Workers: 5
[0.923s][debug][gc,phases         ] GC(12)         Dead                           Min: 0, Avg:  0.0, Max: 0, Diff: 0, Sum: 0, Workers: 5
[0.923s][debug][gc,phases         ] GC(12)         Total                          Min: 0, Avg:  0.4, Max: 2, Diff: 2, Sum: 2, Workers: 5
[0.923s][debug][gc,phases         ] GC(12)       JVMTI Tag Weak OopStorage      Min:  0.0, Avg:  0.0, Max:  0.0, Diff:  0.0, Sum:  0.0, Workers: 5
[0.923s][debug][gc,phases         ] GC(12)         Dead                           Min: 0, Avg:  0.0, Max: 0, Diff: 0, Sum: 0, Workers: 5
[0.923s][debug][gc,phases         ] GC(12)         Total                          Min: 0, Avg:  0.0, Max: 0, Diff: 0, Sum: 0, Workers: 5
[0.923s][debug][gc,phases         ] GC(12)       StringTable Weak               Min:  0.0, Avg:  0.0, Max:  0.0, Diff:  0.0, Sum:  0.1, Workers: 5
[0.923s][debug][gc,phases         ] GC(12)         Dead                           Min: 0, Avg:  0.0, Max: 0, Diff: 0, Sum: 0, Workers: 5
[0.923s][debug][gc,phases         ] GC(12)         Total                          Min: 832, Avg: 904.8, Max: 960, Diff: 128, Sum: 4524, Workers: 5
[0.923s][debug][gc,phases         ] GC(12)       ResolvedMethodTable Weak       Min:  0.0, Avg:  0.0, Max:  0.0, Diff:  0.0, Sum:  0.0, Workers: 5
[0.923s][debug][gc,phases         ] GC(12)         Dead                           Min: 0, Avg:  0.0, Max: 0, Diff: 0, Sum: 0, Workers: 5
[0.923s][debug][gc,phases         ] GC(12)         Total                          Min: 0, Avg: 58.0, Max: 98, Diff: 98, Sum: 290, Workers: 5
[0.923s][debug][gc,phases         ] GC(12)       JNI Weak                       Min:  0.0, Avg:  0.0, Max:  0.0, Diff:  0.0, Sum:  0.0, Workers: 5
[0.923s][debug][gc,phases         ] GC(12)         Dead                           Min: 0, Avg:  0.0, Max: 0, Diff: 0, Sum: 0, Workers: 5
[0.923s][debug][gc,phases         ] GC(12)         Total                          Min: 0, Avg:  0.0, Max: 0, Diff: 0, Sum: 0, Workers: 5
[0.923s][debug][gc,phases         ] GC(12)       StringDedup Table Weak         Min:  0.0, Avg:  0.0, Max:  0.0, Diff:  0.0, Sum:  0.0, Workers: 5
[0.923s][debug][gc,phases         ] GC(12)         Dead                           Min: 0, Avg:  0.0, Max: 0, Diff: 0, Sum: 0, Workers: 5
[0.923s][debug][gc,phases         ] GC(12)         Total                          Min: 0, Avg:  0.0, Max: 0, Diff: 0, Sum: 0, Workers: 5
[0.923s][debug][gc,phases         ] GC(12)       StringDedup Requests0 Weak     Min:  0.0, Avg:  0.0, Max:  0.0, Diff:  0.0, Sum:  0.0, Workers: 5
[0.923s][debug][gc,phases         ] GC(12)         Dead                           Min: 0, Avg:  0.0, Max: 0, Diff: 0, Sum: 0, Workers: 5
[0.923s][debug][gc,phases         ] GC(12)         Total                          Min: 0, Avg:  0.0, Max: 0, Diff: 0, Sum: 0, Workers: 5
[0.923s][debug][gc,phases         ] GC(12)       StringDedup Requests1 Weak     Min:  0.0, Avg:  0.0, Max:  0.0, Diff:  0.0, Sum:  0.0, Workers: 5
[0.923s][debug][gc,phases         ] GC(12)         Dead                           Min: 0, Avg:  0.0, Max: 0, Diff: 0, Sum: 0, Workers: 5
[0.923s][debug][gc,phases         ] GC(12)         Total                          Min: 0, Avg:  0.0, Max: 0, Diff: 0, Sum: 0, Workers: 5
[0.923s][debug][gc,phases         ] GC(12)       Weak JFR Old Object Samples    Min:  0.0, Avg:  0.0, Max:  0.0, Diff:  0.0, Sum:  0.0, Workers: 5
[0.923s][debug][gc,phases         ] GC(12)         Dead                           Min: 0, Avg:  0.0, Max: 0, Diff: 0, Sum: 0, Workers: 5
[0.923s][debug][gc,phases         ] GC(12)         Total                          Min: 0, Avg:  0.0, Max: 0, Diff: 0, Sum: 0, Workers: 5
[0.923s][debug][gc,phases         ] GC(12)     Post Evacuate Cleanup 1: 0.1ms
[0.923s][debug][gc,phases         ] GC(12)       Merge Per-Thread State (ms):   Min:  0.1, Avg:  0.1, Max:  0.1, Diff:  0.0, Sum:  0.1, Workers: 1
[0.923s][debug][gc,phases         ] GC(12)         Copied Bytes                   Min: 8872704, Avg: 10587064.0, Max: 12701952, Diff: 3829248, Sum: 84696512, Workers: 8
[0.923s][debug][gc,phases         ] GC(12)         LAB Waste                      Min: 760, Avg: 1086.0, Max: 1504, Diff: 744, Sum: 8688, Workers: 8
[0.923s][debug][gc,phases         ] GC(12)         LAB Undo Waste                 Min: 0, Avg:  0.0, Max: 0, Diff: 0, Sum: 0, Workers: 8
[0.923s][debug][gc,phases         ] GC(12)       Clear Logged Cards (ms):       Min:  0.0, Avg:  0.0, Max:  0.0, Diff:  0.0, Sum:  0.0, Workers: 3
[0.923s][debug][gc,phases         ] GC(12)       Recalculate Used Memory (ms):  Min:  0.0, Avg:  0.0, Max:  0.0, Diff:  0.0, Sum:  0.0, Workers: 1
[0.923s][debug][gc,phases         ] GC(12)     Post Evacuate Cleanup 2: 0.1ms
[0.924s][debug][gc,phases         ] GC(12)       Reset Hot Card Cache (ms):     Min:  0.0, Avg:  0.0, Max:  0.0, Diff:  0.0, Sum:  0.0, Workers: 1
[0.924s][debug][gc,phases         ] GC(12)       Purge Code Roots (ms):         Min:  0.0, Avg:  0.0, Max:  0.0, Diff:  0.0, Sum:  0.0, Workers: 1
[0.924s][debug][gc,phases         ] GC(12)       Update Derived Pointers (ms):  Min:  0.0, Avg:  0.0, Max:  0.0, Diff:  0.0, Sum:  0.0, Workers: 1
[0.924s][debug][gc,phases         ] GC(12)       Eagerly Reclaim Humongous Objects (ms): skipped
[0.924s][debug][gc,phases         ] GC(12)         Humongous Total                skipped
[0.924s][debug][gc,phases         ] GC(12)         Humongous Candidates           skipped
[0.924s][debug][gc,phases         ] GC(12)         Humongous Reclaimed            skipped
[0.924s][debug][gc,phases         ] GC(12)       Redirty Logged Cards (ms):     Min:  0.0, Avg:  0.0, Max:  0.0, Diff:  0.0, Sum:  0.1, Workers: 8
[0.924s][debug][gc,phases         ] GC(12)         Redirtied Cards:               Min: 0, Avg: 446.4, Max: 768, Diff: 768, Sum: 3571, Workers: 8
[0.924s][debug][gc,phases         ] GC(12)       Free Collection Set (ms):      Min:  0.0, Avg:  0.0, Max:  0.0, Diff:  0.0, Sum:  0.3, Workers: 8
[0.924s][debug][gc,phases         ] GC(12)     Rebuild Free List: 0.1ms
[0.924s][debug][gc,phases         ] GC(12)     Start New Collection Set: 0.0ms
[0.924s][debug][gc,phases         ] GC(12)     Resize TLABs: 0.2ms
[0.924s][debug][gc,phases         ] GC(12)     Expand Heap After Collection: 0.0ms
[0.924s][info ][gc,phases         ] GC(12)   Other: 0.7ms
[0.924s][debug][gc,remset         ] GC(12) Coarsening (recent): Inline->AoC 70 (0) AoC->Howl 70 (0) Howl->Full 0 (0) Inline->AoC 80 (0) AoC->BitMap 78 (0) BitMap->Full 0 (0) 
[0.924s][debug][gc,remset         ] GC(12) Coarsening (all): Inline->AoC 137 (0) AoC->Howl 136 (0) Howl->Full 0 (0) Inline->AoC 159 (0) AoC->BitMap 154 (0) BitMap->Full 0 (0) 
[0.924s][info ][gc,heap           ] GC(12) Eden regions: 79->0(100)
[0.924s][info ][gc,heap           ] GC(12) Survivor regions: 2->11(11)
[0.924s][info ][gc,heap           ] GC(12) Old regions: 214->285
[0.924s][info ][gc,heap           ] GC(12) Archive regions: 0->0
[0.924s][info ][gc,heap           ] GC(12) Humongous regions: 51->51
[0.924s][info ][gc,metaspace      ] GC(12) Metaspace: 923K(1152K)->923K(1152K) NonClass: 841K(960K)->841K(960K) Class: 82K(192K)->82K(192K)
[0.924s][debug][gc,heap           ] GC(12) Heap after GC invocations=12 (full 0):
[0.924s][debug][gc,heap           ] GC(12)  garbage-first heap   total 794624K, used 355328K [0x00000000a1e00000, 0x0000000100000000)
[0.924s][debug][gc,heap           ] GC(12)   region size 1024K, 11 young (11264K), 11 survivors (11264K)
[0.924s][debug][gc,heap           ] GC(12)  Metaspace       used 923K, committed 1152K, reserved 1114112K
[0.924s][debug][gc,heap           ] GC(12)   class space    used 82K, committed 192K, reserved 1048576K
[0.924s][info ][gc                ] GC(12) Pause Young (Normal) (G1 Evacuation Pause) 345M->347M(776M) 61.497ms
[0.924s][info ][gc,cpu            ] GC(12) User=0.39s Sys=0.02s Real=0.06s
[0.924s][debug][gc,refine         ] Concurrent refinement: wanted 0, cards: 3571, predicted: 56017, time: 125.05ms
[0.924s][debug][gc,task           ] G1 Service Thread (Card Set Free Memory Task) (run: 3.175ms) (cpu: 0.000ms)
[0.945s][info ][gc,start          ] GC(13) Pause Full (System.gc())
[0.945s][debug][gc,heap           ] GC(13) Heap before GC invocations=12 (full 0):
[0.945s][debug][gc,heap           ] GC(13)  garbage-first heap   total 794624K, used 377856K [0x00000000a1e00000, 0x0000000100000000)
[0.945s][debug][gc,heap           ] GC(13)   region size 1024K, 34 young (34816K), 11 survivors (11264K)
[0.945s][debug][gc,heap           ] GC(13)  Metaspace       used 944K, committed 1152K, reserved 1114112K
[0.945s][debug][gc,heap           ] GC(13)   class space    used 85K, committed 192K, reserved 1048576K
[0.945s][debug][gc,task           ] GC(13) Requesting 8 active workers for full compaction (waste limited workers: 8, adaptive workers: 8, used limited workers: 370)
[0.945s][info ][gc,task           ] GC(13) Using 8 workers of 8 for full compaction
[0.946s][debug][gc,start          ] GC(13) Clear Bitmap
[0.946s][debug][gc,ergo           ] GC(13) Running G1 Clear Bitmap with 8 workers for 13 work units.
[0.948s][debug][gc                ] GC(13) Clear Bitmap 2.790ms
[0.948s][debug][gc,tlab           ] GC(13) TLAB totals: thrds: 2  refills: 67 max: 66 slow allocs: 0 max 0 waste:  1.7% gc: 355240B max: 353248B slow: 37440B max: 37440B
[0.948s][debug][gc,alloc,region   ] GC(13) Mutator Allocation stats, regions: 23, wasted size: 0B ( 0.0%)
[0.949s][info ][gc,phases,start   ] GC(13) Phase 1: Mark live objects
[1.060s][debug][gc,phases,start   ] GC(13) Phase 1: Reference Processing
[1.060s][debug][gc,ref            ] GC(13) ReferenceProcessor::execute queues: 1, RefProcThreadModel::Single, marks_oops_alive: false
[1.060s][debug][gc,ref            ] GC(13) Skipped KeepAliveFinalRefsPhase of Reference Processing: no references
[1.060s][debug][gc,ref            ] GC(13) ReferenceProcessor::execute queues: 1, RefProcThreadModel::Single, marks_oops_alive: false
[1.060s][debug][gc,phases,ref     ] GC(13) Reference Processing: 0.2ms
[1.060s][debug][gc,phases,ref     ] GC(13)   Notify Soft/WeakReferences: 0.1ms
[1.060s][debug][gc,phases,ref     ] GC(13)     SoftRef (ms):                  Min:  0.0, Avg:  0.0, Max:  0.0, Diff:  0.0, Sum:  0.0, Workers: 1
[1.060s][debug][gc,phases,ref     ] GC(13)     WeakRef (ms):                  Min:  0.0, Avg:  0.0, Max:  0.0, Diff:  0.0, Sum:  0.0, Workers: 1
[1.060s][debug][gc,phases,ref     ] GC(13)     FinalRef (ms):                 Min:  0.0, Avg:  0.0, Max:  0.0, Diff:  0.0, Sum:  0.0, Workers: 1
[1.060s][debug][gc,phases,ref     ] GC(13)     Total (ms):                    Min:  0.0, Avg:  0.0, Max:  0.0, Diff:  0.0, Sum:  0.0, Workers: 1
[1.060s][debug][gc,phases,ref     ] GC(13)   Notify and keep alive finalizable: 0.0ms
[1.061s][debug][gc,phases,ref     ] GC(13)     FinalRef (ms):                 skipped
[1.061s][debug][gc,phases,ref     ] GC(13)   Notify PhantomReferences: 0.0ms
[1.061s][debug][gc,phases,ref     ] GC(13)     PhantomRef (ms):               Min:  0.0, Avg:  0.0, Max:  0.0, Diff:  0.0, Sum:  0.0, Workers: 1
[1.061s][debug][gc,phases,ref     ] GC(13)   SoftReference Discovered: 0, Dropped: 0, Processed: 0
[1.061s][debug][gc,phases,ref     ] GC(13)   WeakReference Discovered: 98, Dropped: 92, Processed: 6
[1.061s][debug][gc,phases,ref     ] GC(13)   FinalReference Discovered: 0, Dropped: 0, Processed: 0
[1.061s][debug][gc,phases,ref     ] GC(13)   PhantomReference Discovered: 3, Dropped: 1, Processed: 2
[1.061s][debug][gc,phases         ] GC(13) Phase 1: Reference Processing 0.549ms
[1.061s][debug][gc,phases,start   ] GC(13) Phase 1: Weak Processing
[1.061s][debug][gc,phases         ] GC(13)   VM Weak                        Min:  0.0, Avg:  0.0, Max:  0.0, Diff:  0.0, Sum:  0.0, Workers: 5
[1.061s][debug][gc,phases         ] GC(13)     Dead                           Min: 0, Avg:  0.0, Max: 0, Diff: 0, Sum: 0, Workers: 5
[1.061s][debug][gc,phases         ] GC(13)     Total                          Min: 0, Avg:  7.4, Max: 37, Diff: 37, Sum: 37, Workers: 5
[1.061s][debug][gc,phases         ] GC(13)   ObjectSynchronizer Weak        Min:  0.0, Avg:  0.0, Max:  0.0, Diff:  0.0, Sum:  0.0, Workers: 5
[1.061s][debug][gc,phases         ] GC(13)     Dead                           Min: 0, Avg:  0.0, Max: 0, Diff: 0, Sum: 0, Workers: 5
[1.061s][debug][gc,phases         ] GC(13)     Total                          Min: 0, Avg:  0.4, Max: 2, Diff: 2, Sum: 2, Workers: 5
[1.061s][debug][gc,phases         ] GC(13)   JVMTI Tag Weak OopStorage      Min:  0.0, Avg:  0.0, Max:  0.0, Diff:  0.0, Sum:  0.0, Workers: 5
[1.061s][debug][gc,phases         ] GC(13)     Dead                           Min: 0, Avg:  0.0, Max: 0, Diff: 0, Sum: 0, Workers: 5
[1.061s][debug][gc,phases         ] GC(13)     Total                          Min: 0, Avg:  0.0, Max: 0, Diff: 0, Sum: 0, Workers: 5
[1.061s][debug][gc,phases         ] GC(13)   StringTable Weak               Min:  0.0, Avg:  0.0, Max:  0.0, Diff:  0.0, Sum:  0.1, Workers: 5
[1.061s][debug][gc,phases         ] GC(13)     Dead                           Min: 0, Avg:  0.2, Max: 1, Diff: 1, Sum: 1, Workers: 5
[1.061s][debug][gc,phases         ] GC(13)     Total                          Min: 575, Avg: 905.6, Max: 1152, Diff: 577, Sum: 4528, Workers: 5
[1.061s][debug][gc,phases         ] GC(13)   ResolvedMethodTable Weak       Min:  0.0, Avg:  0.0, Max:  0.0, Diff:  0.0, Sum:  0.0, Workers: 5
[1.061s][debug][gc,phases         ] GC(13)     Dead                           Min: 0, Avg:  2.4, Max: 12, Diff: 12, Sum: 12, Workers: 5
[1.061s][debug][gc,phases         ] GC(13)     Total                          Min: 55, Avg: 61.0, Max: 64, Diff: 9, Sum: 305, Workers: 5
[1.061s][debug][gc,phases         ] GC(13)   JNI Weak                       Min:  0.0, Avg:  0.0, Max:  0.0, Diff:  0.0, Sum:  0.0, Workers: 5
[1.061s][debug][gc,phases         ] GC(13)     Dead                           Min: 0, Avg:  0.0, Max: 0, Diff: 0, Sum: 0, Workers: 5
[1.061s][debug][gc,phases         ] GC(13)     Total                          Min: 0, Avg:  0.0, Max: 0, Diff: 0, Sum: 0, Workers: 5
[1.061s][debug][gc,phases         ] GC(13)   StringDedup Table Weak         Min:  0.0, Avg:  0.0, Max:  0.0, Diff:  0.0, Sum:  0.0, Workers: 5
[1.061s][debug][gc,phases         ] GC(13)     Dead                           Min: 0, Avg:  0.0, Max: 0, Diff: 0, Sum: 0, Workers: 5
[1.061s][debug][gc,phases         ] GC(13)     Total                          Min: 0, Avg:  0.0, Max: 0, Diff: 0, Sum: 0, Workers: 5
[1.061s][debug][gc,phases         ] GC(13)   StringDedup Requests0 Weak     Min:  0.0, Avg:  0.0, Max:  0.0, Diff:  0.0, Sum:  0.0, Workers: 5
[1.061s][debug][gc,phases         ] GC(13)     Dead                           Min: 0, Avg:  0.0, Max: 0, Diff: 0, Sum: 0, Workers: 5
[1.061s][debug][gc,phases         ] GC(13)     Total                          Min: 0, Avg:  0.0, Max: 0, Diff: 0, Sum: 0, Workers: 5
[1.061s][debug][gc,phases         ] GC(13)   StringDedup Requests1 Weak     Min:  0.0, Avg:  0.0, Max:  0.0, Diff:  0.0, Sum:  0.0, Workers: 5
[1.061s][debug][gc,phases         ] GC(13)     Dead                           Min: 0, Avg:  0.0, Max: 0, Diff: 0, Sum: 0, Workers: 5
[1.061s][debug][gc,phases         ] GC(13)     Total                          Min: 0, Avg:  0.0, Max: 0, Diff: 0, Sum: 0, Workers: 5
[1.061s][debug][gc,phases         ] GC(13)   Weak JFR Old Object Samples    Min:  0.0, Avg:  0.0, Max:  0.0, Diff:  0.0, Sum:  0.0, Workers: 5
[1.061s][debug][gc,phases         ] GC(13)     Dead                           Min: 0, Avg:  0.0, Max: 0, Diff: 0, Sum: 0, Workers: 5
[1.061s][debug][gc,phases         ] GC(13)     Total                          Min: 0, Avg:  0.0, Max: 0, Diff: 0, Sum: 0, Workers: 5
[1.061s][debug][gc,phases         ] GC(13) Phase 1: Weak Processing 0.805ms
[1.061s][debug][gc,phases,start   ] GC(13) Phase 1: Class Unloading and Cleanup
[1.062s][debug][gc,phases,start   ] GC(13) ClassLoaderData
[1.062s][debug][gc,phases         ] GC(13) ClassLoaderData 0.022ms
[1.062s][debug][gc,phases,start   ] GC(13) Trigger cleanups
[1.062s][debug][gc,phases         ] GC(13) Trigger cleanups 0.019ms
[1.062s][debug][gc,phases         ] GC(13) Phase 1: Class Unloading and Cleanup 0.272ms
[1.062s][info ][gc,phases         ] GC(13) Phase 1: Mark live objects 113.236ms
[1.062s][info ][gc,phases,start   ] GC(13) Phase 2: Prepare compaction
[1.062s][debug][gc,phases,start   ] GC(13) Phase 2: Determine work lists
[1.062s][debug][gc,phases         ] GC(13) Phase 2: Determine work lists 0.134ms
[1.062s][debug][gc,phases,start   ] GC(13) Phase 2: Prepare parallel compaction
[1.076s][debug][gc,task,start     ] G1 Service Thread (Periodic GC Task) (run 19.630ms after schedule)
[1.076s][debug][gc,task           ] G1 Service Thread (Periodic GC Task) (run: 0.157ms) (cpu: 0.000ms)
[1.083s][debug][gc,phases         ] GC(13) Phase 2: Prepare parallel compaction 21.310ms
[1.083s][info ][gc,phases         ] GC(13) Phase 2: Prepare compaction 21.571ms
[1.083s][info ][gc,phases,start   ] GC(13) Phase 3: Adjust pointers
[1.112s][info ][gc,phases         ] GC(13) Phase 3: Adjust pointers 28.930ms
[1.112s][info ][gc,phases,start   ] GC(13) Phase 4: Compact heap
[1.116s][info ][gc,phases         ] GC(13) Phase 4: Compact heap 3.834ms
[1.116s][debug][gc,ergo           ] GC(13) Running G1 Clear Bitmap with 8 workers for 13 work units.
[1.118s][debug][gc,alloc,stats    ] Old generation allocation in the last mutator period, old gen allocated: 0B, humongous allocated: 0B, old gen growth: 0B.
[1.119s][debug][gc,task,start     ] G1 Service Thread (Card Set Free Memory Task) (run 0.018ms after schedule)
[1.119s][debug][gc,remset         ] GC(13) Coarsening (recent): Inline->AoC 53 (0) AoC->Howl 52 (0) Howl->Full 0 (0) Inline->AoC 56 (0) AoC->BitMap 55 (0) BitMap->Full 0 (0) 
[1.119s][debug][gc,remset         ] GC(13) Coarsening (all): Inline->AoC 190 (0) AoC->Howl 188 (0) Howl->Full 0 (0) Inline->AoC 215 (0) AoC->BitMap 209 (0) BitMap->Full 0 (0) 
[1.119s][info ][gc,heap           ] GC(13) Eden regions: 23->0(108)
[1.119s][info ][gc,heap           ] GC(13) Survivor regions: 11->0(11)
[1.119s][info ][gc,heap           ] GC(13) Old regions: 285->312
[1.119s][info ][gc,heap           ] GC(13) Archive regions: 0->0
[1.119s][info ][gc,heap           ] GC(13) Humongous regions: 51->24
[1.119s][info ][gc,metaspace      ] GC(13) Metaspace: 944K(1152K)->944K(1152K) NonClass: 859K(960K)->859K(960K) Class: 85K(192K)->85K(192K)
[1.119s][debug][gc,heap           ] GC(13) Heap after GC invocations=13 (full 1):
[1.119s][debug][gc,heap           ] GC(13)  garbage-first heap   total 794624K, used 338751K [0x00000000a1e00000, 0x0000000100000000)
[1.119s][debug][gc,heap           ] GC(13)   region size 1024K, 0 young (0K), 0 survivors (0K)
[1.119s][debug][gc,heap           ] GC(13)  Metaspace       used 944K, committed 1152K, reserved 1114112K
[1.119s][debug][gc,heap           ] GC(13)   class space    used 85K, committed 192K, reserved 1048576K
[1.120s][info ][gc                ] GC(13) Pause Full (System.gc()) 369M->330M(776M) 174.520ms
[1.120s][info ][gc,cpu            ] GC(13) User=1.28s Sys=0.02s Real=0.17s
[1.120s][info ][gc,marking        ] GC(9) Concurrent Rebuild Remembered Sets and Scrub Regions 325.617ms
[1.120s][debug][gc,refine         ] Concurrent refinement: wanted 0, cards: 0, predicted: 57007, time: 135.93ms
[1.120s][info ][gc,marking        ] GC(9) Concurrent Mark Abort
[1.120s][debug][gc,task           ] G1 Service Thread (Card Set Free Memory Task) (run: 1.213ms) (cpu: 0.000ms)
[1.120s][info ][gc                ] GC(9) Concurrent Mark Cycle 474.734ms
[1.185s][debug][gc,refine         ] Concurrent refinement: wanted 1, cards: 38912, predicted: 84518, time: 108.74ms
[1.247s][debug][gc,refine         ] Concurrent refinement: wanted 1, cards: 38912, predicted: 84518, time: 108.74ms
[1.310s][debug][gc,refine         ] Concurrent refinement: wanted 1, cards: 38912, predicted: 84518, time: 108.74ms
[1.374s][debug][gc,refine         ] Concurrent refinement: wanted 1, cards: 38912, predicted: 84518, time: 108.74ms
[1.437s][debug][gc,refine         ] Concurrent refinement: wanted 1, cards: 38912, predicted: 84518, time: 108.74ms
[1.500s][debug][gc,refine         ] Concurrent refinement: wanted 1, cards: 38912, predicted: 84518, time: 108.74ms
[1.560s][debug][gc,refine         ] Concurrent refinement: wanted 1, cards: 38912, predicted: 84518, time: 108.74ms
[1.611s][debug][gc,refine         ] Concurrent refinement: wanted 1, cards: 38912, predicted: 84518, time: 108.74ms
[1.674s][debug][gc,refine         ] Concurrent refinement: wanted 1, cards: 38912, predicted: 84518, time: 108.74ms
[1.737s][debug][gc,refine         ] Concurrent refinement: wanted 1, cards: 38912, predicted: 84518, time: 108.74ms
[1.801s][debug][gc,refine         ] Concurrent refinement: wanted 1, cards: 38912, predicted: 84518, time: 108.74ms
[1.864s][debug][gc,refine         ] Concurrent refinement: wanted 1, cards: 38912, predicted: 84518, time: 108.74ms
[1.927s][debug][gc,refine         ] Concurrent refinement: wanted 1, cards: 38912, predicted: 84518, time: 108.74ms
[1.991s][debug][gc,refine         ] Concurrent refinement: wanted 1, cards: 38912, predicted: 84518, time: 108.74ms
[2.048s][debug][gc,refine         ] Concurrent refinement: wanted 1, cards: 38912, predicted: 84518, time: 108.74ms
[2.077s][debug][gc,task,start     ] G1 Service Thread (Periodic GC Task) (run 0.416ms after schedule)
[2.077s][debug][gc,task           ] G1 Service Thread (Periodic GC Task) (run: 0.154ms) (cpu: 0.000ms)
[2.102s][debug][gc,refine         ] Concurrent refinement: wanted 1, cards: 38912, predicted: 84518, time: 108.74ms
[2.156s][debug][gc,refine         ] Concurrent refinement: wanted 1, cards: 38912, predicted: 84518, time: 108.74ms
[2.222s][debug][gc,refine         ] Concurrent refinement: wanted 1, cards: 38912, predicted: 84518, time: 108.74ms
[2.286s][debug][gc,refine         ] Concurrent refinement: wanted 1, cards: 38912, predicted: 84518, time: 108.74ms
[2.350s][debug][gc,refine         ] Concurrent refinement: wanted 1, cards: 38912, predicted: 84518, time: 108.74ms
[2.402s][debug][gc,refine         ] Concurrent refinement: wanted 1, cards: 38912, predicted: 84518, time: 108.74ms
[2.459s][debug][gc,refine         ] Concurrent refinement: wanted 1, cards: 38912, predicted: 84518, time: 108.74ms
[2.511s][debug][gc,refine         ] Concurrent refinement: wanted 1, cards: 38912, predicted: 84518, time: 108.74ms
[2.570s][debug][gc,refine         ] Concurrent refinement: wanted 1, cards: 38912, predicted: 84518, time: 108.74ms
[2.633s][debug][gc,refine         ] Concurrent refinement: wanted 1, cards: 38912, predicted: 84518, time: 108.74ms
[2.697s][debug][gc,refine         ] Concurrent refinement: wanted 1, cards: 38912, predicted: 84518, time: 108.74ms
[2.749s][debug][gc,refine         ] Concurrent refinement: wanted 1, cards: 38912, predicted: 84518, time: 108.74ms
[2.805s][debug][gc,refine         ] Concurrent refinement: wanted 1, cards: 38912, predicted: 84518, time: 108.74ms
[2.867s][debug][gc,refine         ] Concurrent refinement: wanted 1, cards: 38912, predicted: 84518, time: 108.74ms
[2.919s][debug][gc,refine         ] Concurrent refinement: wanted 1, cards: 38912, predicted: 84518, time: 108.74ms
[2.970s][debug][gc,refine         ] Concurrent refinement: wanted 1, cards: 38912, predicted: 84518, time: 108.74ms
[3.033s][debug][gc,refine         ] Concurrent refinement: wanted 1, cards: 38912, predicted: 84518, time: 108.74ms
[3.082s][debug][gc,task,start     ] G1 Service Thread (Periodic GC Task) (run 5.694ms after schedule)
[3.083s][debug][gc,task           ] G1 Service Thread (Periodic GC Task) (run: 0.158ms) (cpu: 0.000ms)
[3.085s][debug][gc,refine         ] Concurrent refinement: wanted 1, cards: 38912, predicted: 84518, time: 108.74ms
[3.147s][debug][gc,refine         ] Concurrent refinement: wanted 1, cards: 38912, predicted: 84518, time: 108.74ms
[3.211s][debug][gc,refine         ] Concurrent refinement: wanted 1, cards: 38912, predicted: 84518, time: 108.74ms
[3.273s][debug][gc,refine         ] Concurrent refinement: wanted 1, cards: 38912, predicted: 84518, time: 108.74ms
[3.336s][debug][gc,refine         ] Concurrent refinement: wanted 1, cards: 38912, predicted: 84518, time: 108.74ms
[3.400s][debug][gc,refine         ] Concurrent refinement: wanted 1, cards: 38912, predicted: 84518, time: 108.74ms
[3.462s][debug][gc,refine         ] Concurrent refinement: wanted 1, cards: 38912, predicted: 84518, time: 108.74ms
[3.526s][debug][gc,refine         ] Concurrent refinement: wanted 1, cards: 38912, predicted: 84518, time: 108.74ms
[3.590s][debug][gc,refine         ] Concurrent refinement: wanted 1, cards: 38912, predicted: 84518, time: 108.74ms
[3.653s][debug][gc,refine         ] Concurrent refinement: wanted 1, cards: 38912, predicted: 84518, time: 108.74ms
[3.716s][debug][gc,refine         ] Concurrent refinement: wanted 1, cards: 38912, predicted: 84518, time: 108.74ms
[3.780s][debug][gc,refine         ] Concurrent refinement: wanted 1, cards: 38912, predicted: 84518, time: 108.74ms
[3.842s][debug][gc,refine         ] Concurrent refinement: wanted 1, cards: 38912, predicted: 84518, time: 108.74ms
[3.905s][debug][gc,refine         ] Concurrent refinement: wanted 1, cards: 38912, predicted: 84518, time: 108.74ms
[3.968s][debug][gc,refine         ] Concurrent refinement: wanted 1, cards: 38912, predicted: 84518, time: 108.74ms
[4.031s][debug][gc,refine         ] Concurrent refinement: wanted 1, cards: 38912, predicted: 84518, time: 108.74ms
[4.094s][debug][gc,refine         ] Concurrent refinement: wanted 1, cards: 38912, predicted: 84518, time: 108.74ms
[4.094s][debug][gc,task,start     ] G1 Service Thread (Periodic GC Task) (run 11.212ms after schedule)
[4.094s][debug][gc,task           ] G1 Service Thread (Periodic GC Task) (run: 0.451ms) (cpu: 0.000ms)
[4.158s][debug][gc,refine         ] Concurrent refinement: wanted 1, cards: 38912, predicted: 84518, time: 108.74ms
[4.236s][debug][gc,refine         ] Concurrent refinement: wanted 1, cards: 38912, predicted: 84518, time: 108.74ms
[4.300s][debug][gc,refine         ] Concurrent refinement: wanted 1, cards: 38912, predicted: 84518, time: 108.74ms
[4.363s][debug][gc,refine         ] Concurrent refinement: wanted 1, cards: 38912, predicted: 84518, time: 108.74ms
[4.421s][debug][gc,refine         ] Concurrent refinement: wanted 1, cards: 38912, predicted: 84518, time: 108.74ms
[4.485s][debug][gc,refine         ] Concurrent refinement: wanted 1, cards: 38912, predicted: 84518, time: 108.74ms
[4.537s][debug][gc,refine         ] Concurrent refinement: wanted 1, cards: 38912, predicted: 84518, time: 108.74ms
[4.602s][debug][gc,refine         ] Concurrent refinement: wanted 1, cards: 38912, predicted: 84518, time: 108.74ms
[4.664s][debug][gc,refine         ] Concurrent refinement: wanted 1, cards: 38912, predicted: 84518, time: 108.74ms
[4.728s][debug][gc,refine         ] Concurrent refinement: wanted 1, cards: 38912, predicted: 84518, time: 108.74ms
[4.779s][debug][gc,refine         ] Concurrent refinement: wanted 1, cards: 38912, predicted: 84518, time: 108.74ms
[4.831s][debug][gc,refine         ] Concurrent refinement: wanted 1, cards: 38912, predicted: 84518, time: 108.74ms
[4.886s][debug][gc,refine         ] Concurrent refinement: wanted 1, cards: 38912, predicted: 84518, time: 108.74ms
[4.950s][debug][gc,refine         ] Concurrent refinement: wanted 1, cards: 38912, predicted: 84518, time: 108.74ms
[5.012s][debug][gc,refine         ] Concurrent refinement: wanted 1, cards: 38912, predicted: 84518, time: 108.74ms
[5.076s][debug][gc,refine         ] Concurrent refinement: wanted 1, cards: 38912, predicted: 84518, time: 108.74ms
[5.107s][debug][gc,task,start     ] G1 Service Thread (Periodic GC Task) (run 13.241ms after schedule)
[5.108s][debug][gc,task           ] G1 Service Thread (Periodic GC Task) (run: 0.151ms) (cpu: 0.000ms)
[5.129s][debug][gc,refine         ] Concurrent refinement: wanted 1, cards: 38912, predicted: 84518, time: 108.74ms
[5.193s][debug][gc,refine         ] Concurrent refinement: wanted 1, cards: 38912, predicted: 84518, time: 108.74ms
[5.255s][debug][gc,refine         ] Concurrent refinement: wanted 1, cards: 38912, predicted: 84518, time: 108.74ms
[5.312s][debug][gc,refine         ] Concurrent refinement: wanted 1, cards: 38912, predicted: 84518, time: 108.74ms
[5.375s][debug][gc,refine         ] Concurrent refinement: wanted 1, cards: 38912, predicted: 84518, time: 108.74ms
[5.437s][debug][gc,refine         ] Concurrent refinement: wanted 1, cards: 38912, predicted: 84518, time: 108.74ms
[5.501s][debug][gc,refine         ] Concurrent refinement: wanted 1, cards: 38912, predicted: 84518, time: 108.74ms
[5.556s][debug][gc,refine         ] Concurrent refinement: wanted 1, cards: 38912, predicted: 84518, time: 108.74ms
[5.620s][debug][gc,refine         ] Concurrent refinement: wanted 1, cards: 38912, predicted: 84518, time: 108.74ms
[5.683s][debug][gc,refine         ] Concurrent refinement: wanted 1, cards: 38912, predicted: 84518, time: 108.74ms
[5.746s][debug][gc,refine         ] Concurrent refinement: wanted 1, cards: 38912, predicted: 84518, time: 108.74ms
[5.808s][debug][gc,refine         ] Concurrent refinement: wanted 1, cards: 38912, predicted: 84518, time: 108.74ms
[5.872s][debug][gc,refine         ] Concurrent refinement: wanted 1, cards: 38912, predicted: 84518, time: 108.74ms
[5.934s][debug][gc,refine         ] Concurrent refinement: wanted 1, cards: 38912, predicted: 84518, time: 108.74ms
[5.996s][debug][gc,refine         ] Concurrent refinement: wanted 1, cards: 38912, predicted: 84518, time: 108.74ms
[6.054s][debug][gc,refine         ] Concurrent refinement: wanted 1, cards: 38912, predicted: 84518, time: 108.74ms
[6.119s][debug][gc,task,start     ] G1 Service Thread (Periodic GC Task) (run 10.895ms after schedule)
[6.119s][debug][gc,refine         ] Concurrent refinement: wanted 1, cards: 38912, predicted: 84518, time: 108.74ms
[6.119s][debug][gc,task           ] G1 Service Thread (Periodic GC Task) (run: 0.135ms) (cpu: 0.000ms)
[6.182s][debug][gc,refine         ] Concurrent refinement: wanted 1, cards: 38912, predicted: 84518, time: 108.74ms
[6.245s][debug][gc,refine         ] Concurrent refinement: wanted 1, cards: 38912, predicted: 84518, time: 108.74ms
[6.308s][debug][gc,refine         ] Concurrent refinement: wanted 1, cards: 38912, predicted: 84518, time: 108.74ms
[6.363s][debug][gc,refine         ] Concurrent refinement: wanted 1, cards: 38912, predicted: 84518, time: 108.74ms
[6.418s][debug][gc,refine         ] Concurrent refinement: wanted 1, cards: 38912, predicted: 84518, time: 108.74ms
[6.480s][debug][gc,refine         ] Concurrent refinement: wanted 1, cards: 38912, predicted: 84518, time: 108.74ms
[6.543s][debug][gc,refine         ] Concurrent refinement: wanted 1, cards: 38912, predicted: 84518, time: 108.74ms
[6.607s][debug][gc,refine         ] Concurrent refinement: wanted 1, cards: 38912, predicted: 84518, time: 108.74ms
[6.669s][debug][gc,refine         ] Concurrent refinement: wanted 1, cards: 38912, predicted: 84518, time: 108.74ms
[6.729s][debug][gc,refine         ] Concurrent refinement: wanted 1, cards: 38912, predicted: 84518, time: 108.74ms
[6.791s][debug][gc,refine         ] Concurrent refinement: wanted 1, cards: 38912, predicted: 84518, time: 108.74ms
[6.854s][debug][gc,refine         ] Concurrent refinement: wanted 1, cards: 38912, predicted: 84518, time: 108.74ms
[6.917s][debug][gc,refine         ] Concurrent refinement: wanted 1, cards: 38912, predicted: 84518, time: 108.74ms
[6.980s][debug][gc,refine         ] Concurrent refinement: wanted 1, cards: 38912, predicted: 84518, time: 108.74ms
[7.043s][debug][gc,refine         ] Concurrent refinement: wanted 1, cards: 38912, predicted: 84518, time: 108.74ms
[7.106s][debug][gc,refine         ] Concurrent refinement: wanted 1, cards: 38912, predicted: 84518, time: 108.74ms
[7.122s][debug][gc,task,start     ] G1 Service Thread (Periodic GC Task) (run 3.535ms after schedule)
[7.122s][debug][gc,task           ] G1 Service Thread (Periodic GC Task) (run: 0.131ms) (cpu: 0.000ms)
[7.170s][debug][gc,refine         ] Concurrent refinement: wanted 1, cards: 38912, predicted: 84518, time: 108.74ms
[7.233s][debug][gc,refine         ] Concurrent refinement: wanted 1, cards: 38912, predicted: 84518, time: 108.74ms
[7.296s][debug][gc,refine         ] Concurrent refinement: wanted 1, cards: 38912, predicted: 84518, time: 108.74ms
[7.360s][debug][gc,refine         ] Concurrent refinement: wanted 1, cards: 38912, predicted: 84518, time: 108.74ms
[7.411s][debug][gc,refine         ] Concurrent refinement: wanted 1, cards: 38912, predicted: 84518, time: 108.74ms
[7.474s][debug][gc,refine         ] Concurrent refinement: wanted 1, cards: 38912, predicted: 84518, time: 108.74ms
[7.524s][debug][gc,refine         ] Concurrent refinement: wanted 1, cards: 38912, predicted: 84518, time: 108.74ms
[7.588s][debug][gc,refine         ] Concurrent refinement: wanted 1, cards: 38912, predicted: 84518, time: 108.74ms
[7.651s][debug][gc,refine         ] Concurrent refinement: wanted 1, cards: 38912, predicted: 84518, time: 108.74ms
[7.715s][debug][gc,refine         ] Concurrent refinement: wanted 1, cards: 38912, predicted: 84518, time: 108.74ms
[7.777s][debug][gc,refine         ] Concurrent refinement: wanted 1, cards: 38912, predicted: 84518, time: 108.74ms
[7.841s][debug][gc,refine         ] Concurrent refinement: wanted 1, cards: 38912, predicted: 84518, time: 108.74ms
[7.903s][debug][gc,refine         ] Concurrent refinement: wanted 1, cards: 38912, predicted: 84518, time: 108.74ms
[7.967s][debug][gc,refine         ] Concurrent refinement: wanted 1, cards: 38912, predicted: 84518, time: 108.74ms
[8.030s][debug][gc,refine         ] Concurrent refinement: wanted 1, cards: 38912, predicted: 84518, time: 108.74ms
[8.093s][debug][gc,refine         ] Concurrent refinement: wanted 1, cards: 38912, predicted: 84518, time: 108.74ms
[8.124s][debug][gc,task,start     ] G1 Service Thread (Periodic GC Task) (run 1.724ms after schedule)
[8.124s][debug][gc,task           ] G1 Service Thread (Periodic GC Task) (run: 0.177ms) (cpu: 0.000ms)
[8.155s][debug][gc,refine         ] Concurrent refinement: wanted 1, cards: 38912, predicted: 84518, time: 108.74ms
[8.218s][debug][gc,refine         ] Concurrent refinement: wanted 1, cards: 38912, predicted: 84518, time: 108.74ms
[8.280s][debug][gc,refine         ] Concurrent refinement: wanted 1, cards: 38912, predicted: 84518, time: 108.74ms
[8.343s][debug][gc,refine         ] Concurrent refinement: wanted 1, cards: 38912, predicted: 84518, time: 108.74ms
[8.407s][debug][gc,refine         ] Concurrent refinement: wanted 1, cards: 38912, predicted: 84518, time: 108.74ms
[8.472s][debug][gc,refine         ] Concurrent refinement: wanted 1, cards: 38912, predicted: 84518, time: 108.74ms
[8.535s][debug][gc,refine         ] Concurrent refinement: wanted 1, cards: 38912, predicted: 84518, time: 108.74ms
[8.597s][debug][gc,refine         ] Concurrent refinement: wanted 1, cards: 38912, predicted: 84518, time: 108.74ms
[8.660s][debug][gc,refine         ] Concurrent refinement: wanted 1, cards: 38912, predicted: 84518, time: 108.74ms
[8.722s][debug][gc,refine         ] Concurrent refinement: wanted 1, cards: 38912, predicted: 84518, time: 108.74ms
[8.785s][debug][gc,refine         ] Concurrent refinement: wanted 1, cards: 38912, predicted: 84518, time: 108.74ms
[8.847s][debug][gc,refine         ] Concurrent refinement: wanted 1, cards: 38912, predicted: 84518, time: 108.74ms
[8.910s][debug][gc,refine         ] Concurrent refinement: wanted 1, cards: 38912, predicted: 84518, time: 108.74ms
[8.973s][debug][gc,refine         ] Concurrent refinement: wanted 1, cards: 38912, predicted: 84518, time: 108.74ms
[9.035s][debug][gc,refine         ] Concurrent refinement: wanted 1, cards: 38912, predicted: 84518, time: 108.74ms
[9.087s][debug][gc,refine         ] Concurrent refinement: wanted 1, cards: 38912, predicted: 84518, time: 108.74ms
[9.136s][debug][gc,task,start     ] G1 Service Thread (Periodic GC Task) (run 12.242ms after schedule)
[9.137s][debug][gc,task           ] G1 Service Thread (Periodic GC Task) (run: 0.143ms) (cpu: 0.000ms)
[9.152s][debug][gc,refine         ] Concurrent refinement: wanted 1, cards: 38912, predicted: 84518, time: 108.74ms
[9.215s][debug][gc,refine         ] Concurrent refinement: wanted 1, cards: 38912, predicted: 84518, time: 108.74ms
[9.279s][debug][gc,refine         ] Concurrent refinement: wanted 1, cards: 38912, predicted: 84518, time: 108.74ms
[9.342s][debug][gc,refine         ] Concurrent refinement: wanted 1, cards: 38912, predicted: 84518, time: 108.74ms
[9.404s][debug][gc,refine         ] Concurrent refinement: wanted 1, cards: 38912, predicted: 84518, time: 108.74ms
[9.466s][debug][gc,refine         ] Concurrent refinement: wanted 1, cards: 38912, predicted: 84518, time: 108.74ms
[9.523s][debug][gc,refine         ] Concurrent refinement: wanted 1, cards: 38912, predicted: 84518, time: 108.74ms
[9.586s][debug][gc,refine         ] Concurrent refinement: wanted 1, cards: 38912, predicted: 84518, time: 108.74ms
[9.649s][debug][gc,refine         ] Concurrent refinement: wanted 1, cards: 38912, predicted: 84518, time: 108.74ms
[9.713s][debug][gc,refine         ] Concurrent refinement: wanted 1, cards: 38912, predicted: 84518, time: 108.74ms
[9.776s][debug][gc,refine         ] Concurrent refinement: wanted 1, cards: 38912, predicted: 84518, time: 108.74ms
[9.839s][debug][gc,refine         ] Concurrent refinement: wanted 1, cards: 38912, predicted: 84518, time: 108.74ms
[9.902s][debug][gc,refine         ] Concurrent refinement: wanted 1, cards: 38912, predicted: 84518, time: 108.74ms
[9.966s][debug][gc,refine         ] Concurrent refinement: wanted 1, cards: 38912, predicted: 84518, time: 108.74ms
[10.028s][debug][gc,refine         ] Concurrent refinement: wanted 1, cards: 38912, predicted: 84518, time: 108.74ms
[10.092s][debug][gc,refine         ] Concurrent refinement: wanted 1, cards: 38912, predicted: 84518, time: 108.74ms
[10.140s][debug][gc,task,start     ] G1 Service Thread (Periodic GC Task) (run 3.676ms after schedule)
[10.140s][debug][gc,task           ] G1 Service Thread (Periodic GC Task) (run: 0.120ms) (cpu: 0.000ms)
[10.156s][debug][gc,refine         ] Concurrent refinement: wanted 1, cards: 38912, predicted: 84518, time: 108.74ms
[10.218s][debug][gc,refine         ] Concurrent refinement: wanted 1, cards: 38912, predicted: 84518, time: 108.74ms
[10.282s][debug][gc,refine         ] Concurrent refinement: wanted 1, cards: 38912, predicted: 84518, time: 108.74ms
[10.345s][debug][gc,refine         ] Concurrent refinement: wanted 1, cards: 38912, predicted: 84518, time: 108.74ms
[10.408s][debug][gc,refine         ] Concurrent refinement: wanted 1, cards: 38912, predicted: 84518, time: 108.74ms
[10.463s][debug][gc,refine         ] Concurrent refinement: wanted 1, cards: 38912, predicted: 84518, time: 108.74ms
[10.525s][debug][gc,refine         ] Concurrent refinement: wanted 1, cards: 38912, predicted: 84518, time: 108.74ms
[10.589s][debug][gc,refine         ] Concurrent refinement: wanted 1, cards: 38912, predicted: 84518, time: 108.74ms
[10.654s][debug][gc,refine         ] Concurrent refinement: wanted 1, cards: 38912, predicted: 84518, time: 108.74ms
[10.716s][debug][gc,refine         ] Concurrent refinement: wanted 1, cards: 38912, predicted: 84518, time: 108.74ms
[10.779s][debug][gc,refine         ] Concurrent refinement: wanted 1, cards: 38912, predicted: 84518, time: 108.74ms
[10.842s][debug][gc,refine         ] Concurrent refinement: wanted 1, cards: 38912, predicted: 84518, time: 108.74ms
[10.904s][debug][gc,refine         ] Concurrent refinement: wanted 1, cards: 38912, predicted: 84518, time: 108.74ms
[10.968s][debug][gc,refine         ] Concurrent refinement: wanted 1, cards: 38912, predicted: 84518, time: 108.74ms
[11.020s][debug][gc,refine         ] Concurrent refinement: wanted 1, cards: 38912, predicted: 84518, time: 108.74ms
[11.084s][debug][gc,refine         ] Concurrent refinement: wanted 1, cards: 38912, predicted: 84518, time: 108.74ms
[11.148s][debug][gc,refine         ] Concurrent refinement: wanted 1, cards: 38912, predicted: 84518, time: 108.74ms
[11.148s][debug][gc,task,start     ] G1 Service Thread (Periodic GC Task) (run 7.353ms after schedule)
[11.148s][debug][gc,task           ] G1 Service Thread (Periodic GC Task) (run: 0.296ms) (cpu: 0.000ms)
[11.210s][debug][gc,refine         ] Concurrent refinement: wanted 1, cards: 38912, predicted: 84518, time: 108.74ms
[11.274s][debug][gc,refine         ] Concurrent refinement: wanted 1, cards: 38912, predicted: 84518, time: 108.74ms
[11.329s][debug][gc,refine         ] Concurrent refinement: wanted 1, cards: 38912, predicted: 84518, time: 108.74ms
[11.392s][debug][gc,refine         ] Concurrent refinement: wanted 1, cards: 38912, predicted: 84518, time: 108.74ms
[11.452s][debug][gc,refine         ] Concurrent refinement: wanted 1, cards: 38912, predicted: 84518, time: 108.74ms
[11.515s][debug][gc,refine         ] Concurrent refinement: wanted 1, cards: 38912, predicted: 84518, time: 108.74ms
[11.577s][debug][gc,refine         ] Concurrent refinement: wanted 1, cards: 38912, predicted: 84518, time: 108.74ms
[11.640s][debug][gc,refine         ] Concurrent refinement: wanted 1, cards: 38912, predicted: 84518, time: 108.74ms
[11.702s][debug][gc,refine         ] Concurrent refinement: wanted 1, cards: 38912, predicted: 84518, time: 108.74ms
[11.765s][debug][gc,refine         ] Concurrent refinement: wanted 1, cards: 38912, predicted: 84518, time: 108.74ms
[11.827s][debug][gc,refine         ] Concurrent refinement: wanted 1, cards: 38912, predicted: 84518, time: 108.74ms
[11.890s][debug][gc,refine         ] Concurrent refinement: wanted 1, cards: 38912, predicted: 84518, time: 108.74ms
[11.952s][debug][gc,refine         ] Concurrent refinement: wanted 1, cards: 38912, predicted: 84518, time: 108.74ms
[12.015s][debug][gc,refine         ] Concurrent refinement: wanted 1, cards: 38912, predicted: 84518, time: 108.74ms
[12.066s][debug][gc,refine         ] Concurrent refinement: wanted 1, cards: 38912, predicted: 84518, time: 108.74ms
[12.117s][debug][gc,refine         ] Concurrent refinement: wanted 1, cards: 38912, predicted: 84518, time: 108.74ms
[12.149s][debug][gc,task,start     ] G1 Service Thread (Periodic GC Task) (run 0.537ms after schedule)
[12.149s][debug][gc,task           ] G1 Service Thread (Periodic GC Task) (run: 0.116ms) (cpu: 0.000ms)
[12.181s][debug][gc,refine         ] Concurrent refinement: wanted 1, cards: 38912, predicted: 84518, time: 108.74ms
[12.243s][debug][gc,refine         ] Concurrent refinement: wanted 1, cards: 38912, predicted: 84518, time: 108.74ms
[12.307s][debug][gc,refine         ] Concurrent refinement: wanted 1, cards: 38912, predicted: 84518, time: 108.74ms
[12.371s][debug][gc,refine         ] Concurrent refinement: wanted 1, cards: 38912, predicted: 84518, time: 108.74ms
[12.434s][debug][gc,refine         ] Concurrent refinement: wanted 1, cards: 38912, predicted: 84518, time: 108.74ms
[12.497s][debug][gc,refine         ] Concurrent refinement: wanted 1, cards: 38912, predicted: 84518, time: 108.74ms
[12.549s][debug][gc,refine         ] Concurrent refinement: wanted 1, cards: 38912, predicted: 84518, time: 108.74ms
[12.613s][debug][gc,refine         ] Concurrent refinement: wanted 1, cards: 38912, predicted: 84518, time: 108.74ms
[12.675s][debug][gc,refine         ] Concurrent refinement: wanted 1, cards: 38912, predicted: 84518, time: 108.74ms
[12.737s][debug][gc,refine         ] Concurrent refinement: wanted 1, cards: 38912, predicted: 84518, time: 108.74ms
[12.801s][debug][gc,refine         ] Concurrent refinement: wanted 1, cards: 38912, predicted: 84518, time: 108.74ms
[12.863s][debug][gc,refine         ] Concurrent refinement: wanted 1, cards: 38912, predicted: 84518, time: 108.74ms
[12.926s][debug][gc,refine         ] Concurrent refinement: wanted 1, cards: 38912, predicted: 84518, time: 108.74ms
[12.989s][debug][gc,refine         ] Concurrent refinement: wanted 1, cards: 38912, predicted: 84518, time: 108.74ms
[13.051s][debug][gc,refine         ] Concurrent refinement: wanted 1, cards: 38912, predicted: 84518, time: 108.74ms
[13.115s][debug][gc,refine         ] Concurrent refinement: wanted 1, cards: 38912, predicted: 84518, time: 108.74ms
[13.161s][debug][gc,task,start     ] G1 Service Thread (Periodic GC Task) (run 12.670ms after schedule)
[13.161s][debug][gc,task           ] G1 Service Thread (Periodic GC Task) (run: 0.126ms) (cpu: 0.000ms)
[13.177s][debug][gc,refine         ] Concurrent refinement: wanted 1, cards: 38912, predicted: 84518, time: 108.74ms
[13.241s][debug][gc,refine         ] Concurrent refinement: wanted 1, cards: 38912, predicted: 84518, time: 108.74ms
[13.305s][debug][gc,refine         ] Concurrent refinement: wanted 1, cards: 38912, predicted: 84518, time: 108.74ms
[13.369s][debug][gc,refine         ] Concurrent refinement: wanted 1, cards: 38912, predicted: 84518, time: 108.74ms
[13.432s][debug][gc,refine         ] Concurrent refinement: wanted 1, cards: 38912, predicted: 84518, time: 108.74ms
[13.495s][debug][gc,refine         ] Concurrent refinement: wanted 1, cards: 38912, predicted: 84518, time: 108.74ms
[13.550s][debug][gc,refine         ] Concurrent refinement: wanted 1, cards: 38912, predicted: 84518, time: 108.74ms
[13.613s][debug][gc,refine         ] Concurrent refinement: wanted 1, cards: 38912, predicted: 84518, time: 108.74ms
[13.667s][debug][gc,refine         ] Concurrent refinement: wanted 1, cards: 38912, predicted: 84518, time: 108.74ms
[13.729s][debug][gc,refine         ] Concurrent refinement: wanted 1, cards: 38912, predicted: 84518, time: 108.74ms
[13.793s][debug][gc,refine         ] Concurrent refinement: wanted 1, cards: 38912, predicted: 84518, time: 108.74ms
[13.855s][debug][gc,refine         ] Concurrent refinement: wanted 1, cards: 38912, predicted: 84518, time: 108.74ms
[13.919s][debug][gc,refine         ] Concurrent refinement: wanted 1, cards: 38912, predicted: 84518, time: 108.74ms
[13.981s][debug][gc,refine         ] Concurrent refinement: wanted 1, cards: 38912, predicted: 84518, time: 108.74ms
[14.035s][debug][gc,refine         ] Concurrent refinement: wanted 1, cards: 38912, predicted: 84518, time: 108.74ms
[14.099s][debug][gc,refine         ] Concurrent refinement: wanted 1, cards: 38912, predicted: 84518, time: 108.74ms
[14.161s][debug][gc,refine         ] Concurrent refinement: wanted 1, cards: 38912, predicted: 84518, time: 108.74ms
[14.177s][debug][gc,task,start     ] G1 Service Thread (Periodic GC Task) (run 15.255ms after schedule)
[14.177s][debug][gc,task           ] G1 Service Thread (Periodic GC Task) (run: 0.174ms) (cpu: 0.000ms)
[14.225s][debug][gc,refine         ] Concurrent refinement: wanted 1, cards: 38912, predicted: 84518, time: 108.74ms
[14.288s][debug][gc,refine         ] Concurrent refinement: wanted 1, cards: 38912, predicted: 84518, time: 108.74ms
[14.352s][debug][gc,refine         ] Concurrent refinement: wanted 1, cards: 38912, predicted: 84518, time: 108.74ms
[14.415s][debug][gc,refine         ] Concurrent refinement: wanted 1, cards: 38912, predicted: 84518, time: 108.74ms
[14.478s][debug][gc,refine         ] Concurrent refinement: wanted 1, cards: 38912, predicted: 84518, time: 108.74ms
[14.542s][debug][gc,refine         ] Concurrent refinement: wanted 1, cards: 38912, predicted: 84518, time: 108.74ms
[14.604s][debug][gc,refine         ] Concurrent refinement: wanted 1, cards: 38912, predicted: 84518, time: 108.74ms
[14.668s][debug][gc,refine         ] Concurrent refinement: wanted 1, cards: 38912, predicted: 84518, time: 108.74ms
[14.730s][debug][gc,refine         ] Concurrent refinement: wanted 1, cards: 38912, predicted: 84518, time: 108.74ms
[14.794s][debug][gc,refine         ] Concurrent refinement: wanted 1, cards: 38912, predicted: 84518, time: 108.74ms
[14.858s][debug][gc,refine         ] Concurrent refinement: wanted 1, cards: 38912, predicted: 84518, time: 108.74ms
[14.920s][debug][gc,refine         ] Concurrent refinement: wanted 1, cards: 38912, predicted: 84518, time: 108.74ms
[14.982s][debug][gc,refine         ] Concurrent refinement: wanted 1, cards: 38912, predicted: 84518, time: 108.74ms
[15.046s][debug][gc,refine         ] Concurrent refinement: wanted 1, cards: 38912, predicted: 84518, time: 108.74ms
[15.109s][debug][gc,refine         ] Concurrent refinement: wanted 1, cards: 38912, predicted: 84518, time: 108.74ms
[15.168s][debug][gc,refine         ] Concurrent refinement: wanted 1, cards: 38912, predicted: 84518, time: 108.74ms
[15.183s][debug][gc,task,start     ] G1 Service Thread (Periodic GC Task) (run 6.324ms after schedule)
[15.183s][debug][gc,task           ] G1 Service Thread (Periodic GC Task) (run: 0.133ms) (cpu: 0.000ms)
[15.230s][debug][gc,refine         ] Concurrent refinement: wanted 1, cards: 38912, predicted: 84518, time: 108.74ms
[15.293s][debug][gc,refine         ] Concurrent refinement: wanted 1, cards: 38912, predicted: 84518, time: 108.74ms
[15.357s][debug][gc,refine         ] Concurrent refinement: wanted 1, cards: 38912, predicted: 84518, time: 108.74ms
[15.419s][debug][gc,refine         ] Concurrent refinement: wanted 1, cards: 38912, predicted: 84518, time: 108.74ms
[15.473s][debug][gc,refine         ] Concurrent refinement: wanted 1, cards: 38912, predicted: 84518, time: 108.74ms
[15.536s][debug][gc,refine         ] Concurrent refinement: wanted 1, cards: 38912, predicted: 84518, time: 108.74ms
[15.595s][debug][gc,refine         ] Concurrent refinement: wanted 1, cards: 38912, predicted: 84518, time: 108.74ms
[15.658s][debug][gc,refine         ] Concurrent refinement: wanted 1, cards: 38912, predicted: 84518, time: 108.74ms
[15.722s][debug][gc,refine         ] Concurrent refinement: wanted 1, cards: 38912, predicted: 84518, time: 108.74ms
[15.786s][debug][gc,refine         ] Concurrent refinement: wanted 1, cards: 38912, predicted: 84518, time: 108.74ms
[15.849s][debug][gc,refine         ] Concurrent refinement: wanted 1, cards: 38912, predicted: 84518, time: 108.74ms
[15.912s][debug][gc,refine         ] Concurrent refinement: wanted 1, cards: 38912, predicted: 84518, time: 108.74ms
[15.974s][debug][gc,refine         ] Concurrent refinement: wanted 1, cards: 38912, predicted: 84518, time: 108.74ms
[16.036s][debug][gc,refine         ] Concurrent refinement: wanted 1, cards: 38912, predicted: 84518, time: 108.74ms
[16.100s][debug][gc,refine         ] Concurrent refinement: wanted 1, cards: 38912, predicted: 84518, time: 108.74ms
[16.162s][debug][gc,refine         ] Concurrent refinement: wanted 1, cards: 38912, predicted: 84518, time: 108.74ms
[16.194s][debug][gc,task,start     ] G1 Service Thread (Periodic GC Task) (run 10.702ms after schedule)
[16.194s][debug][gc,task           ] G1 Service Thread (Periodic GC Task) (run: 0.140ms) (cpu: 0.000ms)
[16.226s][debug][gc,refine         ] Concurrent refinement: wanted 1, cards: 38912, predicted: 84518, time: 108.74ms
[16.289s][debug][gc,refine         ] Concurrent refinement: wanted 1, cards: 38912, predicted: 84518, time: 108.74ms
[16.351s][debug][gc,refine         ] Concurrent refinement: wanted 1, cards: 38912, predicted: 84518, time: 108.74ms
[16.416s][debug][gc,refine         ] Concurrent refinement: wanted 1, cards: 38912, predicted: 84518, time: 108.74ms
[16.492s][debug][gc,refine         ] Concurrent refinement: wanted 1, cards: 38912, predicted: 84518, time: 108.74ms
[16.554s][debug][gc,refine         ] Concurrent refinement: wanted 1, cards: 38912, predicted: 84518, time: 108.74ms
[16.619s][debug][gc,refine         ] Concurrent refinement: wanted 1, cards: 38912, predicted: 84518, time: 108.74ms
[16.683s][debug][gc,refine         ] Concurrent refinement: wanted 1, cards: 38912, predicted: 84518, time: 108.74ms
[16.747s][debug][gc,refine         ] Concurrent refinement: wanted 1, cards: 38912, predicted: 84518, time: 108.74ms
[16.809s][debug][gc,refine         ] Concurrent refinement: wanted 1, cards: 38912, predicted: 84518, time: 108.74ms
[16.873s][debug][gc,refine         ] Concurrent refinement: wanted 1, cards: 38912, predicted: 84518, time: 108.74ms
[16.937s][debug][gc,refine         ] Concurrent refinement: wanted 1, cards: 38912, predicted: 84518, time: 108.74ms
[17.000s][debug][gc,refine         ] Concurrent refinement: wanted 1, cards: 38912, predicted: 84518, time: 108.74ms
[17.062s][debug][gc,refine         ] Concurrent refinement: wanted 1, cards: 38912, predicted: 84518, time: 108.74ms
[17.126s][debug][gc,refine         ] Concurrent refinement: wanted 1, cards: 38912, predicted: 84518, time: 108.74ms
[17.190s][debug][gc,refine         ] Concurrent refinement: wanted 1, cards: 38912, predicted: 84518, time: 108.74ms
[17.206s][debug][gc,task,start     ] G1 Service Thread (Periodic GC Task) (run 11.746ms after schedule)
[17.206s][debug][gc,task           ] G1 Service Thread (Periodic GC Task) (run: 0.160ms) (cpu: 0.000ms)
[17.253s][debug][gc,refine         ] Concurrent refinement: wanted 1, cards: 38912, predicted: 84518, time: 108.74ms
[17.315s][debug][gc,refine         ] Concurrent refinement: wanted 1, cards: 38912, predicted: 84518, time: 108.74ms
[17.379s][debug][gc,refine         ] Concurrent refinement: wanted 1, cards: 38912, predicted: 84518, time: 108.74ms
[17.441s][debug][gc,refine         ] Concurrent refinement: wanted 1, cards: 38912, predicted: 84518, time: 108.74ms
[17.505s][debug][gc,refine         ] Concurrent refinement: wanted 1, cards: 38912, predicted: 84518, time: 108.74ms
[17.568s][debug][gc,refine         ] Concurrent refinement: wanted 1, cards: 38912, predicted: 84518, time: 108.74ms
[17.631s][debug][gc,refine         ] Concurrent refinement: wanted 1, cards: 38912, predicted: 84518, time: 108.74ms
[17.695s][debug][gc,refine         ] Concurrent refinement: wanted 1, cards: 38912, predicted: 84518, time: 108.74ms
[17.757s][debug][gc,refine         ] Concurrent refinement: wanted 1, cards: 38912, predicted: 84518, time: 108.74ms
[17.821s][debug][gc,refine         ] Concurrent refinement: wanted 1, cards: 38912, predicted: 84518, time: 108.74ms
[17.884s][debug][gc,refine         ] Concurrent refinement: wanted 1, cards: 38912, predicted: 84518, time: 108.74ms
[17.960s][debug][gc,refine         ] Concurrent refinement: wanted 1, cards: 38912, predicted: 84518, time: 108.74ms
[18.023s][debug][gc,refine         ] Concurrent refinement: wanted 1, cards: 38912, predicted: 84518, time: 108.74ms
[18.087s][debug][gc,refine         ] Concurrent refinement: wanted 1, cards: 38912, predicted: 84518, time: 108.74ms
[18.137s][debug][gc,refine         ] Concurrent refinement: wanted 1, cards: 38912, predicted: 84518, time: 108.74ms
[18.199s][debug][gc,refine         ] Concurrent refinement: wanted 1, cards: 38912, predicted: 84518, time: 108.74ms
[18.215s][debug][gc,task,start     ] G1 Service Thread (Periodic GC Task) (run 8.763ms after schedule)
[18.215s][debug][gc,task           ] G1 Service Thread (Periodic GC Task) (run: 0.127ms) (cpu: 0.000ms)
[18.262s][debug][gc,refine         ] Concurrent refinement: wanted 1, cards: 38912, predicted: 84518, time: 108.74ms
[18.324s][debug][gc,refine         ] Concurrent refinement: wanted 1, cards: 38912, predicted: 84518, time: 108.74ms
[18.387s][debug][gc,refine         ] Concurrent refinement: wanted 1, cards: 38912, predicted: 84518, time: 108.74ms
[18.449s][debug][gc,refine         ] Concurrent refinement: wanted 1, cards: 38912, predicted: 84518, time: 108.74ms
[18.513s][debug][gc,refine         ] Concurrent refinement: wanted 1, cards: 38912, predicted: 84518, time: 108.74ms
[18.572s][debug][gc,refine         ] Concurrent refinement: wanted 1, cards: 38912, predicted: 84518, time: 108.74ms
[18.635s][debug][gc,refine         ] Concurrent refinement: wanted 1, cards: 38912, predicted: 84518, time: 108.74ms
[18.698s][debug][gc,refine         ] Concurrent refinement: wanted 1, cards: 38912, predicted: 84518, time: 108.74ms
[18.762s][debug][gc,refine         ] Concurrent refinement: wanted 1, cards: 38912, predicted: 84518, time: 108.74ms
[18.825s][debug][gc,refine         ] Concurrent refinement: wanted 1, cards: 38912, predicted: 84518, time: 108.74ms
[18.887s][debug][gc,refine         ] Concurrent refinement: wanted 1, cards: 38912, predicted: 84518, time: 108.74ms
[18.949s][debug][gc,refine         ] Concurrent refinement: wanted 1, cards: 38912, predicted: 84518, time: 108.74ms
[19.014s][debug][gc,refine         ] Concurrent refinement: wanted 1, cards: 38912, predicted: 84518, time: 108.74ms
[19.078s][debug][gc,refine         ] Concurrent refinement: wanted 1, cards: 38912, predicted: 84518, time: 108.74ms
[19.141s][debug][gc,refine         ] Concurrent refinement: wanted 1, cards: 38912, predicted: 84518, time: 108.74ms
[19.205s][debug][gc,refine         ] Concurrent refinement: wanted 1, cards: 38912, predicted: 84518, time: 108.74ms
[19.221s][debug][gc,task,start     ] G1 Service Thread (Periodic GC Task) (run 6.291ms after schedule)
[19.221s][debug][gc,task           ] G1 Service Thread (Periodic GC Task) (run: 0.136ms) (cpu: 0.000ms)
[19.269s][debug][gc,refine         ] Concurrent refinement: wanted 1, cards: 38912, predicted: 84518, time: 108.74ms
[19.333s][debug][gc,refine         ] Concurrent refinement: wanted 1, cards: 38912, predicted: 84518, time: 108.74ms
[19.397s][debug][gc,refine         ] Concurrent refinement: wanted 1, cards: 38912, predicted: 84518, time: 108.74ms
[19.459s][debug][gc,refine         ] Concurrent refinement: wanted 1, cards: 38912, predicted: 84518, time: 108.74ms
[19.524s][debug][gc,refine         ] Concurrent refinement: wanted 1, cards: 38912, predicted: 84518, time: 108.74ms
[19.587s][debug][gc,refine         ] Concurrent refinement: wanted 1, cards: 38912, predicted: 84518, time: 108.74ms
[19.652s][debug][gc,refine         ] Concurrent refinement: wanted 1, cards: 38912, predicted: 84518, time: 108.74ms
[19.716s][debug][gc,refine         ] Concurrent refinement: wanted 1, cards: 38912, predicted: 84518, time: 108.74ms
[19.778s][debug][gc,refine         ] Concurrent refinement: wanted 1, cards: 38912, predicted: 84518, time: 108.74ms
[19.842s][debug][gc,refine         ] Concurrent refinement: wanted 1, cards: 38912, predicted: 84518, time: 108.74ms
[19.906s][debug][gc,refine         ] Concurrent refinement: wanted 1, cards: 38912, predicted: 84518, time: 108.74ms
[19.968s][debug][gc,refine         ] Concurrent refinement: wanted 1, cards: 38912, predicted: 84518, time: 108.74ms
[20.031s][debug][gc,refine         ] Concurrent refinement: wanted 1, cards: 38912, predicted: 84518, time: 108.74ms
[20.095s][debug][gc,refine         ] Concurrent refinement: wanted 1, cards: 38912, predicted: 84518, time: 108.74ms
[20.159s][debug][gc,refine         ] Concurrent refinement: wanted 1, cards: 38912, predicted: 84518, time: 108.74ms
[20.222s][debug][gc,refine         ] Concurrent refinement: wanted 1, cards: 38912, predicted: 84518, time: 108.74ms
[20.222s][debug][gc,task,start     ] G1 Service Thread (Periodic GC Task) (run 0.149ms after schedule)
[20.222s][debug][gc,task           ] G1 Service Thread (Periodic GC Task) (run: 0.295ms) (cpu: 0.000ms)
[20.285s][debug][gc,refine         ] Concurrent refinement: wanted 1, cards: 38912, predicted: 84518, time: 108.74ms
[20.347s][debug][gc,refine         ] Concurrent refinement: wanted 1, cards: 38912, predicted: 84518, time: 108.74ms
[20.410s][debug][gc,refine         ] Concurrent refinement: wanted 1, cards: 38912, predicted: 84518, time: 108.74ms
[20.473s][debug][gc,refine         ] Concurrent refinement: wanted 1, cards: 38912, predicted: 84518, time: 108.74ms
[20.527s][debug][gc,refine         ] Concurrent refinement: wanted 1, cards: 38912, predicted: 84518, time: 108.74ms
[20.589s][debug][gc,refine         ] Concurrent refinement: wanted 1, cards: 38912, predicted: 84518, time: 108.74ms
[20.653s][debug][gc,refine         ] Concurrent refinement: wanted 1, cards: 38912, predicted: 84518, time: 108.74ms
[20.717s][debug][gc,refine         ] Concurrent refinement: wanted 1, cards: 38912, predicted: 84518, time: 108.74ms
[20.779s][debug][gc,refine         ] Concurrent refinement: wanted 1, cards: 38912, predicted: 84518, time: 108.74ms
[20.843s][debug][gc,refine         ] Concurrent refinement: wanted 1, cards: 38912, predicted: 84518, time: 108.74ms
[20.907s][debug][gc,refine         ] Concurrent refinement: wanted 1, cards: 38912, predicted: 84518, time: 108.74ms
[20.970s][debug][gc,refine         ] Concurrent refinement: wanted 1, cards: 38912, predicted: 84518, time: 108.74ms
[21.033s][debug][gc,refine         ] Concurrent refinement: wanted 1, cards: 38912, predicted: 84518, time: 108.74ms
[21.097s][debug][gc,refine         ] Concurrent refinement: wanted 1, cards: 38912, predicted: 84518, time: 108.74ms
[21.154s][debug][gc,refine         ] Concurrent refinement: wanted 1, cards: 38912, predicted: 84518, time: 108.74ms
[21.217s][debug][gc,refine         ] Concurrent refinement: wanted 1, cards: 38912, predicted: 84518, time: 108.74ms
[21.232s][debug][gc,task,start     ] G1 Service Thread (Periodic GC Task) (run 10.362ms after schedule)
[21.232s][debug][gc,task           ] G1 Service Thread (Periodic GC Task) (run: 0.183ms) (cpu: 0.000ms)
[21.279s][debug][gc,refine         ] Concurrent refinement: wanted 1, cards: 38912, predicted: 84518, time: 108.74ms
[21.341s][debug][gc,refine         ] Concurrent refinement: wanted 1, cards: 38912, predicted: 84518, time: 108.74ms
[21.405s][debug][gc,refine         ] Concurrent refinement: wanted 1, cards: 38912, predicted: 84518, time: 108.74ms
[21.467s][debug][gc,refine         ] Concurrent refinement: wanted 1, cards: 38912, predicted: 84518, time: 108.74ms
[21.527s][debug][gc,refine         ] Concurrent refinement: wanted 1, cards: 38912, predicted: 84518, time: 108.74ms
[21.589s][debug][gc,refine         ] Concurrent refinement: wanted 1, cards: 38912, predicted: 84518, time: 108.74ms
[21.651s][debug][gc,refine         ] Concurrent refinement: wanted 1, cards: 38912, predicted: 84518, time: 108.74ms
[21.714s][debug][gc,refine         ] Concurrent refinement: wanted 1, cards: 38912, predicted: 84518, time: 108.74ms
[21.777s][debug][gc,refine         ] Concurrent refinement: wanted 1, cards: 38912, predicted: 84518, time: 108.74ms
[21.839s][debug][gc,refine         ] Concurrent refinement: wanted 1, cards: 38912, predicted: 84518, time: 108.74ms
[21.902s][debug][gc,refine         ] Concurrent refinement: wanted 1, cards: 38912, predicted: 84518, time: 108.74ms
[21.964s][debug][gc,refine         ] Concurrent refinement: wanted 1, cards: 38912, predicted: 84518, time: 108.74ms
[22.027s][debug][gc,refine         ] Concurrent refinement: wanted 1, cards: 38912, predicted: 84518, time: 108.74ms
[22.089s][debug][gc,refine         ] Concurrent refinement: wanted 1, cards: 38912, predicted: 84518, time: 108.74ms
[22.152s][debug][gc,refine         ] Concurrent refinement: wanted 1, cards: 38912, predicted: 84517, time: 108.74ms
[22.214s][debug][gc,refine         ] Concurrent refinement: wanted 1, cards: 38912, predicted: 84289, time: 108.20ms
[22.245s][debug][gc,task,start     ] G1 Service Thread (Periodic GC Task) (run 12.815ms after schedule)
[22.245s][debug][gc,task           ] G1 Service Thread (Periodic GC Task) (run: 0.185ms) (cpu: 0.000ms)
[22.277s][debug][gc,refine         ] Concurrent refinement: wanted 1, cards: 38912, predicted: 84289, time: 108.20ms
[22.339s][debug][gc,refine         ] Concurrent refinement: wanted 1, cards: 38912, predicted: 84289, time: 108.20ms
[22.402s][debug][gc,refine         ] Concurrent refinement: wanted 1, cards: 38912, predicted: 84289, time: 108.20ms
[22.464s][debug][gc,refine         ] Concurrent refinement: wanted 1, cards: 38912, predicted: 84289, time: 108.20ms
[22.529s][debug][gc,refine         ] Concurrent refinement: wanted 1, cards: 38912, predicted: 84289, time: 108.20ms
[22.593s][debug][gc,refine         ] Concurrent refinement: wanted 1, cards: 38912, predicted: 84289, time: 108.20ms
[22.656s][debug][gc,refine         ] Concurrent refinement: wanted 1, cards: 38912, predicted: 84289, time: 108.20ms
[22.720s][debug][gc,refine         ] Concurrent refinement: wanted 1, cards: 38912, predicted: 84289, time: 108.20ms
[22.784s][debug][gc,refine         ] Concurrent refinement: wanted 1, cards: 38912, predicted: 84289, time: 108.20ms
[22.848s][debug][gc,refine         ] Concurrent refinement: wanted 1, cards: 38912, predicted: 84289, time: 108.20ms
[22.911s][debug][gc,refine         ] Concurrent refinement: wanted 1, cards: 38912, predicted: 84289, time: 108.20ms
[22.975s][debug][gc,refine         ] Concurrent refinement: wanted 1, cards: 38912, predicted: 84289, time: 108.20ms
[23.029s][debug][gc,refine         ] Concurrent refinement: wanted 1, cards: 38912, predicted: 84289, time: 108.20ms
[23.091s][debug][gc,refine         ] Concurrent refinement: wanted 1, cards: 38912, predicted: 84289, time: 108.20ms
[23.155s][debug][gc,refine         ] Concurrent refinement: wanted 1, cards: 38912, predicted: 84289, time: 108.20ms
[23.219s][debug][gc,refine         ] Concurrent refinement: wanted 1, cards: 38912, predicted: 84289, time: 108.20ms
[23.250s][debug][gc,task,start     ] G1 Service Thread (Periodic GC Task) (run 4.482ms after schedule)
[23.250s][debug][gc,task           ] G1 Service Thread (Periodic GC Task) (run: 0.161ms) (cpu: 0.000ms)
[23.281s][debug][gc,refine         ] Concurrent refinement: wanted 1, cards: 38912, predicted: 84289, time: 108.20ms
[23.344s][debug][gc,refine         ] Concurrent refinement: wanted 1, cards: 38912, predicted: 84289, time: 108.20ms
[23.408s][debug][gc,refine         ] Concurrent refinement: wanted 1, cards: 38912, predicted: 84289, time: 108.20ms
[23.472s][debug][gc,refine         ] Concurrent refinement: wanted 1, cards: 38912, predicted: 84289, time: 108.20ms
[23.531s][debug][gc,refine         ] Concurrent refinement: wanted 1, cards: 38912, predicted: 84289, time: 108.20ms
[23.594s][debug][gc,refine         ] Concurrent refinement: wanted 1, cards: 38912, predicted: 84289, time: 108.20ms
[23.657s][debug][gc,refine         ] Concurrent refinement: wanted 1, cards: 38912, predicted: 84289, time: 108.20ms
[23.711s][debug][gc,refine         ] Concurrent refinement: wanted 1, cards: 38912, predicted: 84289, time: 108.20ms
[23.763s][debug][gc,refine         ] Concurrent refinement: wanted 1, cards: 38912, predicted: 84289, time: 108.20ms
[23.815s][debug][gc,refine         ] Concurrent refinement: wanted 1, cards: 38912, predicted: 84289, time: 108.20ms
[23.875s][debug][gc,refine         ] Concurrent refinement: wanted 1, cards: 38912, predicted: 84289, time: 108.20ms
[23.938s][debug][gc,refine         ] Concurrent refinement: wanted 1, cards: 38912, predicted: 84289, time: 108.20ms
[24.000s][debug][gc,refine         ] Concurrent refinement: wanted 1, cards: 38912, predicted: 84289, time: 108.20ms
[24.063s][debug][gc,refine         ] Concurrent refinement: wanted 1, cards: 38912, predicted: 84289, time: 108.20ms
[24.125s][debug][gc,refine         ] Concurrent refinement: wanted 1, cards: 38912, predicted: 84289, time: 108.20ms
[24.177s][debug][gc,refine         ] Concurrent refinement: wanted 1, cards: 38912, predicted: 84289, time: 108.20ms
[24.230s][debug][gc,refine         ] Concurrent refinement: wanted 1, cards: 38912, predicted: 84289, time: 108.20ms
[24.260s][debug][gc,task,start     ] G1 Service Thread (Periodic GC Task) (run 9.507ms after schedule)
[24.260s][debug][gc,task           ] G1 Service Thread (Periodic GC Task) (run: 0.190ms) (cpu: 0.000ms)
[24.282s][debug][gc,refine         ] Concurrent refinement: wanted 1, cards: 38912, predicted: 84289, time: 108.20ms
[24.342s][debug][gc,refine         ] Concurrent refinement: wanted 1, cards: 38912, predicted: 84289, time: 108.20ms
[24.404s][debug][gc,refine         ] Concurrent refinement: wanted 1, cards: 38912, predicted: 84289, time: 108.20ms
[24.456s][debug][gc,refine         ] Concurrent refinement: wanted 1, cards: 38912, predicted: 84289, time: 108.20ms
[24.518s][debug][gc,refine         ] Concurrent refinement: wanted 1, cards: 38912, predicted: 84289, time: 108.20ms
[24.581s][debug][gc,refine         ] Concurrent refinement: wanted 1, cards: 38912, predicted: 84289, time: 108.20ms
[24.645s][debug][gc,refine         ] Concurrent refinement: wanted 1, cards: 38912, predicted: 84289, time: 108.20ms
[24.708s][debug][gc,refine         ] Concurrent refinement: wanted 1, cards: 38912, predicted: 84289, time: 108.20ms
[24.771s][debug][gc,refine         ] Concurrent refinement: wanted 1, cards: 38912, predicted: 84289, time: 108.20ms
[24.835s][debug][gc,refine         ] Concurrent refinement: wanted 1, cards: 38912, predicted: 84289, time: 108.20ms
[24.899s][debug][gc,refine         ] Concurrent refinement: wanted 1, cards: 38912, predicted: 84289, time: 108.20ms
[24.961s][debug][gc,refine         ] Concurrent refinement: wanted 1, cards: 38912, predicted: 84289, time: 108.20ms
[25.020s][debug][gc,refine         ] Concurrent refinement: wanted 1, cards: 38912, predicted: 84289, time: 108.20ms
[25.083s][debug][gc,refine         ] Concurrent refinement: wanted 1, cards: 38912, predicted: 84289, time: 108.20ms
[25.145s][debug][gc,refine         ] Concurrent refinement: wanted 1, cards: 38912, predicted: 84289, time: 108.20ms
[25.208s][debug][gc,refine         ] Concurrent refinement: wanted 1, cards: 38912, predicted: 84289, time: 108.20ms
[25.270s][debug][gc,task,start     ] G1 Service Thread (Periodic GC Task) (run 10.403ms after schedule)
[25.270s][debug][gc,refine         ] Concurrent refinement: wanted 1, cards: 38912, predicted: 84289, time: 108.20ms
[25.270s][debug][gc,task           ] G1 Service Thread (Periodic GC Task) (run: 0.189ms) (cpu: 0.000ms)
[25.333s][debug][gc,refine         ] Concurrent refinement: wanted 1, cards: 38912, predicted: 84289, time: 108.20ms
[25.396s][debug][gc,refine         ] Concurrent refinement: wanted 1, cards: 38912, predicted: 84289, time: 108.20ms
[25.459s][debug][gc,refine         ] Concurrent refinement: wanted 1, cards: 38912, predicted: 84289, time: 108.20ms
[25.524s][debug][gc,refine         ] Concurrent refinement: wanted 1, cards: 38912, predicted: 84289, time: 108.20ms
[25.588s][debug][gc,refine         ] Concurrent refinement: wanted 1, cards: 38912, predicted: 84289, time: 108.20ms
[25.647s][debug][gc,refine         ] Concurrent refinement: wanted 1, cards: 38912, predicted: 84289, time: 108.20ms
[25.711s][debug][gc,refine         ] Concurrent refinement: wanted 1, cards: 38912, predicted: 84289, time: 108.20ms
[25.770s][debug][gc,refine         ] Concurrent refinement: wanted 1, cards: 38912, predicted: 84289, time: 108.20ms
[25.824s][debug][gc,refine         ] Concurrent refinement: wanted 1, cards: 38912, predicted: 84289, time: 108.20ms
[25.886s][debug][gc,refine         ] Concurrent refinement: wanted 1, cards: 38912, predicted: 84289, time: 108.20ms
[25.949s][debug][gc,refine         ] Concurrent refinement: wanted 1, cards: 38912, predicted: 84289, time: 108.20ms
[26.011s][debug][gc,refine         ] Concurrent refinement: wanted 1, cards: 38912, predicted: 84289, time: 108.20ms
[26.077s][debug][gc,refine         ] Concurrent refinement: wanted 1, cards: 38912, predicted: 84289, time: 108.20ms
[26.127s][debug][gc,refine         ] Concurrent refinement: wanted 1, cards: 38912, predicted: 84289, time: 108.20ms
[26.178s][debug][gc,refine         ] Concurrent refinement: wanted 1, cards: 38912, predicted: 84289, time: 108.20ms
[26.234s][debug][gc,refine         ] Concurrent refinement: wanted 1, cards: 38912, predicted: 84289, time: 108.20ms
[26.283s][debug][gc,task,start     ] G1 Service Thread (Periodic GC Task) (run 12.160ms after schedule)
[26.283s][debug][gc,task           ] G1 Service Thread (Periodic GC Task) (run: 0.200ms) (cpu: 0.000ms)
[26.298s][debug][gc,refine         ] Concurrent refinement: wanted 1, cards: 38912, predicted: 84289, time: 108.20ms
[26.361s][debug][gc,refine         ] Concurrent refinement: wanted 1, cards: 38912, predicted: 84289, time: 108.20ms
[26.424s][debug][gc,refine         ] Concurrent refinement: wanted 1, cards: 38912, predicted: 84289, time: 108.20ms
[26.486s][debug][gc,refine         ] Concurrent refinement: wanted 1, cards: 38912, predicted: 84289, time: 108.20ms
[26.537s][debug][gc,refine         ] Concurrent refinement: wanted 1, cards: 38912, predicted: 84289, time: 108.20ms
[26.597s][debug][gc,refine         ] Concurrent refinement: wanted 1, cards: 38912, predicted: 84289, time: 108.20ms
[26.653s][debug][gc,refine         ] Concurrent refinement: wanted 1, cards: 38912, predicted: 84289, time: 108.20ms
[26.658s][debug][gc,refine         ] Stopping 0
[26.658s][debug][gc,task           ] G1 Service Thread (stopping)
[26.658s][info ][gc,heap,exit      ] Heap
[26.658s][info ][gc,heap,exit      ]  garbage-first heap   total 794624K, used 340801K [0x00000000a1e00000, 0x0000000100000000)
[26.658s][info ][gc,heap,exit      ]   region size 1024K, 3 young (3072K), 0 survivors (0K)
[26.658s][info ][gc,heap,exit      ]  Metaspace       used 950K, committed 1152K, reserved 1114112K
[26.658s][info ][gc,heap,exit      ]   class space    used 86K, committed 192K, reserved 1048576K
